C:/Users/ASUS/STM32CubeIDE/workspace_1.16.0/STM32CubeL4/Projects/B-L475E-IOT01A/Applications/WiFi/WiFi_Client_Server/Src/main.c:76:5:main	12
C:/Users/ASUS/STM32CubeIDE/workspace_1.16.0/STM32CubeL4/Projects/B-L475E-IOT01A/Applications/WiFi/WiFi_Client_Server/Src/main.c:268:13:SystemClock_Config	3
C:/Users/ASUS/STM32CubeIDE/workspace_1.16.0/STM32CubeL4/Projects/B-L475E-IOT01A/Applications/WiFi/WiFi_Client_Server/Src/main.c:311:1:__io_putchar	1
C:/Users/ASUS/STM32CubeIDE/workspace_1.16.0/STM32CubeL4/Projects/B-L475E-IOT01A/Applications/WiFi/WiFi_Client_Server/Src/main.c:346:6:HAL_GPIO_EXTI_Callback	6
C:/Users/ASUS/STM32CubeIDE/workspace_1.16.0/STM32CubeL4/Projects/B-L475E-IOT01A/Applications/WiFi/WiFi_Client_Server/Src/main.c:381:6:SPI3_IRQHandler	1
