C:/Users/ASUS/STM32CubeIDE/workspace_1.16.0/STM32CubeL4/Drivers/BSP/B-L475E-IOT01/stm32l475e_iot01_accelero.c:48:24:BSP_ACCELERO_Init	24	static
C:/Users/ASUS/STM32CubeIDE/workspace_1.16.0/STM32CubeL4/Drivers/BSP/B-L475E-IOT01/stm32l475e_iot01_accelero.c:89:6:BSP_ACCELERO_DeInit	8	static
C:/Users/ASUS/STM32CubeIDE/workspace_1.16.0/STM32CubeL4/Drivers/BSP/B-L475E-IOT01/stm32l475e_iot01_accelero.c:106:6:BSP_ACCELERO_LowPower	16	static
C:/Users/ASUS/STM32CubeIDE/workspace_1.16.0/STM32CubeL4/Drivers/BSP/B-L475E-IOT01/stm32l475e_iot01_accelero.c:124:6:BSP_ACCELERO_AccGetXYZ	16	static
