../Drivers/BSP/Components/lsm6dsl/lsm6dsl.c:94:6:LSM6DSL_AccInit	24	static
../Drivers/BSP/Components/lsm6dsl/lsm6dsl.c:121:6:LSM6DSL_AccDeInit	16	static
../Drivers/BSP/Components/lsm6dsl/lsm6dsl.c:142:9:LSM6DSL_AccReadID	8	static
../Drivers/BSP/Components/lsm6dsl/lsm6dsl.c:154:6:LSM6DSL_AccLowPower	24	static
../Drivers/BSP/Components/lsm6dsl/lsm6dsl.c:181:6:LSM6DSL_AccReadXYZ	40	static
../Drivers/BSP/Components/lsm6dsl/lsm6dsl.c:238:6:LSM6DSL_GyroInit	24	static
../Drivers/BSP/Components/lsm6dsl/lsm6dsl.c:266:6:LSM6DSL_GyroDeInit	16	static
../Drivers/BSP/Components/lsm6dsl/lsm6dsl.c:287:9:LSM6DSL_GyroReadID	8	static
../Drivers/BSP/Components/lsm6dsl/lsm6dsl.c:299:6:LSM6DSL_GyroLowPower	24	static
../Drivers/BSP/Components/lsm6dsl/lsm6dsl.c:326:6:LSM6DSL_GyroReadXYZAngRate	40	static
../Drivers/BSP/Components/lsm6dsl/lsm6dsl.c:388:6:SENSOR_IO_Init	8	static
../Drivers/BSP/Components/lsm6dsl/lsm6dsl.c:397:6:SENSOR_IO_DeInit	8	static
../Drivers/BSP/Components/lsm6dsl/lsm6dsl.c:409:6:SENSOR_IO_Write	24	static
../Drivers/BSP/Components/lsm6dsl/lsm6dsl.c:420:9:SENSOR_IO_Read	32	static
../Drivers/BSP/Components/lsm6dsl/lsm6dsl.c:438:10:SENSOR_IO_ReadMultiple	24	static
../Drivers/BSP/Components/lsm6dsl/lsm6dsl.c:452:6:SENSOR_IO_WriteMultiple	24	static
../Drivers/BSP/Components/lsm6dsl/lsm6dsl.c:464:19:SENSOR_IO_IsDeviceReady	16	static
../Drivers/BSP/Components/lsm6dsl/lsm6dsl.c:474:6:SENSOR_IO_Delay	16	static
../Drivers/BSP/Components/lsm6dsl/lsm6dsl.c:479:13:I2Cx_MspInit	48	static
../Drivers/BSP/Components/lsm6dsl/lsm6dsl.c:521:13:I2Cx_MspDeInit	40	static
../Drivers/BSP/Components/lsm6dsl/lsm6dsl.c:535:13:I2Cx_Init	16	static
../Drivers/BSP/Components/lsm6dsl/lsm6dsl.c:560:13:I2Cx_DeInit	16	static
../Drivers/BSP/Components/lsm6dsl/lsm6dsl.c:566:26:I2Cx_ReadMultiple	48	static
../Drivers/BSP/Components/lsm6dsl/lsm6dsl.c:592:26:I2Cx_WriteMultiple	48	static
../Drivers/BSP/Components/lsm6dsl/lsm6dsl.c:615:26:I2Cx_IsDeviceReady	24	static
../Drivers/BSP/Components/lsm6dsl/lsm6dsl.c:626:13:I2Cx_Error	16	static
