../Drivers/BSP/B-L475E-IOT01A1/b_l475e_iot01a1.c:94:9:BSP_GetVersion	4	static
../Drivers/BSP/B-L475E-IOT01A1/b_l475e_iot01a1.c:106:9:BSP_LED_Init	16	static
../Drivers/BSP/B-L475E-IOT01A1/b_l475e_iot01a1.c:121:9:BSP_LED_DeInit	40	static
../Drivers/BSP/B-L475E-IOT01A1/b_l475e_iot01a1.c:144:9:BSP_LED_On	16	static
../Drivers/BSP/B-L475E-IOT01A1/b_l475e_iot01a1.c:161:9:BSP_LED_Off	16	static
../Drivers/BSP/B-L475E-IOT01A1/b_l475e_iot01a1.c:178:9:BSP_LED_Toggle	16	static
../Drivers/BSP/B-L475E-IOT01A1/b_l475e_iot01a1.c:195:9:BSP_LED_GetState	16	static
../Drivers/BSP/B-L475E-IOT01A1/b_l475e_iot01a1.c:203:13:LED_USER_GPIO_Init	40	static
../Drivers/BSP/B-L475E-IOT01A1/b_l475e_iot01a1.c:237:9:BSP_PB_Init	24	static
../Drivers/BSP/B-L475E-IOT01A1/b_l475e_iot01a1.c:277:9:BSP_PB_DeInit	40	static
../Drivers/BSP/B-L475E-IOT01A1/b_l475e_iot01a1.c:295:9:BSP_PB_GetState	16	static
../Drivers/BSP/B-L475E-IOT01A1/b_l475e_iot01a1.c:304:6:BSP_PB_IRQHandler	16	static
../Drivers/BSP/B-L475E-IOT01A1/b_l475e_iot01a1.c:314:13:BSP_PB_Callback	16	static
../Drivers/BSP/B-L475E-IOT01A1/b_l475e_iot01a1.c:327:13:BUTTON_USER_EXTI_Callback	8	static
../Drivers/BSP/B-L475E-IOT01A1/b_l475e_iot01a1.c:336:13:BUTTON_USER_GPIO_Init	40	static
../Drivers/BSP/B-L475E-IOT01A1/b_l475e_iot01a1.c:363:9:BSP_COM_Init	24	static
../Drivers/BSP/B-L475E-IOT01A1/b_l475e_iot01a1.c:401:9:BSP_COM_DeInit	24	static
../Drivers/BSP/B-L475E-IOT01A1/b_l475e_iot01a1.c:438:26:MX_USART1_UART_Init	24	static
../Drivers/BSP/B-L475E-IOT01A1/b_l475e_iot01a1.c:542:9:BSP_COM_SelectLogPort	16	static
../Drivers/BSP/B-L475E-IOT01A1/b_l475e_iot01a1.c:588:5:__io_putchar	16	static
../Drivers/BSP/B-L475E-IOT01A1/b_l475e_iot01a1.c:601:13:USART1_MspInit	184	static
../Drivers/BSP/B-L475E-IOT01A1/b_l475e_iot01a1.c:642:13:USART1_MspDeInit	16	static
