C:/Users/ASUS/STM32CubeIDE/workspace_1.16.0/STM32CubeL4/Projects/B-L475E-IOT01A/Applications/WiFi/Common/Src/es_wifi_io.c:72:6:SPI_WIFI_MspInit	56	static
C:/Users/ASUS/STM32CubeIDE/workspace_1.16.0/STM32CubeL4/Projects/B-L475E-IOT01A/Applications/WiFi/Common/Src/es_wifi_io.c:144:8:SPI_WIFI_Init	24	static
C:/Users/ASUS/STM32CubeIDE/workspace_1.16.0/STM32CubeL4/Projects/B-L475E-IOT01A/Applications/WiFi/Common/Src/es_wifi_io.c:200:8:SPI_WIFI_ResetModule	24	static
C:/Users/ASUS/STM32CubeIDE/workspace_1.16.0/STM32CubeL4/Projects/B-L475E-IOT01A/Applications/WiFi/Common/Src/es_wifi_io.c:242:8:SPI_WIFI_DeInit	8	static
C:/Users/ASUS/STM32CubeIDE/workspace_1.16.0/STM32CubeL4/Projects/B-L475E-IOT01A/Applications/WiFi/Common/Src/es_wifi_io.c:264:12:wait_cmddata_rdy_high	24	static
C:/Users/ASUS/STM32CubeIDE/workspace_1.16.0/STM32CubeL4/Projects/B-L475E-IOT01A/Applications/WiFi/Common/Src/es_wifi_io.c:278:12:wait_cmddata_rdy_rising_event	24	static
C:/Users/ASUS/STM32CubeIDE/workspace_1.16.0/STM32CubeL4/Projects/B-L475E-IOT01A/Applications/WiFi/Common/Src/es_wifi_io.c:296:12:wait_spi_rx_event	24	static
C:/Users/ASUS/STM32CubeIDE/workspace_1.16.0/STM32CubeL4/Projects/B-L475E-IOT01A/Applications/WiFi/Common/Src/es_wifi_io.c:314:12:wait_spi_tx_event	24	static
C:/Users/ASUS/STM32CubeIDE/workspace_1.16.0/STM32CubeL4/Projects/B-L475E-IOT01A/Applications/WiFi/Common/Src/es_wifi_io.c:332:9:SPI_WIFI_ReceiveData	32	static
C:/Users/ASUS/STM32CubeIDE/workspace_1.16.0/STM32CubeL4/Projects/B-L475E-IOT01A/Applications/WiFi/Common/Src/es_wifi_io.c:392:9:SPI_WIFI_SendData	32	static
C:/Users/ASUS/STM32CubeIDE/workspace_1.16.0/STM32CubeL4/Projects/B-L475E-IOT01A/Applications/WiFi/Common/Src/es_wifi_io.c:440:6:SPI_WIFI_Delay	16	static
C:/Users/ASUS/STM32CubeIDE/workspace_1.16.0/STM32CubeL4/Projects/B-L475E-IOT01A/Applications/WiFi/Common/Src/es_wifi_io.c:450:6:SPI_WIFI_DelayUs	32	static
C:/Users/ASUS/STM32CubeIDE/workspace_1.16.0/STM32CubeL4/Projects/B-L475E-IOT01A/Applications/WiFi/Common/Src/es_wifi_io.c:482:6:HAL_SPI_RxCpltCallback	16	static
C:/Users/ASUS/STM32CubeIDE/workspace_1.16.0/STM32CubeL4/Projects/B-L475E-IOT01A/Applications/WiFi/Common/Src/es_wifi_io.c:497:6:HAL_SPI_TxCpltCallback	16	static
C:/Users/ASUS/STM32CubeIDE/workspace_1.16.0/STM32CubeL4/Projects/B-L475E-IOT01A/Applications/WiFi/Common/Src/es_wifi_io.c:512:9:SPI_WIFI_ISR	4	static
