../Core/Src/main.c:119:5:__io_putchar	16	static
../Core/Src/main.c:130:5:main	16	static
../Core/Src/main.c:218:6:SystemClock_Config	96	static
../Core/Src/main.c:279:13:MX_DFSDM1_Init	8	static
../Core/Src/main.c:317:13:MX_I2C2_Init	8	static
../Core/Src/main.c:365:13:MX_QUADSPI_Init	8	static
../Core/Src/main.c:398:13:MX_SPI3_Init	8	static
../Core/Src/main.c:438:13:MX_USART1_UART_Init	8	static
../Core/Src/main.c:473:13:MX_USART3_UART_Init	8	static
../Core/Src/main.c:508:13:MX_USB_OTG_FS_PCD_Init	8	static
../Core/Src/main.c:543:13:MX_GPIO_Init	48	static
../Core/Src/main.c:730:6:arm_fir_example	16	static
../Core/Src/main.c:775:6:my_fir_test	16	static
../Core/Src/main.c:803:6:Error_Handler	4	static,ignoring_inline_asm
