../Core/Src/main.c:119:5:__io_putchar	1
../Core/Src/main.c:130:5:main	5
../Core/Src/main.c:218:6:SystemClock_Config	4
../Core/Src/main.c:279:13:MX_DFSDM1_Init	2
../Core/Src/main.c:317:13:MX_I2C2_Init	4
../Core/Src/main.c:365:13:MX_QUADSPI_Init	2
../Core/Src/main.c:398:13:MX_SPI3_Init	2
../Core/Src/main.c:438:13:MX_USART1_UART_Init	2
../Core/Src/main.c:473:13:MX_USART3_UART_Init	2
../Core/Src/main.c:508:13:MX_USB_OTG_FS_PCD_Init	2
../Core/Src/main.c:543:13:MX_GPIO_Init	1
../Core/Src/main.c:730:6:arm_fir_example	4
../Core/Src/main.c:775:6:my_fir_test	3
../Core/Src/main.c:803:6:Error_Handler	1
