../Core/Src/stm32l4xx_hal_msp.c:66:6:HAL_MspInit	16	static
../Core/Src/stm32l4xx_hal_msp.c:89:6:HAL_ADC_MspInit	48	static
../Core/Src/stm32l4xx_hal_msp.c:132:6:HAL_ADC_MspDeInit	16	static
../Core/Src/stm32l4xx_hal_msp.c:169:6:HAL_DFSDM_ChannelMspInit	184	static
../Core/Src/stm32l4xx_hal_msp.c:218:6:HAL_DFSDM_ChannelMspDeInit	16	static
../Core/Src/stm32l4xx_hal_msp.c:248:6:HAL_I2C_MspInit	184	static
../Core/Src/stm32l4xx_hal_msp.c:295:6:HAL_I2C_MspDeInit	16	static
../Core/Src/stm32l4xx_hal_msp.c:326:6:HAL_QSPI_MspInit	48	static
../Core/Src/stm32l4xx_hal_msp.c:368:6:HAL_QSPI_MspDeInit	16	static
../Core/Src/stm32l4xx_hal_msp.c:402:6:HAL_TIM_Base_MspInit	56	static
../Core/Src/stm32l4xx_hal_msp.c:462:6:HAL_TIM_MspPostInit	40	static
../Core/Src/stm32l4xx_hal_msp.c:495:6:HAL_TIM_Base_MspDeInit	16	static
../Core/Src/stm32l4xx_hal_msp.c:553:6:HAL_UART_MspInit	192	static
../Core/Src/stm32l4xx_hal_msp.c:634:6:HAL_UART_MspDeInit	16	static
../Core/Src/stm32l4xx_hal_msp.c:681:6:HAL_PCD_MspInit	48	static
../Core/Src/stm32l4xx_hal_msp.c:737:6:HAL_PCD_MspDeInit	24	static
