Archive member included to satisfy reference by file (symbol)

C:/ST/STM32CubeIDE_1.16.0/STM32CubeIDE/plugins/com.st.stm32cube.ide.mcu.externaltools.gnu-tools-for-stm32.12.3.rel1.win32_1.0.200.202406191623/tools/bin/../lib/gcc/arm-none-eabi/12.3.1/../../../../arm-none-eabi/lib/thumb/v7e-m+fp/hard\libc_nano.a(libc_a-exit.o)
                              C:/ST/STM32CubeIDE_1.16.0/STM32CubeIDE/plugins/com.st.stm32cube.ide.mcu.externaltools.gnu-tools-for-stm32.12.3.rel1.win32_1.0.200.202406191623/tools/bin/../lib/gcc/arm-none-eabi/12.3.1/../../../../arm-none-eabi/lib/thumb/v7e-m+fp/hard/crt0.o (exit)
C:/ST/STM32CubeIDE_1.16.0/STM32CubeIDE/plugins/com.st.stm32cube.ide.mcu.externaltools.gnu-tools-for-stm32.12.3.rel1.win32_1.0.200.202406191623/tools/bin/../lib/gcc/arm-none-eabi/12.3.1/../../../../arm-none-eabi/lib/thumb/v7e-m+fp/hard\libc_nano.a(libc_a-findfp.o)
                              C:/ST/STM32CubeIDE_1.16.0/STM32CubeIDE/plugins/com.st.stm32cube.ide.mcu.externaltools.gnu-tools-for-stm32.12.3.rel1.win32_1.0.200.202406191623/tools/bin/../lib/gcc/arm-none-eabi/12.3.1/../../../../arm-none-eabi/lib/thumb/v7e-m+fp/hard\libc_nano.a(libc_a-exit.o) (__stdio_exit_handler)
C:/ST/STM32CubeIDE_1.16.0/STM32CubeIDE/plugins/com.st.stm32cube.ide.mcu.externaltools.gnu-tools-for-stm32.12.3.rel1.win32_1.0.200.202406191623/tools/bin/../lib/gcc/arm-none-eabi/12.3.1/../../../../arm-none-eabi/lib/thumb/v7e-m+fp/hard\libc_nano.a(libc_a-fwalk.o)
                              C:/ST/STM32CubeIDE_1.16.0/STM32CubeIDE/plugins/com.st.stm32cube.ide.mcu.externaltools.gnu-tools-for-stm32.12.3.rel1.win32_1.0.200.202406191623/tools/bin/../lib/gcc/arm-none-eabi/12.3.1/../../../../arm-none-eabi/lib/thumb/v7e-m+fp/hard\libc_nano.a(libc_a-findfp.o) (_fwalk_sglue)
C:/ST/STM32CubeIDE_1.16.0/STM32CubeIDE/plugins/com.st.stm32cube.ide.mcu.externaltools.gnu-tools-for-stm32.12.3.rel1.win32_1.0.200.202406191623/tools/bin/../lib/gcc/arm-none-eabi/12.3.1/../../../../arm-none-eabi/lib/thumb/v7e-m+fp/hard\libc_nano.a(libc_a-stdio.o)
                              C:/ST/STM32CubeIDE_1.16.0/STM32CubeIDE/plugins/com.st.stm32cube.ide.mcu.externaltools.gnu-tools-for-stm32.12.3.rel1.win32_1.0.200.202406191623/tools/bin/../lib/gcc/arm-none-eabi/12.3.1/../../../../arm-none-eabi/lib/thumb/v7e-m+fp/hard\libc_nano.a(libc_a-findfp.o) (__sread)
C:/ST/STM32CubeIDE_1.16.0/STM32CubeIDE/plugins/com.st.stm32cube.ide.mcu.externaltools.gnu-tools-for-stm32.12.3.rel1.win32_1.0.200.202406191623/tools/bin/../lib/gcc/arm-none-eabi/12.3.1/../../../../arm-none-eabi/lib/thumb/v7e-m+fp/hard\libc_nano.a(libc_a-memset.o)
                              C:/ST/STM32CubeIDE_1.16.0/STM32CubeIDE/plugins/com.st.stm32cube.ide.mcu.externaltools.gnu-tools-for-stm32.12.3.rel1.win32_1.0.200.202406191623/tools/bin/../lib/gcc/arm-none-eabi/12.3.1/../../../../arm-none-eabi/lib/thumb/v7e-m+fp/hard/crt0.o (memset)
C:/ST/STM32CubeIDE_1.16.0/STM32CubeIDE/plugins/com.st.stm32cube.ide.mcu.externaltools.gnu-tools-for-stm32.12.3.rel1.win32_1.0.200.202406191623/tools/bin/../lib/gcc/arm-none-eabi/12.3.1/../../../../arm-none-eabi/lib/thumb/v7e-m+fp/hard\libc_nano.a(libc_a-closer.o)
                              C:/ST/STM32CubeIDE_1.16.0/STM32CubeIDE/plugins/com.st.stm32cube.ide.mcu.externaltools.gnu-tools-for-stm32.12.3.rel1.win32_1.0.200.202406191623/tools/bin/../lib/gcc/arm-none-eabi/12.3.1/../../../../arm-none-eabi/lib/thumb/v7e-m+fp/hard\libc_nano.a(libc_a-stdio.o) (_close_r)
C:/ST/STM32CubeIDE_1.16.0/STM32CubeIDE/plugins/com.st.stm32cube.ide.mcu.externaltools.gnu-tools-for-stm32.12.3.rel1.win32_1.0.200.202406191623/tools/bin/../lib/gcc/arm-none-eabi/12.3.1/../../../../arm-none-eabi/lib/thumb/v7e-m+fp/hard\libc_nano.a(libc_a-reent.o)
                              C:/ST/STM32CubeIDE_1.16.0/STM32CubeIDE/plugins/com.st.stm32cube.ide.mcu.externaltools.gnu-tools-for-stm32.12.3.rel1.win32_1.0.200.202406191623/tools/bin/../lib/gcc/arm-none-eabi/12.3.1/../../../../arm-none-eabi/lib/thumb/v7e-m+fp/hard\libc_nano.a(libc_a-closer.o) (errno)
C:/ST/STM32CubeIDE_1.16.0/STM32CubeIDE/plugins/com.st.stm32cube.ide.mcu.externaltools.gnu-tools-for-stm32.12.3.rel1.win32_1.0.200.202406191623/tools/bin/../lib/gcc/arm-none-eabi/12.3.1/../../../../arm-none-eabi/lib/thumb/v7e-m+fp/hard\libc_nano.a(libc_a-impure.o)
                              C:/ST/STM32CubeIDE_1.16.0/STM32CubeIDE/plugins/com.st.stm32cube.ide.mcu.externaltools.gnu-tools-for-stm32.12.3.rel1.win32_1.0.200.202406191623/tools/bin/../lib/gcc/arm-none-eabi/12.3.1/../../../../arm-none-eabi/lib/thumb/v7e-m+fp/hard\libc_nano.a(libc_a-reent.o) (_impure_ptr)
C:/ST/STM32CubeIDE_1.16.0/STM32CubeIDE/plugins/com.st.stm32cube.ide.mcu.externaltools.gnu-tools-for-stm32.12.3.rel1.win32_1.0.200.202406191623/tools/bin/../lib/gcc/arm-none-eabi/12.3.1/../../../../arm-none-eabi/lib/thumb/v7e-m+fp/hard\libc_nano.a(libc_a-lseekr.o)
[...]
Memory Configuration

Name             Origin             Length             Attributes
RAM              0x20000000         0x00018000         xrw
RAM2             0x10000000         0x00008000         xrw
FLASH            0x08000000         0x00100000         xr
*default*        0x00000000         0xffffffff

Linker script and memory map

LOAD C:/ST/STM32CubeIDE_1.16.0/STM32CubeIDE/plugins/com.st.stm32cube.ide.mcu.externaltools.gnu-tools-for-stm32.12.3.rel1.win32_1.0.200.202406191623/tools/bin/../lib/gcc/arm-none-eabi/12.3.1/thumb/v7e-m+fp/hard/crti.o
LOAD C:/ST/STM32CubeIDE_1.16.0/STM32CubeIDE/plugins/com.st.stm32cube.ide.mcu.externaltools.gnu-tools-for-stm32.12.3.rel1.win32_1.0.200.202406191623/tools/bin/../lib/gcc/arm-none-eabi/12.3.1/thumb/v7e-m+fp/hard/crtbegin.o
LOAD C:/ST/STM32CubeIDE_1.16.0/STM32CubeIDE/plugins/com.st.stm32cube.ide.mcu.externaltools.gnu-tools-for-stm32.12.3.rel1.win32_1.0.200.202406191623/tools/bin/../lib/gcc/arm-none-eabi/12.3.1/../../../../arm-none-eabi/lib/thumb/v7e-m+fp/hard/crt0.o
LOAD ./Core/Src/freertos.o
LOAD ./Core/Src/main.o
LOAD ./Core/Src/stm32l4xx_hal_msp.o
LOAD ./Core/Src/stm32l4xx_it.o
LOAD ./Core/Src/syscalls.o
LOAD ./Core/Src/sysmem.o
LOAD ./Core/Src/system_stm32l4xx.o
LOAD ./Core/Startup/startup_stm32l475vgtx.o
LOAD ./Drivers/STM32L4xx_HAL_Driver/Src/stm32l4xx_hal.o
LOAD ./Drivers/STM32L4xx_HAL_Driver/Src/stm32l4xx_hal_cortex.o
LOAD ./Drivers/STM32L4xx_HAL_Driver/Src/stm32l4xx_hal_dma.o
LOAD ./Drivers/STM32L4xx_HAL_Driver/Src/stm32l4xx_hal_dma_ex.o
LOAD ./Drivers/STM32L4xx_HAL_Driver/Src/stm32l4xx_hal_exti.o
LOAD ./Drivers/STM32L4xx_HAL_Driver/Src/stm32l4xx_hal_flash.o
LOAD ./Drivers/STM32L4xx_HAL_Driver/Src/stm32l4xx_hal_flash_ex.o
LOAD ./Drivers/STM32L4xx_HAL_Driver/Src/stm32l4xx_hal_flash_ramfunc.o
LOAD ./Drivers/STM32L4xx_HAL_Driver/Src/stm32l4xx_hal_gpio.o
LOAD ./Drivers/STM32L4xx_HAL_Driver/Src/stm32l4xx_hal_i2c.o
LOAD ./Drivers/STM32L4xx_HAL_Driver/Src/stm32l4xx_hal_i2c_ex.o
LOAD ./Drivers/STM32L4xx_HAL_Driver/Src/stm32l4xx_hal_pwr.o
LOAD ./Drivers/STM32L4xx_HAL_Driver/Src/stm32l4xx_hal_pwr_ex.o
LOAD ./Drivers/STM32L4xx_HAL_Driver/Src/stm32l4xx_hal_rcc.o
LOAD ./Drivers/STM32L4xx_HAL_Driver/Src/stm32l4xx_hal_rcc_ex.o
LOAD ./Drivers/STM32L4xx_HAL_Driver/Src/stm32l4xx_hal_tim.o
LOAD ./Drivers/STM32L4xx_HAL_Driver/Src/stm32l4xx_hal_tim_ex.o
LOAD ./Middlewares/Third_Party/FreeRTOS/Source/CMSIS_RTOS_V2/cmsis_os2.o
LOAD ./Middlewares/Third_Party/FreeRTOS/Source/croutine.o
LOAD ./Middlewares/Third_Party/FreeRTOS/Source/event_groups.o
LOAD ./Middlewares/Third_Party/FreeRTOS/Source/list.o
LOAD ./Middlewares/Third_Party/FreeRTOS/Source/queue.o
LOAD ./Middlewares/Third_Party/FreeRTOS/Source/stream_buffer.o
LOAD ./Middlewares/Third_Party/FreeRTOS/Source/tasks.o
LOAD ./Middlewares/Third_Party/FreeRTOS/Source/timers.o
LOAD ./Middlewares/Third_Party/FreeRTOS/Source/portable/GCC/ARM_CM4F/port.o
LOAD ./Middlewares/Third_Party/FreeRTOS/Source/portable/MemMang/heap_4.o
START GROUP
LOAD C:/ST/STM32CubeIDE_1.16.0/STM32CubeIDE/plugins/com.st.stm32cube.ide.mcu.externaltools.gnu-tools-for-stm32.12.3.rel1.win32_1.0.200.202406191623/tools/bin/../lib/gcc/arm-none-eabi/12.3.1/../../../../arm-none-eabi/lib/thumb/v7e-m+fp/hard\libc_nano.a
LOAD C:/ST/STM32CubeIDE_1.16.0/STM32CubeIDE/plugins/com.st.stm32cube.ide.mcu.externaltools.gnu-tools-for-stm32.12.3.rel1.win32_1.0.200.202406191623/tools/bin/../lib/gcc/arm-none-eabi/12.3.1/../../../../arm-none-eabi/lib/thumb/v7e-m+fp/hard\libm.a
END GROUP
START GROUP
LOAD C:/ST/STM32CubeIDE_1.16.0/STM32CubeIDE/plugins/com.st.stm32cube.ide.mcu.externaltools.gnu-tools-for-stm32.12.3.rel1.win32_1.0.200.202406191623/tools/bin/../lib/gcc/arm-none-eabi/12.3.1/thumb/v7e-m+fp/hard\libgcc.a
LOAD C:/ST/STM32CubeIDE_1.16.0/STM32CubeIDE/plugins/com.st.stm32cube.ide.mcu.externaltools.gnu-tools-for-stm32.12.3.rel1.win32_1.0.200.202406191623/tools/bin/../lib/gcc/arm-none-eabi/12.3.1/../../../../arm-none-eabi/lib/thumb/v7e-m+fp/hard\libc_nano.a
END GROUP
START GROUP
LOAD C:/ST/STM32CubeIDE_1.16.0/STM32CubeIDE/plugins/com.st.stm32cube.ide.mcu.externaltools.gnu-tools-for-stm32.12.3.rel1.win32_1.0.200.202406191623/tools/bin/../lib/gcc/arm-none-eabi/12.3.1/thumb/v7e-m+fp/hard\libgcc.a
LOAD C:/ST/STM32CubeIDE_1.16.0/STM32CubeIDE/plugins/com.st.stm32cube.ide.mcu.externaltools.gnu-tools-for-stm32.12.3.rel1.win32_1.0.200.202406191623/tools/bin/../lib/gcc/arm-none-eabi/12.3.1/../../../../arm-none-eabi/lib/thumb/v7e-m+fp/hard\libc_nano.a
LOAD C:/ST/STM32CubeIDE_1.16.0/STM32CubeIDE/plugins/com.st.stm32cube.ide.mcu.externaltools.gnu-tools-for-stm32.12.3.rel1.win32_1.0.200.202406191623/tools/bin/../lib/gcc/arm-none-eabi/12.3.1/../../../../arm-none-eabi/lib/thumb/v7e-m+fp/hard\libnosys.a
END GROUP
START GROUP
LOAD C:/ST/STM32CubeIDE_1.16.0/STM32CubeIDE/plugins/com.st.stm32cube.ide.mcu.externaltools.gnu-tools-for-stm32.12.3.rel1.win32_1.0.200.202406191623/tools/bin/../lib/gcc/arm-none-eabi/12.3.1/thumb/v7e-m+fp/hard\libgcc.a
LOAD C:/ST/STM32CubeIDE_1.16.0/STM32CubeIDE/plugins/com.st.stm32cube.ide.mcu.externaltools.gnu-tools-for-stm32.12.3.rel1.win32_1.0.200.202406191623/tools/bin/../lib/gcc/arm-none-eabi/12.3.1/../../../../arm-none-eabi/lib/thumb/v7e-m+fp/hard\libc_nano.a
LOAD C:/ST/STM32CubeIDE_1.16.0/STM32CubeIDE/plugins/com.st.stm32cube.ide.mcu.externaltools.gnu-tools-for-stm32.12.3.rel1.win32_1.0.200.202406191623/tools/bin/../lib/gcc/arm-none-eabi/12.3.1/../../../../arm-none-eabi/lib/thumb/v7e-m+fp/hard\libnosys.a
END GROUP
LOAD C:/ST/STM32CubeIDE_1.16.0/STM32CubeIDE/plugins/com.st.stm32cube.ide.mcu.externaltools.gnu-tools-for-stm32.12.3.rel1.win32_1.0.200.202406191623/tools/bin/../lib/gcc/arm-none-eabi/12.3.1/thumb/v7e-m+fp/hard/crtend.o
LOAD C:/ST/STM32CubeIDE_1.16.0/STM32CubeIDE/plugins/com.st.stm32cube.ide.mcu.externaltools.gnu-tools-for-stm32.12.3.rel1.win32_1.0.200.202406191623/tools/bin/../lib/gcc/arm-none-eabi/12.3.1/thumb/v7e-m+fp/hard/crtn.o
                0x20018000                        _estack = (ORIGIN (RAM) + LENGTH (RAM))
                0x00000200                        _Min_Heap_Size = 0x200
                0x00000400                        _Min_Stack_Size = 0x400

.isr_vector     0x08000000      0x188
                0x08000000                        . = ALIGN (0x4)
 *(.isr_vector)
 .isr_vector    0x08000000      0x188 ./Core/Startup/startup_stm32l475vgtx.o
                0x08000000                g_pfnVectors
                0x08000188                        . = ALIGN (0x4)

.text           0x08000190     0x5e54
                0x08000190                        . = ALIGN (0x4)
 *(.text)
 .text          0x08000190       0x40 C:/ST/STM32CubeIDE_1.16.0/STM32CubeIDE/plugins/com.st.stm32cube.ide.mcu.externaltools.gnu-tools-for-stm32.12.3.rel1.win32_1.0.200.202406191623/tools/bin/../lib/gcc/arm-none-eabi/12.3.1/thumb/v7e-m+fp/hard/crtbegin.o
 *(.text*)
 .text.main     0x080001d0       0x80 ./Core/Src/main.o
                0x080001d0                main
 .text.SystemClock_Config
                0x08000250       0xa4 ./Core/Src/main.o
                0x08000250                SystemClock_Config
 .text.MX_TIM6_Init
                0x080002f4       0x70 ./Core/Src/main.o
 .text.MX_GPIO_Init
                0x08000364      0x474 ./Core/Src/main.o
 .text.HAL_GPIO_EXTI_Callback
                0x080007d8       0x60 ./Core/Src/main.o
                0x080007d8                HAL_GPIO_EXTI_Callback
 .text.HAL_TIM_PeriodElapsedCallback
                0x08000838       0x2c ./Core/Src/main.o
                0x08000838                HAL_TIM_PeriodElapsedCallback
 .text.StartTask_1
                0x08000864       0xf0 ./Core/Src/main.o
                0x08000864                StartTask_1
 .text.StartTask_2
                0x08000954       0x78 ./Core/Src/main.o
                0x08000954                StartTask_2
 .text.Error_Handler
                0x080009cc        0xc ./Core/Src/main.o
                0x080009cc                Error_Handler
 .text.HAL_MspInit
                0x080009d8       0x50 ./Core/Src/stm32l4xx_hal_msp.o
                0x080009d8                HAL_MspInit
 .text.HAL_TIM_Base_MspInit
                0x08000a28       0x4c ./Core/Src/stm32l4xx_hal_msp.o
                0x08000a28                HAL_TIM_Base_MspInit
 .text.NMI_Handler
                0x08000a74        0x8 ./Core/Src/stm32l4xx_it.o
                0x08000a74                NMI_Handler
 .text.HardFault_Handler
                0x08000a7c        0x8 ./Core/Src/stm32l4xx_it.o
                0x08000a7c                HardFault_Handler
 .text.MemManage_Handler
                0x08000a84        0x8 ./Core/Src/stm32l4xx_it.o
                0x08000a84                MemManage_Handler
 .text.BusFault_Handler
                0x08000a8c        0x8 ./Core/Src/stm32l4xx_it.o
                0x08000a8c                BusFault_Handler
 .text.UsageFault_Handler
                0x08000a94        0x8 ./Core/Src/stm32l4xx_it.o
                0x08000a94                UsageFault_Handler
 .text.DebugMon_Handler
                0x08000a9c        0xe ./Core/Src/stm32l4xx_it.o
                0x08000a9c                DebugMon_Handler
 .text.SysTick_Handler
                0x08000aaa       0x1a ./Core/Src/stm32l4xx_it.o
                0x08000aaa                SysTick_Handler
 .text.EXTI9_5_IRQHandler
                0x08000ac4       0x22 ./Core/Src/stm32l4xx_it.o
                0x08000ac4                EXTI9_5_IRQHandler
 .text.EXTI15_10_IRQHandler
                0x08000ae6       0x30 ./Core/Src/stm32l4xx_it.o
                0x08000ae6                EXTI15_10_IRQHandler
 *fill*         0x08000b16        0x2 
 .text.TIM6_DAC_IRQHandler
                0x08000b18       0x14 ./Core/Src/stm32l4xx_it.o
                0x08000b18                TIM6_DAC_IRQHandler
 .text.SystemInit
                0x08000b2c       0x24 ./Core/Src/system_stm32l4xx.o
                0x08000b2c                SystemInit
 .text.Reset_Handler
                0x08000b50       0x50 ./Core/Startup/startup_stm32l475vgtx.o
                0x08000b50                Reset_Handler
 .text.Default_Handler
                0x08000ba0        0x2 ./Core/Startup/startup_stm32l475vgtx.o
                0x08000ba0                RTC_Alarm_IRQHandler
                0x08000ba0                EXTI2_IRQHandler
                0x08000ba0                TIM8_TRG_COM_IRQHandler
                0x08000ba0                TIM8_CC_IRQHandler
                0x08000ba0                TIM1_CC_IRQHandler
                0x08000ba0                TSC_IRQHandler
                0x08000ba0                TAMP_STAMP_IRQHandler
                0x08000ba0                EXTI3_IRQHandler
                0x08000ba0                LPTIM2_IRQHandler
                0x08000ba0                DFSDM1_FLT1_IRQHandler
                0x08000ba0                I2C3_ER_IRQHandler
                0x08000ba0                DFSDM1_FLT2_IRQHandler
                0x08000ba0                EXTI0_IRQHandler
                0x08000ba0                I2C2_EV_IRQHandler
                0x08000ba0                CAN1_RX0_IRQHandler
                0x08000ba0                FPU_IRQHandler
                0x08000ba0                TIM1_UP_TIM16_IRQHandler
                0x08000ba0                ADC1_2_IRQHandler
                0x08000ba0                SPI1_IRQHandler
                0x08000ba0                TIM8_UP_IRQHandler
                0x08000ba0                DMA2_Channel2_IRQHandler
                0x08000ba0                DMA1_Channel4_IRQHandler
                0x08000ba0                SAI2_IRQHandler
                0x08000ba0                DFSDM1_FLT3_IRQHandler
                0x08000ba0                USART3_IRQHandler
                0x08000ba0                DMA1_Channel7_IRQHandler
                0x08000ba0                CAN1_RX1_IRQHandler
                0x08000ba0                UART5_IRQHandler
                0x08000ba0                ADC3_IRQHandler
                0x08000ba0                TIM4_IRQHandler
                0x08000ba0                DMA2_Channel1_IRQHandler
                0x08000ba0                QUADSPI_IRQHandler
                0x08000ba0                I2C1_EV_IRQHandler
                0x08000ba0                DMA1_Channel6_IRQHandler
                0x08000ba0                UART4_IRQHandler
                0x08000ba0                DMA2_Channel4_IRQHandler
                0x08000ba0                TIM3_IRQHandler
                0x08000ba0                RCC_IRQHandler
                0x08000ba0                DMA1_Channel1_IRQHandler
                0x08000ba0                Default_Handler
                0x08000ba0                DMA2_Channel7_IRQHandler
                0x08000ba0                TIM7_IRQHandler
                0x08000ba0                SDMMC1_IRQHandler
                0x08000ba0                TIM5_IRQHandler
                0x08000ba0                I2C3_EV_IRQHandler
                0x08000ba0                RTC_WKUP_IRQHandler
                0x08000ba0                PVD_PVM_IRQHandler
                0x08000ba0                SPI2_IRQHandler
                0x08000ba0                CAN1_TX_IRQHandler
                0x08000ba0                DMA2_Channel5_IRQHandler
                0x08000ba0                DMA1_Channel5_IRQHandler
                0x08000ba0                EXTI4_IRQHandler
                0x08000ba0                RNG_IRQHandler
                0x08000ba0                TIM1_TRG_COM_TIM17_IRQHandler
                0x08000ba0                DMA1_Channel3_IRQHandler
                0x08000ba0                COMP_IRQHandler
                0x08000ba0                WWDG_IRQHandler
                0x08000ba0                LPUART1_IRQHandler
                0x08000ba0                DMA2_Channel6_IRQHandler
                0x08000ba0                TIM2_IRQHandler
                0x08000ba0                EXTI1_IRQHandler
                0x08000ba0                USART2_IRQHandler
                0x08000ba0                DFSDM1_FLT0_IRQHandler
                0x08000ba0                I2C2_ER_IRQHandler
                0x08000ba0                DMA1_Channel2_IRQHandler
                0x08000ba0                TIM8_BRK_IRQHandler
                0x08000ba0                CAN1_SCE_IRQHandler
                0x08000ba0                FLASH_IRQHandler
                0x08000ba0                USART1_IRQHandler
                0x08000ba0                OTG_FS_IRQHandler
                0x08000ba0                SPI3_IRQHandler
                0x08000ba0                I2C1_ER_IRQHandler
                0x08000ba0                FMC_IRQHandler
                0x08000ba0                SWPMI1_IRQHandler
                0x08000ba0                LPTIM1_IRQHandler
                0x08000ba0                SAI1_IRQHandler
                0x08000ba0                DMA2_Channel3_IRQHandler
                0x08000ba0                TIM1_BRK_TIM15_IRQHandler
 .text.HAL_Init
                0x08000ba2       0x30 ./Drivers/STM32L4xx_HAL_Driver/Src/stm32l4xx_hal.o
                0x08000ba2                HAL_Init
 *fill*         0x08000bd2        0x2 
 .text.HAL_InitTick
                0x08000bd4       0x78 ./Drivers/STM32L4xx_HAL_Driver/Src/stm32l4xx_hal.o
                0x08000bd4                HAL_InitTick
 .text.HAL_IncTick
                0x08000c4c       0x28 ./Drivers/STM32L4xx_HAL_Driver/Src/stm32l4xx_hal.o
                0x08000c4c                HAL_IncTick
 .text.HAL_GetTick
                0x08000c74       0x18 ./Drivers/STM32L4xx_HAL_Driver/Src/stm32l4xx_hal.o
                0x08000c74                HAL_GetTick
 .text.__NVIC_SetPriorityGrouping
                0x08000c8c       0x48 ./Drivers/STM32L4xx_HAL_Driver/Src/stm32l4xx_hal_cortex.o
 .text.__NVIC_GetPriorityGrouping
                0x08000cd4       0x1c ./Drivers/STM32L4xx_HAL_Driver/Src/stm32l4xx_hal_cortex.o
 .text.__NVIC_EnableIRQ
                0x08000cf0       0x3c ./Drivers/STM32L4xx_HAL_Driver/Src/stm32l4xx_hal_cortex.o
 .text.__NVIC_SetPriority
                0x08000d2c       0x54 ./Drivers/STM32L4xx_HAL_Driver/Src/stm32l4xx_hal_cortex.o
 .text.NVIC_EncodePriority
                0x08000d80       0x66 ./Drivers/STM32L4xx_HAL_Driver/Src/stm32l4xx_hal_cortex.o
 *fill*         0x08000de6        0x2 
 .text.SysTick_Config
                0x08000de8       0x44 ./Drivers/STM32L4xx_HAL_Driver/Src/stm32l4xx_hal_cortex.o
 .text.HAL_NVIC_SetPriorityGrouping
                0x08000e2c       0x16 ./Drivers/STM32L4xx_HAL_Driver/Src/stm32l4xx_hal_cortex.o
                0x08000e2c                HAL_NVIC_SetPriorityGrouping
 .text.HAL_NVIC_SetPriority
                0x08000e42       0x38 ./Drivers/STM32L4xx_HAL_Driver/Src/stm32l4xx_hal_cortex.o
                0x08000e42                HAL_NVIC_SetPriority
 .text.HAL_NVIC_EnableIRQ
                0x08000e7a       0x1c ./Drivers/STM32L4xx_HAL_Driver/Src/stm32l4xx_hal_cortex.o
                0x08000e7a                HAL_NVIC_EnableIRQ
 .text.HAL_SYSTICK_Config
                0x08000e96       0x18 ./Drivers/STM32L4xx_HAL_Driver/Src/stm32l4xx_hal_cortex.o
                0x08000e96                HAL_SYSTICK_Config
 *fill*         0x08000eae        0x2 
 .text.HAL_GPIO_Init
                0x08000eb0      0x354 ./Drivers/STM32L4xx_HAL_Driver/Src/stm32l4xx_hal_gpio.o
                0x08000eb0                HAL_GPIO_Init
 .text.HAL_GPIO_ReadPin
                0x08001204       0x30 ./Drivers/STM32L4xx_HAL_Driver/Src/stm32l4xx_hal_gpio.o
                0x08001204                HAL_GPIO_ReadPin
 .text.HAL_GPIO_WritePin
                0x08001234       0x30 ./Drivers/STM32L4xx_HAL_Driver/Src/stm32l4xx_hal_gpio.o
                0x08001234                HAL_GPIO_WritePin
 .text.HAL_GPIO_EXTI_IRQHandler
                0x08001264       0x30 ./Drivers/STM32L4xx_HAL_Driver/Src/stm32l4xx_hal_gpio.o
                0x08001264                HAL_GPIO_EXTI_IRQHandler
 .text.HAL_PWREx_GetVoltageRange
                0x08001294       0x1c ./Drivers/STM32L4xx_HAL_Driver/Src/stm32l4xx_hal_pwr_ex.o
                0x08001294                HAL_PWREx_GetVoltageRange
 .text.HAL_PWREx_ControlVoltageScaling
                0x080012b0       0xac ./Drivers/STM32L4xx_HAL_Driver/Src/stm32l4xx_hal_pwr_ex.o
                0x080012b0                HAL_PWREx_ControlVoltageScaling
 .text.HAL_RCC_OscConfig
                0x0800135c      0x7b8 ./Drivers/STM32L4xx_HAL_Driver/Src/stm32l4xx_hal_rcc.o
                0x0800135c                HAL_RCC_OscConfig
 .text.HAL_RCC_ClockConfig
                0x08001b14      0x200 ./Drivers/STM32L4xx_HAL_Driver/Src/stm32l4xx_hal_rcc.o
                0x08001b14                HAL_RCC_ClockConfig
 .text.HAL_RCC_GetSysClockFreq
                0x08001d14      0x118 ./Drivers/STM32L4xx_HAL_Driver/Src/stm32l4xx_hal_rcc.o
                0x08001d14                HAL_RCC_GetSysClockFreq
 .text.RCC_SetFlashLatencyFromMSIRange
                0x08001e2c       0xc0 ./Drivers/STM32L4xx_HAL_Driver/Src/stm32l4xx_hal_rcc.o
 .text.HAL_TIM_Base_Init
                0x08001eec       0xae ./Drivers/STM32L4xx_HAL_Driver/Src/stm32l4xx_hal_tim.o
                0x08001eec                HAL_TIM_Base_Init
 *fill*         0x08001f9a        0x2 
 .text.HAL_TIM_Base_Start_IT
                0x08001f9c       0xe0 ./Drivers/STM32L4xx_HAL_Driver/Src/stm32l4xx_hal_tim.o
                0x08001f9c                HAL_TIM_Base_Start_IT
 .text.HAL_TIM_IRQHandler
                0x0800207c      0x20e ./Drivers/STM32L4xx_HAL_Driver/Src/stm32l4xx_hal_tim.o
                0x0800207c                HAL_TIM_IRQHandler
 .text.HAL_TIM_OC_DelayElapsedCallback
                0x0800228a       0x14 ./Drivers/STM32L4xx_HAL_Driver/Src/stm32l4xx_hal_tim.o
                0x0800228a                HAL_TIM_OC_DelayElapsedCallback
 .text.HAL_TIM_IC_CaptureCallback
                0x0800229e       0x14 ./Drivers/STM32L4xx_HAL_Driver/Src/stm32l4xx_hal_tim.o
                0x0800229e                HAL_TIM_IC_CaptureCallback
 .text.HAL_TIM_PWM_PulseFinishedCallback
                0x080022b2       0x14 ./Drivers/STM32L4xx_HAL_Driver/Src/stm32l4xx_hal_tim.o
                0x080022b2                HAL_TIM_PWM_PulseFinishedCallback
 .text.HAL_TIM_TriggerCallback
                0x080022c6       0x14 ./Drivers/STM32L4xx_HAL_Driver/Src/stm32l4xx_hal_tim.o
                0x080022c6                HAL_TIM_TriggerCallback
 *fill*         0x080022da        0x2 
 .text.TIM_Base_SetConfig
                0x080022dc      0x14c ./Drivers/STM32L4xx_HAL_Driver/Src/stm32l4xx_hal_tim.o
                0x080022dc                TIM_Base_SetConfig
 .text.HAL_TIMEx_MasterConfigSynchronization
                0x08002428      0x110 ./Drivers/STM32L4xx_HAL_Driver/Src/stm32l4xx_hal_tim_ex.o
                0x08002428                HAL_TIMEx_MasterConfigSynchronization
 .text.HAL_TIMEx_CommutCallback
                0x08002538       0x14 ./Drivers/STM32L4xx_HAL_Driver/Src/stm32l4xx_hal_tim_ex.o
                0x08002538                HAL_TIMEx_CommutCallback
 .text.HAL_TIMEx_BreakCallback
                0x0800254c       0x14 ./Drivers/STM32L4xx_HAL_Driver/Src/stm32l4xx_hal_tim_ex.o
                0x0800254c                HAL_TIMEx_BreakCallback
 .text.HAL_TIMEx_Break2Callback
                0x08002560       0x14 ./Drivers/STM32L4xx_HAL_Driver/Src/stm32l4xx_hal_tim_ex.o
                0x08002560                HAL_TIMEx_Break2Callback
 .text.__NVIC_SetPriority
                0x08002574       0x54 ./Middlewares/Third_Party/FreeRTOS/Source/CMSIS_RTOS_V2/cmsis_os2.o
 .text.SVC_Setup
                0x080025c8       0x12 ./Middlewares/Third_Party/FreeRTOS/Source/CMSIS_RTOS_V2/cmsis_os2.o
 *fill*         0x080025da        0x2 
 .text.osKernelInitialize
                0x080025dc       0x48 ./Middlewares/Third_Party/FreeRTOS/Source/CMSIS_RTOS_V2/cmsis_os2.o
                0x080025dc                osKernelInitialize
 .text.osKernelStart
                0x08002624       0x4c ./Middlewares/Third_Party/FreeRTOS/Source/CMSIS_RTOS_V2/cmsis_os2.o
                0x08002624                osKernelStart
 .text.osThreadNew
                0x08002670      0x124 ./Middlewares/Third_Party/FreeRTOS/Source/CMSIS_RTOS_V2/cmsis_os2.o
                0x08002670                osThreadNew
 .text.osThreadFlagsSet
                0x08002794       0x9c ./Middlewares/Third_Party/FreeRTOS/Source/CMSIS_RTOS_V2/cmsis_os2.o
                0x08002794                osThreadFlagsSet
 .text.osThreadFlagsClear
                0x08002830       0x7c ./Middlewares/Third_Party/FreeRTOS/Source/CMSIS_RTOS_V2/cmsis_os2.o
                0x08002830                osThreadFlagsClear
 .text.osThreadFlagsWait
                0x080028ac      0x102 ./Middlewares/Third_Party/FreeRTOS/Source/CMSIS_RTOS_V2/cmsis_os2.o
                0x080028ac                osThreadFlagsWait
 .text.osDelay  0x080029ae       0x36 ./Middlewares/Third_Party/FreeRTOS/Source/CMSIS_RTOS_V2/cmsis_os2.o
                0x080029ae                osDelay
 .text.osMutexNew
                0x080029e4      0x10c ./Middlewares/Third_Party/FreeRTOS/Source/CMSIS_RTOS_V2/cmsis_os2.o
                0x080029e4                osMutexNew
 .text.osMutexAcquire
                0x08002af0       0x96 ./Middlewares/Third_Party/FreeRTOS/Source/CMSIS_RTOS_V2/cmsis_os2.o
                0x08002af0                osMutexAcquire
 .text.osMutexRelease
                0x08002b86       0x7a ./Middlewares/Third_Party/FreeRTOS/Source/CMSIS_RTOS_V2/cmsis_os2.o
                0x08002b86                osMutexRelease
 .text.vApplicationGetIdleTaskMemory
                0x08002c00       0x34 ./Middlewares/Third_Party/FreeRTOS/Source/CMSIS_RTOS_V2/cmsis_os2.o
                0x08002c00                vApplicationGetIdleTaskMemory
 .text.vApplicationGetTimerTaskMemory
                0x08002c34       0x34 ./Middlewares/Third_Party/FreeRTOS/Source/CMSIS_RTOS_V2/cmsis_os2.o
                0x08002c34                vApplicationGetTimerTaskMemory
 .text.vListInitialise
                0x08002c68       0x40 ./Middlewares/Third_Party/FreeRTOS/Source/list.o
                0x08002c68                vListInitialise
 .text.vListInitialiseItem
                0x08002ca8       0x1a ./Middlewares/Third_Party/FreeRTOS/Source/list.o
                0x08002ca8                vListInitialiseItem
 .text.vListInsertEnd
                0x08002cc2       0x48 ./Middlewares/Third_Party/FreeRTOS/Source/list.o
                0x08002cc2                vListInsertEnd
 .text.vListInsert
                0x08002d0a       0x72 ./Middlewares/Third_Party/FreeRTOS/Source/list.o
                0x08002d0a                vListInsert
 .text.uxListRemove
                0x08002d7c       0x54 ./Middlewares/Third_Party/FreeRTOS/Source/list.o
                0x08002d7c                uxListRemove
 .text.xQueueGenericReset
                0x08002dd0       0xd4 ./Middlewares/Third_Party/FreeRTOS/Source/queue.o
                0x08002dd0                xQueueGenericReset
 .text.xQueueGenericCreateStatic
                0x08002ea4       0xfa ./Middlewares/Third_Party/FreeRTOS/Source/queue.o
                0x08002ea4                xQueueGenericCreateStatic
 .text.xQueueGenericCreate
                0x08002f9e       0x76 ./Middlewares/Third_Party/FreeRTOS/Source/queue.o
                0x08002f9e                xQueueGenericCreate
 .text.prvInitialiseNewQueue
                0x08003014       0x46 ./Middlewares/Third_Party/FreeRTOS/Source/queue.o
 .text.prvInitialiseMutex
                0x0800305a       0x34 ./Middlewares/Third_Party/FreeRTOS/Source/queue.o
 .text.xQueueCreateMutex
                0x0800308e       0x30 ./Middlewares/Third_Party/FreeRTOS/Source/queue.o
                0x0800308e                xQueueCreateMutex
 .text.xQueueCreateMutexStatic
                0x080030be       0x36 ./Middlewares/Third_Party/FreeRTOS/Source/queue.o
                0x080030be                xQueueCreateMutexStatic
 .text.xQueueGiveMutexRecursive
                0x080030f4       0x6a ./Middlewares/Third_Party/FreeRTOS/Source/queue.o
                0x080030f4                xQueueGiveMutexRecursive
 .text.xQueueTakeMutexRecursive
                0x0800315e       0x6e ./Middlewares/Third_Party/FreeRTOS/Source/queue.o
                0x0800315e                xQueueTakeMutexRecursive
 .text.xQueueGenericSend
                0x080031cc      0x204 ./Middlewares/Third_Party/FreeRTOS/Source/queue.o
                0x080031cc                xQueueGenericSend
 .text.xQueueGenericSendFromISR
                0x080033d0      0x13c ./Middlewares/Third_Party/FreeRTOS/Source/queue.o
                0x080033d0                xQueueGenericSendFromISR
 .text.xQueueReceive
                0x0800350c      0x1c4 ./Middlewares/Third_Party/FreeRTOS/Source/queue.o
                0x0800350c                xQueueReceive
 .text.xQueueSemaphoreTake
                0x080036d0      0x220 ./Middlewares/Third_Party/FreeRTOS/Source/queue.o
                0x080036d0                xQueueSemaphoreTake
 .text.prvGetDisinheritPriorityAfterTimeout
                0x080038f0       0x30 ./Middlewares/Third_Party/FreeRTOS/Source/queue.o
 .text.prvCopyDataToQueue
                0x08003920       0xd4 ./Middlewares/Third_Party/FreeRTOS/Source/queue.o
 .text.prvCopyDataFromQueue
                0x080039f4       0x4c ./Middlewares/Third_Party/FreeRTOS/Source/queue.o
 .text.prvUnlockQueue
                0x08003a40       0xa4 ./Middlewares/Third_Party/FreeRTOS/Source/queue.o
 .text.prvIsQueueEmpty
                0x08003ae4       0x2c ./Middlewares/Third_Party/FreeRTOS/Source/queue.o
 .text.prvIsQueueFull
                0x08003b10       0x30 ./Middlewares/Third_Party/FreeRTOS/Source/queue.o
 .text.vQueueAddToRegistry
                0x08003b40       0x54 ./Middlewares/Third_Party/FreeRTOS/Source/queue.o
                0x08003b40                vQueueAddToRegistry
 .text.vQueueWaitForMessageRestricted
                0x08003b94       0x68 ./Middlewares/Third_Party/FreeRTOS/Source/queue.o
                0x08003b94                vQueueWaitForMessageRestricted
 .text.xTaskCreateStatic
                0x08003bfc       0xc0 ./Middlewares/Third_Party/FreeRTOS/Source/tasks.o
                0x08003bfc                xTaskCreateStatic
 .text.xTaskCreate
                0x08003cbc       0x8a ./Middlewares/Third_Party/FreeRTOS/Source/tasks.o
                0x08003cbc                xTaskCreate
 .text.prvInitialiseNewTask
                0x08003d46      0x120 ./Middlewares/Third_Party/FreeRTOS/Source/tasks.o
 *fill*         0x08003e66        0x2 
 .text.prvAddNewTaskToReadyList
                0x08003e68       0xe0 ./Middlewares/Third_Party/FreeRTOS/Source/tasks.o
 .text.vTaskDelay
                0x08003f48       0x6c ./Middlewares/Third_Party/FreeRTOS/Source/tasks.o
                0x08003f48                vTaskDelay
 .text.vTaskStartScheduler
                0x08003fb4       0xd0 ./Middlewares/Third_Party/FreeRTOS/Source/tasks.o
                0x08003fb4                vTaskStartScheduler
 .text.vTaskSuspendAll
                0x08004084       0x1c ./Middlewares/Third_Party/FreeRTOS/Source/tasks.o
                0x08004084                vTaskSuspendAll
 .text.xTaskResumeAll
                0x080040a0      0x13c ./Middlewares/Third_Party/FreeRTOS/Source/tasks.o
                0x080040a0                xTaskResumeAll
 .text.xTaskGetTickCount
                0x080041dc       0x20 ./Middlewares/Third_Party/FreeRTOS/Source/tasks.o
                0x080041dc                xTaskGetTickCount
 .text.xTaskIncrementTick
                0x080041fc      0x174 ./Middlewares/Third_Party/FreeRTOS/Source/tasks.o
                0x080041fc                xTaskIncrementTick
 .text.vTaskSwitchContext
                0x08004370       0xbc ./Middlewares/Third_Party/FreeRTOS/Source/tasks.o
                0x08004370                vTaskSwitchContext
 .text.vTaskPlaceOnEventList
                0x0800442c       0x4c ./Middlewares/Third_Party/FreeRTOS/Source/tasks.o
                0x0800442c                vTaskPlaceOnEventList
 .text.vTaskPlaceOnEventListRestricted
                0x08004478       0x58 ./Middlewares/Third_Party/FreeRTOS/Source/tasks.o
                0x08004478                vTaskPlaceOnEventListRestricted
 .text.xTaskRemoveFromEventList
                0x080044d0       0xc8 ./Middlewares/Third_Party/FreeRTOS/Source/tasks.o
                0x080044d0                xTaskRemoveFromEventList
 .text.vTaskInternalSetTimeOutState
                0x08004598       0x2c ./Middlewares/Third_Party/FreeRTOS/Source/tasks.o
                0x08004598                vTaskInternalSetTimeOutState
 .text.xTaskCheckForTimeOut
                0x080045c4       0xc8 ./Middlewares/Third_Party/FreeRTOS/Source/tasks.o
                0x080045c4                xTaskCheckForTimeOut
 .text.vTaskMissedYield
                0x0800468c       0x18 ./Middlewares/Third_Party/FreeRTOS/Source/tasks.o
                0x0800468c                vTaskMissedYield
 .text.prvIdleTask
                0x080046a4       0x30 ./Middlewares/Third_Party/FreeRTOS/Source/tasks.o
 .text.prvInitialiseTaskLists
                0x080046d4       0x80 ./Middlewares/Third_Party/FreeRTOS/Source/tasks.o
 .text.prvCheckTasksWaitingTermination
                0x08004754       0x5c ./Middlewares/Third_Party/FreeRTOS/Source/tasks.o
 .text.prvDeleteTCB
                0x080047b0       0x60 ./Middlewares/Third_Party/FreeRTOS/Source/tasks.o
 .text.prvResetNextTaskUnblockTime
                0x08004810       0x40 ./Middlewares/Third_Party/FreeRTOS/Source/tasks.o
 .text.xTaskGetCurrentTaskHandle
                0x08004850       0x20 ./Middlewares/Third_Party/FreeRTOS/Source/tasks.o
                0x08004850                xTaskGetCurrentTaskHandle
 .text.xTaskGetSchedulerState
                0x08004870       0x3c ./Middlewares/Third_Party/FreeRTOS/Source/tasks.o
                0x08004870                xTaskGetSchedulerState
 .text.xTaskPriorityInherit
                0x080048ac       0xd0 ./Middlewares/Third_Party/FreeRTOS/Source/tasks.o
                0x080048ac                xTaskPriorityInherit
 .text.xTaskPriorityDisinherit
                0x0800497c       0xe0 ./Middlewares/Third_Party/FreeRTOS/Source/tasks.o
                0x0800497c                xTaskPriorityDisinherit
 .text.vTaskPriorityDisinheritAfterTimeout
                0x08004a5c      0x108 ./Middlewares/Third_Party/FreeRTOS/Source/tasks.o
                0x08004a5c                vTaskPriorityDisinheritAfterTimeout
 .text.pvTaskIncrementMutexHeldCount
                0x08004b64       0x28 ./Middlewares/Third_Party/FreeRTOS/Source/tasks.o
                0x08004b64                pvTaskIncrementMutexHeldCount
 .text.xTaskNotifyWait
                0x08004b8c       0xb4 ./Middlewares/Third_Party/FreeRTOS/Source/tasks.o
                0x08004b8c                xTaskNotifyWait
 .text.xTaskGenericNotify
                0x08004c40      0x174 ./Middlewares/Third_Party/FreeRTOS/Source/tasks.o
                0x08004c40                xTaskGenericNotify
 .text.xTaskGenericNotifyFromISR
                0x08004db4      0x1c0 ./Middlewares/Third_Party/FreeRTOS/Source/tasks.o
                0x08004db4                xTaskGenericNotifyFromISR
 .text.prvAddCurrentTaskToDelayedList
                0x08004f74       0xa8 ./Middlewares/Third_Party/FreeRTOS/Source/tasks.o
 .text.xTimerCreateTimerTask
                0x0800501c       0x94 ./Middlewares/Third_Party/FreeRTOS/Source/timers.o
                0x0800501c                xTimerCreateTimerTask
 .text.xTimerGenericCommand
                0x080050b0       0x9c ./Middlewares/Third_Party/FreeRTOS/Source/timers.o
                0x080050b0                xTimerGenericCommand
 .text.prvProcessExpiredTimer
                0x0800514c       0x9c ./Middlewares/Third_Party/FreeRTOS/Source/timers.o
 .text.prvTimerTask
                0x080051e8       0x26 ./Middlewares/Third_Party/FreeRTOS/Source/timers.o
 *fill*         0x0800520e        0x2 
 .text.prvProcessTimerOrBlockTask
                0x08005210       0x9c ./Middlewares/Third_Party/FreeRTOS/Source/timers.o
 .text.prvGetNextExpireTime
                0x080052ac       0x48 ./Middlewares/Third_Party/FreeRTOS/Source/timers.o
 .text.prvSampleTimeNow
                0x080052f4       0x40 ./Middlewares/Third_Party/FreeRTOS/Source/timers.o
 .text.prvInsertTimerInActiveList
                0x08005334       0x84 ./Middlewares/Third_Party/FreeRTOS/Source/timers.o
 .text.prvProcessReceivedCommands
                0x080053b8      0x1cc ./Middlewares/Third_Party/FreeRTOS/Source/timers.o
 .text.prvSwitchTimerLists
                0x08005584       0xcc ./Middlewares/Third_Party/FreeRTOS/Source/timers.o
 .text.prvCheckForValidListAndQueue
                0x08005650       0x80 ./Middlewares/Third_Party/FreeRTOS/Source/timers.o
 .text.pxPortInitialiseStack
                0x080056d0       0x68 ./Middlewares/Third_Party/FreeRTOS/Source/portable/GCC/ARM_CM4F/port.o
                0x080056d0                pxPortInitialiseStack
 .text.prvTaskExitError
                0x08005738       0x5c ./Middlewares/Third_Party/FreeRTOS/Source/portable/GCC/ARM_CM4F/port.o
 *fill*         0x08005794        0xc 
 .text.SVC_Handler
                0x080057a0       0x28 ./Middlewares/Third_Party/FreeRTOS/Source/portable/GCC/ARM_CM4F/port.o
                0x080057a0                SVC_Handler
 .text.prvPortStartFirstTask
                0x080057c8       0x28 ./Middlewares/Third_Party/FreeRTOS/Source/portable/GCC/ARM_CM4F/port.o
 .text.xPortStartScheduler
                0x080057f0      0x148 ./Middlewares/Third_Party/FreeRTOS/Source/portable/GCC/ARM_CM4F/port.o
                0x080057f0                xPortStartScheduler
 .text.vPortEnterCritical
                0x08005938       0x64 ./Middlewares/Third_Party/FreeRTOS/Source/portable/GCC/ARM_CM4F/port.o
                0x08005938                vPortEnterCritical
 .text.vPortExitCritical
                0x0800599c       0x54 ./Middlewares/Third_Party/FreeRTOS/Source/portable/GCC/ARM_CM4F/port.o
                0x0800599c                vPortExitCritical
 .text.PendSV_Handler
                0x080059f0       0x68 ./Middlewares/Third_Party/FreeRTOS/Source/portable/GCC/ARM_CM4F/port.o
                0x080059f0                PendSV_Handler
 .text.xPortSysTickHandler
                0x08005a58       0x44 ./Middlewares/Third_Party/FreeRTOS/Source/portable/GCC/ARM_CM4F/port.o
                0x08005a58                xPortSysTickHandler
 .text.vPortSetupTimerInterrupt
                0x08005a9c       0x48 ./Middlewares/Third_Party/FreeRTOS/Source/portable/GCC/ARM_CM4F/port.o
                0x08005a9c                vPortSetupTimerInterrupt
 .text.vPortEnableVFP
                0x08005ae4       0x14 ./Middlewares/Third_Party/FreeRTOS/Source/portable/GCC/ARM_CM4F/port.o
 .text.vPortValidateInterruptPriority
                0x08005af8       0x84 ./Middlewares/Third_Party/FreeRTOS/Source/portable/GCC/ARM_CM4F/port.o
                0x08005af8                vPortValidateInterruptPriority
 .text.pvPortMalloc
                0x08005b7c      0x19c ./Middlewares/Third_Party/FreeRTOS/Source/portable/MemMang/heap_4.o
                0x08005b7c                pvPortMalloc
 .text.vPortFree
                0x08005d18       0xc8 ./Middlewares/Third_Party/FreeRTOS/Source/portable/MemMang/heap_4.o
                0x08005d18                vPortFree
 .text.prvHeapInit
                0x08005de0       0xc4 ./Middlewares/Third_Party/FreeRTOS/Source/portable/MemMang/heap_4.o
 .text.prvInsertBlockIntoFreeList
                0x08005ea4       0xb4 ./Middlewares/Third_Party/FreeRTOS/Source/portable/MemMang/heap_4.o
 .text.memset   0x08005f58       0x10 C:/ST/STM32CubeIDE_1.16.0/STM32CubeIDE/plugins/com.st.stm32cube.ide.mcu.externaltools.gnu-tools-for-stm32.12.3.rel1.win32_1.0.200.202406191623/tools/bin/../lib/gcc/arm-none-eabi/12.3.1/../../../../arm-none-eabi/lib/thumb/v7e-m+fp/hard\libc_nano.a(libc_a-memset.o)
                0x08005f58                memset
 .text.__libc_init_array
                0x08005f68       0x48 C:/ST/STM32CubeIDE_1.16.0/STM32CubeIDE/plugins/com.st.stm32cube.ide.mcu.externaltools.gnu-tools-for-stm32.12.3.rel1.win32_1.0.200.202406191623/tools/bin/../lib/gcc/arm-none-eabi/12.3.1/../../../../arm-none-eabi/lib/thumb/v7e-m+fp/hard\libc_nano.a(libc_a-init.o)
                0x08005f68                __libc_init_array
 .text.memcpy   0x08005fb0       0x1c C:/ST/STM32CubeIDE_1.16.0/STM32CubeIDE/plugins/com.st.stm32cube.ide.mcu.externaltools.gnu-tools-for-stm32.12.3.rel1.win32_1.0.200.202406191623/tools/bin/../lib/gcc/arm-none-eabi/12.3.1/../../../../arm-none-eabi/lib/thumb/v7e-m+fp/hard\libc_nano.a(libc_a-memcpy-stub.o)
                0x08005fb0                memcpy
 *(.glue_7)
 .glue_7        0x08005fcc        0x0 linker stubs
 *(.glue_7t)
 .glue_7t       0x08005fcc        0x0 linker stubs
 *(.eh_frame)
 .eh_frame      0x08005fcc        0x0 C:/ST/STM32CubeIDE_1.16.0/STM32CubeIDE/plugins/com.st.stm32cube.ide.mcu.externaltools.gnu-tools-for-stm32.12.3.rel1.win32_1.0.200.202406191623/tools/bin/../lib/gcc/arm-none-eabi/12.3.1/thumb/v7e-m+fp/hard/crtbegin.o
 *(.init)
 .init          0x08005fcc        0x4 C:/ST/STM32CubeIDE_1.16.0/STM32CubeIDE/plugins/com.st.stm32cube.ide.mcu.externaltools.gnu-tools-for-stm32.12.3.rel1.win32_1.0.200.202406191623/tools/bin/../lib/gcc/arm-none-eabi/12.3.1/thumb/v7e-m+fp/hard/crti.o
                0x08005fcc                _init
 .init          0x08005fd0        0x8 C:/ST/STM32CubeIDE_1.16.0/STM32CubeIDE/plugins/com.st.stm32cube.ide.mcu.externaltools.gnu-tools-for-stm32.12.3.rel1.win32_1.0.200.202406191623/tools/bin/../lib/gcc/arm-none-eabi/12.3.1/thumb/v7e-m+fp/hard/crtn.o
 *(.fini)
 .fini          0x08005fd8        0x4 C:/ST/STM32CubeIDE_1.16.0/STM32CubeIDE/plugins/com.st.stm32cube.ide.mcu.externaltools.gnu-tools-for-stm32.12.3.rel1.win32_1.0.200.202406191623/tools/bin/../lib/gcc/arm-none-eabi/12.3.1/thumb/v7e-m+fp/hard/crti.o
                0x08005fd8                _fini
 .fini          0x08005fdc        0x8 C:/ST/STM32CubeIDE_1.16.0/STM32CubeIDE/plugins/com.st.stm32cube.ide.mcu.externaltools.gnu-tools-for-stm32.12.3.rel1.win32_1.0.200.202406191623/tools/bin/../lib/gcc/arm-none-eabi/12.3.1/thumb/v7e-m+fp/hard/crtn.o
                0x08005fe4                        . = ALIGN (0x4)
                0x08005fe4                        _etext = .

.vfp11_veneer   0x08005fe4        0x0
 .vfp11_veneer  0x08005fe4        0x0 linker stubs

.v4_bx          0x08005fe4        0x0
 .v4_bx         0x08005fe4        0x0 linker stubs

.iplt           0x08005fe4        0x0
 .iplt          0x08005fe4        0x0 C:/ST/STM32CubeIDE_1.16.0/STM32CubeIDE/plugins/com.st.stm32cube.ide.mcu.externaltools.gnu-tools-for-stm32.12.3.rel1.win32_1.0.200.202406191623/tools/bin/../lib/gcc/arm-none-eabi/12.3.1/thumb/v7e-m+fp/hard/crtbegin.o

.rodata         0x08005fe4       0xcc
                0x08005fe4                        . = ALIGN (0x4)
 *(.rodata)
 .rodata        0x08005fe4       0x1b ./Core/Src/main.o
 *fill*         0x08005fff        0x1 
 .rodata        0x08006000        0x5 ./Middlewares/Third_Party/FreeRTOS/Source/tasks.o
 *fill*         0x08006005        0x3 
 .rodata        0x08006008        0xd ./Middlewares/Third_Party/FreeRTOS/Source/timers.o
 *(.rodata*)
 *fill*         0x08006015        0x3 
 .rodata.Task_1_attributes
                0x08006018       0x24 ./Core/Src/main.o
                0x08006018                Task_1_attributes
 .rodata.Task_2_attributes
                0x0800603c       0x24 ./Core/Src/main.o
                0x0800603c                Task_2_attributes
 .rodata.LED2_Mutex_attributes
                0x08006060       0x10 ./Core/Src/main.o
                0x08006060                LED2_Mutex_attributes
 .rodata.AHBPrescTable
                0x08006070       0x10 ./Core/Src/system_stm32l4xx.o
                0x08006070                AHBPrescTable
 .rodata.MSIRangeTable
                0x08006080       0x30 ./Core/Src/system_stm32l4xx.o
                0x08006080                MSIRangeTable
                0x080060b0                        . = ALIGN (0x4)

.ARM.extab      0x080060b0        0x0
                0x080060b0                        . = ALIGN (0x4)
 *(.ARM.extab* .gnu.linkonce.armextab.*)
                0x080060b0                        . = ALIGN (0x4)

.ARM            0x080060b0        0x0
                0x080060b0                        . = ALIGN (0x4)
                0x080060b0                        __exidx_start = .
 *(.ARM.exidx*)
                0x080060b0                        __exidx_end = .
                0x080060b0                        . = ALIGN (0x4)

.preinit_array  0x080060b0        0x0
                0x080060b0                        . = ALIGN (0x4)
                0x080060b0                        PROVIDE (__preinit_array_start = .)
 *(.preinit_array*)
                0x080060b0                        PROVIDE (__preinit_array_end = .)
                0x080060b0                        . = ALIGN (0x4)

.init_array     0x080060b0        0x4
                0x080060b0                        . = ALIGN (0x4)
                0x080060b0                        PROVIDE (__init_array_start = .)
 *(SORT_BY_NAME(.init_array.*))
 *(.init_array*)
 .init_array    0x080060b0        0x4 C:/ST/STM32CubeIDE_1.16.0/STM32CubeIDE/plugins/com.st.stm32cube.ide.mcu.externaltools.gnu-tools-for-stm32.12.3.rel1.win32_1.0.200.202406191623/tools/bin/../lib/gcc/arm-none-eabi/12.3.1/thumb/v7e-m+fp/hard/crtbegin.o
                0x080060b4                        PROVIDE (__init_array_end = .)
                0x080060b4                        . = ALIGN (0x4)

.fini_array     0x080060b4        0x4
                0x080060b4                        . = ALIGN (0x4)
                [!provide]                        PROVIDE (__fini_array_start = .)
 *(SORT_BY_NAME(.fini_array.*))
 *(.fini_array*)
 .fini_array    0x080060b4        0x4 C:/ST/STM32CubeIDE_1.16.0/STM32CubeIDE/plugins/com.st.stm32cube.ide.mcu.externaltools.gnu-tools-for-stm32.12.3.rel1.win32_1.0.200.202406191623/tools/bin/../lib/gcc/arm-none-eabi/12.3.1/thumb/v7e-m+fp/hard/crtbegin.o
                [!provide]                        PROVIDE (__fini_array_end = .)
                0x080060b8                        . = ALIGN (0x4)
                0x080060b8                        _sidata = LOADADDR (.data)

.rel.dyn        0x080060b8        0x0
 .rel.iplt      0x080060b8        0x0 C:/ST/STM32CubeIDE_1.16.0/STM32CubeIDE/plugins/com.st.stm32cube.ide.mcu.externaltools.gnu-tools-for-stm32.12.3.rel1.win32_1.0.200.202406191623/tools/bin/../lib/gcc/arm-none-eabi/12.3.1/thumb/v7e-m+fp/hard/crtbegin.o

.data           0x20000000       0x10 load address 0x080060b8
                0x20000000                        . = ALIGN (0x4)
                0x20000000                        _sdata = .
 *(.data)
 *(.data*)
 .data.SystemCoreClock
                0x20000000        0x4 ./Core/Src/system_stm32l4xx.o
                0x20000000                SystemCoreClock
 .data.uwTickPrio
                0x20000004        0x4 ./Drivers/STM32L4xx_HAL_Driver/Src/stm32l4xx_hal.o
                0x20000004                uwTickPrio
 .data.uwTickFreq
                0x20000008        0x1 ./Drivers/STM32L4xx_HAL_Driver/Src/stm32l4xx_hal.o
                0x20000008                uwTickFreq
 *fill*         0x20000009        0x3 
 .data.uxCriticalNesting
                0x2000000c        0x4 ./Middlewares/Third_Party/FreeRTOS/Source/portable/GCC/ARM_CM4F/port.o
 *(.RamFunc)
 *(.RamFunc*)
                0x20000010                        . = ALIGN (0x4)
                0x20000010                        _edata = .

.igot.plt       0x20000010        0x0 load address 0x080060c8
 .igot.plt      0x20000010        0x0 C:/ST/STM32CubeIDE_1.16.0/STM32CubeIDE/plugins/com.st.stm32cube.ide.mcu.externaltools.gnu-tools-for-stm32.12.3.rel1.win32_1.0.200.202406191623/tools/bin/../lib/gcc/arm-none-eabi/12.3.1/thumb/v7e-m+fp/hard/crtbegin.o
                0x20000010                        . = ALIGN (0x4)

.bss            0x20000010     0x1988 load address 0x080060c8
                0x20000010                        _sbss = .
                0x20000010                        __bss_start__ = _sbss
 *(.bss)
 .bss           0x20000010       0x1c C:/ST/STM32CubeIDE_1.16.0/STM32CubeIDE/plugins/com.st.stm32cube.ide.mcu.externaltools.gnu-tools-for-stm32.12.3.rel1.win32_1.0.200.202406191623/tools/bin/../lib/gcc/arm-none-eabi/12.3.1/thumb/v7e-m+fp/hard/crtbegin.o
 *(.bss*)
 .bss.htim6     0x2000002c       0x4c ./Core/Src/main.o
                0x2000002c                htim6
 .bss.Task_1Handle
                0x20000078        0x4 ./Core/Src/main.o
                0x20000078                Task_1Handle
 .bss.Task_2Handle
                0x2000007c        0x4 ./Core/Src/main.o
                0x2000007c                Task_2Handle
 .bss.LED2_MutexHandle
                0x20000080        0x4 ./Core/Src/main.o
                0x20000080                LED2_MutexHandle
 .bss.pressed_time
                0x20000084        0x4 ./Core/Src/main.o
                0x20000084                pressed_time
 .bss.button_is_pressed
                0x20000088        0x1 ./Core/Src/main.o
                0x20000088                button_is_pressed
 *fill*         0x20000089        0x3 
 .bss.uwTick    0x2000008c        0x4 ./Drivers/STM32L4xx_HAL_Driver/Src/stm32l4xx_hal.o
                0x2000008c                uwTick
 .bss.KernelState
                0x20000090        0x4 ./Middlewares/Third_Party/FreeRTOS/Source/CMSIS_RTOS_V2/cmsis_os2.o
 .bss.Idle_TCB.3
                0x20000094       0x5c ./Middlewares/Third_Party/FreeRTOS/Source/CMSIS_RTOS_V2/cmsis_os2.o
 .bss.Idle_Stack.2
                0x200000f0      0x200 ./Middlewares/Third_Party/FreeRTOS/Source/CMSIS_RTOS_V2/cmsis_os2.o
 .bss.Timer_TCB.1
                0x200002f0       0x5c ./Middlewares/Third_Party/FreeRTOS/Source/CMSIS_RTOS_V2/cmsis_os2.o
 .bss.Timer_Stack.0
                0x2000034c      0x400 ./Middlewares/Third_Party/FreeRTOS/Source/CMSIS_RTOS_V2/cmsis_os2.o
 .bss.xQueueRegistry
                0x2000074c       0x40 ./Middlewares/Third_Party/FreeRTOS/Source/queue.o
                0x2000074c                xQueueRegistry
 .bss.pxCurrentTCB
                0x2000078c        0x4 ./Middlewares/Third_Party/FreeRTOS/Source/tasks.o
                0x2000078c                pxCurrentTCB
 .bss.pxReadyTasksLists
                0x20000790      0x460 ./Middlewares/Third_Party/FreeRTOS/Source/tasks.o
 .bss.xDelayedTaskList1
                0x20000bf0       0x14 ./Middlewares/Third_Party/FreeRTOS/Source/tasks.o
 .bss.xDelayedTaskList2
                0x20000c04       0x14 ./Middlewares/Third_Party/FreeRTOS/Source/tasks.o
 .bss.pxDelayedTaskList
                0x20000c18        0x4 ./Middlewares/Third_Party/FreeRTOS/Source/tasks.o
 .bss.pxOverflowDelayedTaskList
                0x20000c1c        0x4 ./Middlewares/Third_Party/FreeRTOS/Source/tasks.o
 .bss.xPendingReadyList
                0x20000c20       0x14 ./Middlewares/Third_Party/FreeRTOS/Source/tasks.o
 .bss.xTasksWaitingTermination
                0x20000c34       0x14 ./Middlewares/Third_Party/FreeRTOS/Source/tasks.o
 .bss.uxDeletedTasksWaitingCleanUp
                0x20000c48        0x4 ./Middlewares/Third_Party/FreeRTOS/Source/tasks.o
 .bss.xSuspendedTaskList
                0x20000c4c       0x14 ./Middlewares/Third_Party/FreeRTOS/Source/tasks.o
 .bss.uxCurrentNumberOfTasks
                0x20000c60        0x4 ./Middlewares/Third_Party/FreeRTOS/Source/tasks.o
 .bss.xTickCount
                0x20000c64        0x4 ./Middlewares/Third_Party/FreeRTOS/Source/tasks.o
 .bss.uxTopReadyPriority
                0x20000c68        0x4 ./Middlewares/Third_Party/FreeRTOS/Source/tasks.o
 .bss.xSchedulerRunning
                0x20000c6c        0x4 ./Middlewares/Third_Party/FreeRTOS/Source/tasks.o
 .bss.xPendedTicks
                0x20000c70        0x4 ./Middlewares/Third_Party/FreeRTOS/Source/tasks.o
 .bss.xYieldPending
                0x20000c74        0x4 ./Middlewares/Third_Party/FreeRTOS/Source/tasks.o
 .bss.xNumOfOverflows
                0x20000c78        0x4 ./Middlewares/Third_Party/FreeRTOS/Source/tasks.o
 .bss.uxTaskNumber
                0x20000c7c        0x4 ./Middlewares/Third_Party/FreeRTOS/Source/tasks.o
 .bss.xNextTaskUnblockTime
                0x20000c80        0x4 ./Middlewares/Third_Party/FreeRTOS/Source/tasks.o
 .bss.xIdleTaskHandle
                0x20000c84        0x4 ./Middlewares/Third_Party/FreeRTOS/Source/tasks.o
 .bss.uxSchedulerSuspended
                0x20000c88        0x4 ./Middlewares/Third_Party/FreeRTOS/Source/tasks.o
 .bss.xActiveTimerList1
                0x20000c8c       0x14 ./Middlewares/Third_Party/FreeRTOS/Source/timers.o
 .bss.xActiveTimerList2
                0x20000ca0       0x14 ./Middlewares/Third_Party/FreeRTOS/Source/timers.o
 .bss.pxCurrentTimerList
                0x20000cb4        0x4 ./Middlewares/Third_Party/FreeRTOS/Source/timers.o
 .bss.pxOverflowTimerList
                0x20000cb8        0x4 ./Middlewares/Third_Party/FreeRTOS/Source/timers.o
 .bss.xTimerQueue
                0x20000cbc        0x4 ./Middlewares/Third_Party/FreeRTOS/Source/timers.o
 .bss.xTimerTaskHandle
                0x20000cc0        0x4 ./Middlewares/Third_Party/FreeRTOS/Source/timers.o
 .bss.xLastTime.2
                0x20000cc4        0x4 ./Middlewares/Third_Party/FreeRTOS/Source/timers.o
 .bss.ucStaticTimerQueueStorage.1
                0x20000cc8       0xa0 ./Middlewares/Third_Party/FreeRTOS/Source/timers.o
 .bss.xStaticTimerQueue.0
                0x20000d68       0x50 ./Middlewares/Third_Party/FreeRTOS/Source/timers.o
 .bss.ucMaxSysCallPriority
                0x20000db8        0x1 ./Middlewares/Third_Party/FreeRTOS/Source/portable/GCC/ARM_CM4F/port.o
 *fill*         0x20000db9        0x3 
 .bss.ulMaxPRIGROUPValue
                0x20000dbc        0x4 ./Middlewares/Third_Party/FreeRTOS/Source/portable/GCC/ARM_CM4F/port.o
 .bss.ucHeap    0x20000dc0      0xbb8 ./Middlewares/Third_Party/FreeRTOS/Source/portable/MemMang/heap_4.o
 .bss.xStart    0x20001978        0x8 ./Middlewares/Third_Party/FreeRTOS/Source/portable/MemMang/heap_4.o
 .bss.pxEnd     0x20001980        0x4 ./Middlewares/Third_Party/FreeRTOS/Source/portable/MemMang/heap_4.o
 .bss.xFreeBytesRemaining
                0x20001984        0x4 ./Middlewares/Third_Party/FreeRTOS/Source/portable/MemMang/heap_4.o
 .bss.xMinimumEverFreeBytesRemaining
                0x20001988        0x4 ./Middlewares/Third_Party/FreeRTOS/Source/portable/MemMang/heap_4.o
 .bss.xNumberOfSuccessfulAllocations
                0x2000198c        0x4 ./Middlewares/Third_Party/FreeRTOS/Source/portable/MemMang/heap_4.o
 .bss.xNumberOfSuccessfulFrees
                0x20001990        0x4 ./Middlewares/Third_Party/FreeRTOS/Source/portable/MemMang/heap_4.o
 .bss.xBlockAllocatedBit
                0x20001994        0x4 ./Middlewares/Third_Party/FreeRTOS/Source/portable/MemMang/heap_4.o
 *(COMMON)
                0x20001998                        . = ALIGN (0x4)
                0x20001998                        _ebss = .
                0x20001998                        __bss_end__ = _ebss

._user_heap_stack
                0x20001998      0x600 load address 0x080060c8
                0x20001998                        . = ALIGN (0x8)
                [!provide]                        PROVIDE (end = .)
                0x20001998                        PROVIDE (_end = .)
                0x20001b98                        . = (. + _Min_Heap_Size)
 *fill*         0x20001998      0x200 
                0x20001f98                        . = (. + _Min_Stack_Size)
 *fill*         0x20001b98      0x400 
                0x20001f98                        . = ALIGN (0x8)

/DISCARD/
 libc.a(*)
 libm.a(*)
 libgcc.a(*)

.ARM.attributes
                0x00000000       0x30
 *(.ARM.attributes)
 .ARM.attributes
                0x00000000       0x22 C:/ST/STM32CubeIDE_1.16.0/STM32CubeIDE/plugins/com.st.stm32cube.ide.mcu.externaltools.gnu-tools-for-stm32.12.3.rel1.win32_1.0.200.202406191623/tools/bin/../lib/gcc/arm-none-eabi/12.3.1/thumb/v7e-m+fp/hard/crti.o
 .ARM.attributes
                0x00000022       0x34 C:/ST/STM32CubeIDE_1.16.0/STM32CubeIDE/plugins/com.st.stm32cube.ide.mcu.externaltools.gnu-tools-for-stm32.12.3.rel1.win32_1.0.200.202406191623/tools/bin/../lib/gcc/arm-none-eabi/12.3.1/thumb/v7e-m+fp/hard/crtbegin.o
 .ARM.attributes
                0x00000056       0x34 ./Core/Src/main.o
 .ARM.attributes
                0x0000008a       0x34 ./Core/Src/stm32l4xx_hal_msp.o
 .ARM.attributes
                0x000000be       0x34 ./Core/Src/stm32l4xx_it.o
 .ARM.attributes
                0x000000f2       0x34 ./Core/Src/system_stm32l4xx.o
 .ARM.attributes
                0x00000126       0x21 ./Core/Startup/startup_stm32l475vgtx.o
 .ARM.attributes
                0x00000147       0x34 ./Drivers/STM32L4xx_HAL_Driver/Src/stm32l4xx_hal.o
 .ARM.attributes
                0x0000017b       0x34 ./Drivers/STM32L4xx_HAL_Driver/Src/stm32l4xx_hal_cortex.o
 .ARM.attributes
                0x000001af       0x34 ./Drivers/STM32L4xx_HAL_Driver/Src/stm32l4xx_hal_gpio.o
 .ARM.attributes
                0x000001e3       0x34 ./Drivers/STM32L4xx_HAL_Driver/Src/stm32l4xx_hal_pwr_ex.o
 .ARM.attributes
                0x00000217       0x34 ./Drivers/STM32L4xx_HAL_Driver/Src/stm32l4xx_hal_rcc.o
 .ARM.attributes
                0x0000024b       0x34 ./Drivers/STM32L4xx_HAL_Driver/Src/stm32l4xx_hal_tim.o
 .ARM.attributes
                0x0000027f       0x34 ./Drivers/STM32L4xx_HAL_Driver/Src/stm32l4xx_hal_tim_ex.o
 .ARM.attributes
                0x000002b3       0x34 ./Middlewares/Third_Party/FreeRTOS/Source/CMSIS_RTOS_V2/cmsis_os2.o
 .ARM.attributes
                0x000002e7       0x34 ./Middlewares/Third_Party/FreeRTOS/Source/list.o
 .ARM.attributes
                0x0000031b       0x34 ./Middlewares/Third_Party/FreeRTOS/Source/queue.o
 .ARM.attributes
                0x0000034f       0x34 ./Middlewares/Third_Party/FreeRTOS/Source/tasks.o
 .ARM.attributes
                0x00000383       0x34 ./Middlewares/Third_Party/FreeRTOS/Source/timers.o
 .ARM.attributes
                0x000003b7       0x34 ./Middlewares/Third_Party/FreeRTOS/Source/portable/GCC/ARM_CM4F/port.o
 .ARM.attributes
                0x000003eb       0x34 ./Middlewares/Third_Party/FreeRTOS/Source/portable/MemMang/heap_4.o
 .ARM.attributes
                0x0000041f       0x34 C:/ST/STM32CubeIDE_1.16.0/STM32CubeIDE/plugins/com.st.stm32cube.ide.mcu.externaltools.gnu-tools-for-stm32.12.3.rel1.win32_1.0.200.202406191623/tools/bin/../lib/gcc/arm-none-eabi/12.3.1/../../../../arm-none-eabi/lib/thumb/v7e-m+fp/hard\libc_nano.a(libc_a-memset.o)
 .ARM.attributes
                0x00000453       0x34 C:/ST/STM32CubeIDE_1.16.0/STM32CubeIDE/plugins/com.st.stm32cube.ide.mcu.externaltools.gnu-tools-for-stm32.12.3.rel1.win32_1.0.200.202406191623/tools/bin/../lib/gcc/arm-none-eabi/12.3.1/../../../../arm-none-eabi/lib/thumb/v7e-m+fp/hard\libc_nano.a(libc_a-init.o)
 .ARM.attributes
                0x00000487       0x34 C:/ST/STM32CubeIDE_1.16.0/STM32CubeIDE/plugins/com.st.stm32cube.ide.mcu.externaltools.gnu-tools-for-stm32.12.3.rel1.win32_1.0.200.202406191623/tools/bin/../lib/gcc/arm-none-eabi/12.3.1/../../../../arm-none-eabi/lib/thumb/v7e-m+fp/hard\libc_nano.a(libc_a-memcpy-stub.o)
 .ARM.attributes
                0x000004bb       0x22 C:/ST/STM32CubeIDE_1.16.0/STM32CubeIDE/plugins/com.st.stm32cube.ide.mcu.externaltools.gnu-tools-for-stm32.12.3.rel1.win32_1.0.200.202406191623/tools/bin/../lib/gcc/arm-none-eabi/12.3.1/thumb/v7e-m+fp/hard/crtn.o
OUTPUT(lab1.elf elf32-littlearm)
LOAD linker stubs
LOAD C:/ST/STM32CubeIDE_1.16.0/STM32CubeIDE/plugins/com.st.stm32cube.ide.mcu.externaltools.gnu-tools-for-stm32.12.3.rel1.win32_1.0.200.202406191623/tools/bin/../lib/gcc/arm-none-eabi/12.3.1/../../../../arm-none-eabi/lib/thumb/v7e-m+fp/hard\libc.a
LOAD C:/ST/STM32CubeIDE_1.16.0/STM32CubeIDE/plugins/com.st.stm32cube.ide.mcu.externaltools.gnu-tools-for-stm32.12.3.rel1.win32_1.0.200.202406191623/tools/bin/../lib/gcc/arm-none-eabi/12.3.1/../../../../arm-none-eabi/lib/thumb/v7e-m+fp/hard\libm.a
LOAD C:/ST/STM32CubeIDE_1.16.0/STM32CubeIDE/plugins/com.st.stm32cube.ide.mcu.externaltools.gnu-tools-for-stm32.12.3.rel1.win32_1.0.200.202406191623/tools/bin/../lib/gcc/arm-none-eabi/12.3.1/thumb/v7e-m+fp/hard\libgcc.a

.debug_info     0x00000000    0x13dc9
 .debug_info    0x00000000     0x15f9 ./Core/Src/main.o
 .debug_info    0x000015f9      0xb78 ./Core/Src/stm32l4xx_hal_msp.o
 .debug_info    0x00002171      0x75b ./Core/Src/stm32l4xx_it.o
 .debug_info    0x000028cc      0x5b1 ./Core/Src/system_stm32l4xx.o
 .debug_info    0x00002e7d       0x30 ./Core/Startup/startup_stm32l475vgtx.o
 .debug_info    0x00002ead      0xae5 ./Drivers/STM32L4xx_HAL_Driver/Src/stm32l4xx_hal.o
 .debug_info    0x00003992      0xd7b ./Drivers/STM32L4xx_HAL_Driver/Src/stm32l4xx_hal_cortex.o
 .debug_info    0x0000470d      0x757 ./Drivers/STM32L4xx_HAL_Driver/Src/stm32l4xx_hal_gpio.o
 .debug_info    0x00004e64      0x97a ./Drivers/STM32L4xx_HAL_Driver/Src/stm32l4xx_hal_pwr_ex.o
 .debug_info    0x000057de      0xc14 ./Drivers/STM32L4xx_HAL_Driver/Src/stm32l4xx_hal_rcc.o
 .debug_info    0x000063f2     0x2a9a ./Drivers/STM32L4xx_HAL_Driver/Src/stm32l4xx_hal_tim.o
 .debug_info    0x00008e8c     0x169e ./Drivers/STM32L4xx_HAL_Driver/Src/stm32l4xx_hal_tim_ex.o
 .debug_info    0x0000a52a     0x3a50 ./Middlewares/Third_Party/FreeRTOS/Source/CMSIS_RTOS_V2/cmsis_os2.o
 .debug_info    0x0000df7a      0x2af ./Middlewares/Third_Party/FreeRTOS/Source/list.o
 .debug_info    0x0000e229     0x1b79 ./Middlewares/Third_Party/FreeRTOS/Source/queue.o
 .debug_info    0x0000fda2     0x21ec ./Middlewares/Third_Party/FreeRTOS/Source/tasks.o
 .debug_info    0x00011f8e     0x1488 ./Middlewares/Third_Party/FreeRTOS/Source/timers.o
 .debug_info    0x00013416      0x4de ./Middlewares/Third_Party/FreeRTOS/Source/portable/GCC/ARM_CM4F/port.o
 .debug_info    0x000138f4      0x4d5 ./Middlewares/Third_Party/FreeRTOS/Source/portable/MemMang/heap_4.o

.debug_abbrev   0x00000000     0x2d54
 .debug_abbrev  0x00000000      0x2c0 ./Core/Src/main.o
 .debug_abbrev  0x000002c0      0x1af ./Core/Src/stm32l4xx_hal_msp.o
 .debug_abbrev  0x0000046f      0x1bb ./Core/Src/stm32l4xx_it.o
 .debug_abbrev  0x0000062a      0x11a ./Core/Src/system_stm32l4xx.o
 .debug_abbrev  0x00000744       0x24 ./Core/Startup/startup_stm32l475vgtx.o
 .debug_abbrev  0x00000768      0x242 ./Drivers/STM32L4xx_HAL_Driver/Src/stm32l4xx_hal.o
 .debug_abbrev  0x000009aa      0x31c ./Drivers/STM32L4xx_HAL_Driver/Src/stm32l4xx_hal_cortex.o
 .debug_abbrev  0x00000cc6      0x1cb ./Drivers/STM32L4xx_HAL_Driver/Src/stm32l4xx_hal_gpio.o
 .debug_abbrev  0x00000e91      0x1f9 ./Drivers/STM32L4xx_HAL_Driver/Src/stm32l4xx_hal_pwr_ex.o
 .debug_abbrev  0x0000108a      0x2cb ./Drivers/STM32L4xx_HAL_Driver/Src/stm32l4xx_hal_rcc.o
 .debug_abbrev  0x00001355      0x278 ./Drivers/STM32L4xx_HAL_Driver/Src/stm32l4xx_hal_tim.o
 .debug_abbrev  0x000015cd      0x283 ./Drivers/STM32L4xx_HAL_Driver/Src/stm32l4xx_hal_tim_ex.o
 .debug_abbrev  0x00001850      0x508 ./Middlewares/Third_Party/FreeRTOS/Source/CMSIS_RTOS_V2/cmsis_os2.o
 .debug_abbrev  0x00001d58       0xf5 ./Middlewares/Third_Party/FreeRTOS/Source/list.o
 .debug_abbrev  0x00001e4d      0x3b6 ./Middlewares/Third_Party/FreeRTOS/Source/queue.o
 .debug_abbrev  0x00002203      0x386 ./Middlewares/Third_Party/FreeRTOS/Source/tasks.o
 .debug_abbrev  0x00002589      0x352 ./Middlewares/Third_Party/FreeRTOS/Source/timers.o
 .debug_abbrev  0x000028db      0x25c ./Middlewares/Third_Party/FreeRTOS/Source/portable/GCC/ARM_CM4F/port.o
 .debug_abbrev  0x00002b37      0x21d ./Middlewares/Third_Party/FreeRTOS/Source/portable/MemMang/heap_4.o

.debug_aranges  0x00000000     0x1348
 .debug_aranges
                0x00000000       0x60 ./Core/Src/main.o
 .debug_aranges
                0x00000060       0x30 ./Core/Src/stm32l4xx_hal_msp.o
 .debug_aranges
                0x00000090       0x68 ./Core/Src/stm32l4xx_it.o
 .debug_aranges
                0x000000f8       0x28 ./Core/Src/system_stm32l4xx.o
 .debug_aranges
                0x00000120       0x28 ./Core/Startup/startup_stm32l475vgtx.o
 .debug_aranges
                0x00000148      0x130 ./Drivers/STM32L4xx_HAL_Driver/Src/stm32l4xx_hal.o
 .debug_aranges
                0x00000278      0x128 ./Drivers/STM32L4xx_HAL_Driver/Src/stm32l4xx_hal_cortex.o
 .debug_aranges
                0x000003a0       0x58 ./Drivers/STM32L4xx_HAL_Driver/Src/stm32l4xx_hal_gpio.o
 .debug_aranges
                0x000003f8      0x150 ./Drivers/STM32L4xx_HAL_Driver/Src/stm32l4xx_hal_pwr_ex.o
 .debug_aranges
                0x00000548       0x90 ./Drivers/STM32L4xx_HAL_Driver/Src/stm32l4xx_hal_rcc.o
 .debug_aranges
                0x000005d8      0x3e0 ./Drivers/STM32L4xx_HAL_Driver/Src/stm32l4xx_hal_tim.o
 .debug_aranges
                0x000009b8      0x180 ./Drivers/STM32L4xx_HAL_Driver/Src/stm32l4xx_hal_tim_ex.o
 .debug_aranges
                0x00000b38      0x2a8 ./Middlewares/Third_Party/FreeRTOS/Source/CMSIS_RTOS_V2/cmsis_os2.o
 .debug_aranges
                0x00000de0       0x40 ./Middlewares/Third_Party/FreeRTOS/Source/list.o
 .debug_aranges
                0x00000e20      0x158 ./Middlewares/Third_Party/FreeRTOS/Source/queue.o
 .debug_aranges
                0x00000f78      0x208 ./Middlewares/Third_Party/FreeRTOS/Source/tasks.o
 .debug_aranges
                0x00001180       0xf0 ./Middlewares/Third_Party/FreeRTOS/Source/timers.o
 .debug_aranges
                0x00001270       0x80 ./Middlewares/Third_Party/FreeRTOS/Source/portable/GCC/ARM_CM4F/port.o
 .debug_aranges
                0x000012f0       0x58 ./Middlewares/Third_Party/FreeRTOS/Source/portable/MemMang/heap_4.o

.debug_rnglists
                0x00000000      0xedc
 .debug_rnglists
                0x00000000       0x47 ./Core/Src/main.o
 .debug_rnglists
                0x00000047       0x1f ./Core/Src/stm32l4xx_hal_msp.o
 .debug_rnglists
                0x00000066       0x49 ./Core/Src/stm32l4xx_it.o
 .debug_rnglists
                0x000000af       0x1a ./Core/Src/system_stm32l4xx.o
 .debug_rnglists
                0x000000c9       0x19 ./Core/Startup/startup_stm32l475vgtx.o
 .debug_rnglists
                0x000000e2       0xdf ./Drivers/STM32L4xx_HAL_Driver/Src/stm32l4xx_hal.o
 .debug_rnglists
                0x000001c1       0xda ./Drivers/STM32L4xx_HAL_Driver/Src/stm32l4xx_hal_cortex.o
 .debug_rnglists
                0x0000029b       0x3f ./Drivers/STM32L4xx_HAL_Driver/Src/stm32l4xx_hal_gpio.o
 .debug_rnglists
                0x000002da       0xfd ./Drivers/STM32L4xx_HAL_Driver/Src/stm32l4xx_hal_pwr_ex.o
 .debug_rnglists
                0x000003d7       0x6d ./Drivers/STM32L4xx_HAL_Driver/Src/stm32l4xx_hal_rcc.o
 .debug_rnglists
                0x00000444      0x328 ./Drivers/STM32L4xx_HAL_Driver/Src/stm32l4xx_hal_tim.o
 .debug_rnglists
                0x0000076c      0x139 ./Drivers/STM32L4xx_HAL_Driver/Src/stm32l4xx_hal_tim_ex.o
 .debug_rnglists
                0x000008a5      0x20c ./Middlewares/Third_Party/FreeRTOS/Source/CMSIS_RTOS_V2/cmsis_os2.o
 .debug_rnglists
                0x00000ab1       0x2b ./Middlewares/Third_Party/FreeRTOS/Source/list.o
 .debug_rnglists
                0x00000adc      0x109 ./Middlewares/Third_Party/FreeRTOS/Source/queue.o
 .debug_rnglists
                0x00000be5      0x1a0 ./Middlewares/Third_Party/FreeRTOS/Source/tasks.o
 .debug_rnglists
                0x00000d85       0xb8 ./Middlewares/Third_Party/FreeRTOS/Source/timers.o
 .debug_rnglists
                0x00000e3d       0x5d ./Middlewares/Third_Party/FreeRTOS/Source/portable/GCC/ARM_CM4F/port.o
 .debug_rnglists
                0x00000e9a       0x42 ./Middlewares/Third_Party/FreeRTOS/Source/portable/MemMang/heap_4.o

.debug_macro    0x00000000     0x2af7
 .debug_macro   0x00000000      0x24b ./Core/Src/main.o
 .debug_macro   0x0000024b      0x169 ./Core/Src/main.o
 .debug_macro   0x000003b4       0x66 ./Core/Src/main.o
 .debug_macro   0x0000041a       0x74 ./Core/Src/main.o
 .debug_macro   0x0000048e       0xdd ./Core/Src/main.o
 .debug_macro   0x0000056b      0x1bb ./Core/Src/stm32l4xx_hal_msp.o
 .debug_macro   0x00000726      0x22d ./Core/Src/stm32l4xx_it.o
 .debug_macro   0x00000953      0x1ac ./Core/Src/system_stm32l4xx.o
 .debug_macro   0x00000aff      0x1fa ./Drivers/STM32L4xx_HAL_Driver/Src/stm32l4xx_hal.o
 .debug_macro   0x00000cf9      0x1ac ./Drivers/STM32L4xx_HAL_Driver/Src/stm32l4xx_hal_cortex.o
 .debug_macro   0x00000ea5      0x1b3 ./Drivers/STM32L4xx_HAL_Driver/Src/stm32l4xx_hal_gpio.o
 .debug_macro   0x00001058      0x1d0 ./Drivers/STM32L4xx_HAL_Driver/Src/stm32l4xx_hal_pwr_ex.o
 .debug_macro   0x00001228      0x1ee ./Drivers/STM32L4xx_HAL_Driver/Src/stm32l4xx_hal_rcc.o
 .debug_macro   0x00001416      0x1ad ./Drivers/STM32L4xx_HAL_Driver/Src/stm32l4xx_hal_tim.o
 .debug_macro   0x000015c3      0x1ac ./Drivers/STM32L4xx_HAL_Driver/Src/stm32l4xx_hal_tim_ex.o
 .debug_macro   0x0000176f      0x3a3 ./Middlewares/Third_Party/FreeRTOS/Source/CMSIS_RTOS_V2/cmsis_os2.o
 .debug_macro   0x00001b12       0x10 ./Middlewares/Third_Party/FreeRTOS/Source/CMSIS_RTOS_V2/cmsis_os2.o
 .debug_macro   0x00001b22       0x20 ./Middlewares/Third_Party/FreeRTOS/Source/CMSIS_RTOS_V2/cmsis_os2.o
 .debug_macro   0x00001b42       0x10 ./Middlewares/Third_Party/FreeRTOS/Source/CMSIS_RTOS_V2/cmsis_os2.o
 .debug_macro   0x00001b52       0xf5 ./Middlewares/Third_Party/FreeRTOS/Source/CMSIS_RTOS_V2/cmsis_os2.o
 .debug_macro   0x00001c47       0x91 ./Middlewares/Third_Party/FreeRTOS/Source/CMSIS_RTOS_V2/cmsis_os2.o
 .debug_macro   0x00001cd8       0x8d ./Middlewares/Third_Party/FreeRTOS/Source/CMSIS_RTOS_V2/cmsis_os2.o
 .debug_macro   0x00001d65       0x9a ./Middlewares/Third_Party/FreeRTOS/Source/CMSIS_RTOS_V2/cmsis_os2.o
 .debug_macro   0x00001dff       0x22 ./Middlewares/Third_Party/FreeRTOS/Source/CMSIS_RTOS_V2/cmsis_os2.o
 .debug_macro   0x00001e21       0x56 ./Middlewares/Third_Party/FreeRTOS/Source/CMSIS_RTOS_V2/cmsis_os2.o
 .debug_macro   0x00001e77      0x187 ./Middlewares/Third_Party/FreeRTOS/Source/list.o
 .debug_macro   0x00001ffe      0x216 ./Middlewares/Third_Party/FreeRTOS/Source/queue.o
 .debug_macro   0x00002214       0x16 ./Middlewares/Third_Party/FreeRTOS/Source/queue.o
 .debug_macro   0x0000222a       0x87 ./Middlewares/Third_Party/FreeRTOS/Source/queue.o
 .debug_macro   0x000022b1      0x27f ./Middlewares/Third_Party/FreeRTOS/Source/tasks.o
 .debug_macro   0x00002530       0x10 ./Middlewares/Third_Party/FreeRTOS/Source/tasks.o
 .debug_macro   0x00002540      0x1dc ./Middlewares/Third_Party/FreeRTOS/Source/timers.o
 .debug_macro   0x0000271c       0x97 ./Middlewares/Third_Party/FreeRTOS/Source/timers.o
 .debug_macro   0x000027b3      0x196 ./Middlewares/Third_Party/FreeRTOS/Source/portable/GCC/ARM_CM4F/port.o
 .debug_macro   0x00002949      0x1ae ./Middlewares/Third_Party/FreeRTOS/Source/portable/MemMang/heap_4.o

.debug_line     0x00000000    0x13f67
 .debug_line    0x00000000      0xc28 ./Core/Src/main.o
 .debug_line    0x00000c28      0x759 ./Core/Src/stm32l4xx_hal_msp.o
 .debug_line    0x00001381      0x914 ./Core/Src/stm32l4xx_it.o
 .debug_line    0x00001c95      0x7b7 ./Core/Src/system_stm32l4xx.o
 .debug_line    0x0000244c       0x7a ./Core/Startup/startup_stm32l475vgtx.o
 .debug_line    0x000024c6      0xb12 ./Drivers/STM32L4xx_HAL_Driver/Src/stm32l4xx_hal.o
 .debug_line    0x00002fd8      0xcdb ./Drivers/STM32L4xx_HAL_Driver/Src/stm32l4xx_hal_cortex.o
 .debug_line    0x00003cb3      0xb9e ./Drivers/STM32L4xx_HAL_Driver/Src/stm32l4xx_hal_gpio.o
 .debug_line    0x00004851      0xcd4 ./Drivers/STM32L4xx_HAL_Driver/Src/stm32l4xx_hal_pwr_ex.o
 .debug_line    0x00005525      0xf8b ./Drivers/STM32L4xx_HAL_Driver/Src/stm32l4xx_hal_rcc.o
 .debug_line    0x000064b0     0x3e21 ./Drivers/STM32L4xx_HAL_Driver/Src/stm32l4xx_hal_tim.o
 .debug_line    0x0000a2d1     0x1c0b ./Drivers/STM32L4xx_HAL_Driver/Src/stm32l4xx_hal_tim_ex.o
 .debug_line    0x0000bedc     0x234b ./Middlewares/Third_Party/FreeRTOS/Source/CMSIS_RTOS_V2/cmsis_os2.o
 .debug_line    0x0000e227      0x796 ./Middlewares/Third_Party/FreeRTOS/Source/list.o
 .debug_line    0x0000e9bd     0x1760 ./Middlewares/Third_Party/FreeRTOS/Source/queue.o
 .debug_line    0x0001011d     0x1e32 ./Middlewares/Third_Party/FreeRTOS/Source/tasks.o
 .debug_line    0x00011f4f      0xe1e ./Middlewares/Third_Party/FreeRTOS/Source/timers.o
 .debug_line    0x00012d6d      0x839 ./Middlewares/Third_Party/FreeRTOS/Source/portable/GCC/ARM_CM4F/port.o
 .debug_line    0x000135a6      0x9c1 ./Middlewares/Third_Party/FreeRTOS/Source/portable/MemMang/heap_4.o

.debug_str      0x00000000    0xf68c0
 .debug_str     0x00000000    0xeb2ea ./Core/Src/main.o
                              0xeb77e (size before relaxing)
 .debug_str     0x000eb2ea       0x76 ./Core/Src/stm32l4xx_hal_msp.o
                              0xe643e (size before relaxing)
 .debug_str     0x000eb360      0x12d ./Core/Src/stm32l4xx_it.o
                              0xe9c91 (size before relaxing)
 .debug_str     0x000eb48d       0xf2 ./Core/Src/system_stm32l4xx.o
                              0xe4798 (size before relaxing)
 .debug_str     0x000eb57f       0x44 ./Core/Startup/startup_stm32l475vgtx.o
                                 0x7b (size before relaxing)
 .debug_str     0x000eb5c3      0x63e ./Drivers/STM32L4xx_HAL_Driver/Src/stm32l4xx_hal.o
                              0xe5322 (size before relaxing)
 .debug_str     0x000ebc01      0x34c ./Drivers/STM32L4xx_HAL_Driver/Src/stm32l4xx_hal_cortex.o
                              0xe5008 (size before relaxing)
 .debug_str     0x000ebf4d       0xf7 ./Drivers/STM32L4xx_HAL_Driver/Src/stm32l4xx_hal_gpio.o
                              0xe4911 (size before relaxing)
 .debug_str     0x000ec044      0x4a8 ./Drivers/STM32L4xx_HAL_Driver/Src/stm32l4xx_hal_pwr_ex.o
                              0xe4cb8 (size before relaxing)
 .debug_str     0x000ec4ec      0x3ac ./Drivers/STM32L4xx_HAL_Driver/Src/stm32l4xx_hal_rcc.o
                              0xe4dde (size before relaxing)
 .debug_str     0x000ec898      0xe8a ./Drivers/STM32L4xx_HAL_Driver/Src/stm32l4xx_hal_tim.o
                              0xe5ad8 (size before relaxing)
 .debug_str     0x000ed722      0x588 ./Drivers/STM32L4xx_HAL_Driver/Src/stm32l4xx_hal_tim_ex.o
                              0xe53ec (size before relaxing)
 .debug_str     0x000edcaa     0x60bc ./Middlewares/Third_Party/FreeRTOS/Source/CMSIS_RTOS_V2/cmsis_os2.o
                              0xef325 (size before relaxing)
 .debug_str     0x000f3d66      0x20f ./Middlewares/Third_Party/FreeRTOS/Source/list.o
                               0xaae1 (size before relaxing)
 .debug_str     0x000f3f75      0x892 ./Middlewares/Third_Party/FreeRTOS/Source/queue.o
                               0xc621 (size before relaxing)
 .debug_str     0x000f4807     0x1063 ./Middlewares/Third_Party/FreeRTOS/Source/tasks.o
                               0xd0de (size before relaxing)
 .debug_str     0x000f586a      0x5af ./Middlewares/Third_Party/FreeRTOS/Source/timers.o
                               0xcb53 (size before relaxing)
 .debug_str     0x000f5e19      0x783 ./Middlewares/Third_Party/FreeRTOS/Source/portable/GCC/ARM_CM4F/port.o
                               0x872a (size before relaxing)
 .debug_str     0x000f659c      0x324 ./Middlewares/Third_Party/FreeRTOS/Source/portable/MemMang/heap_4.o
                               0xb423 (size before relaxing)

.comment        0x00000000       0x43
 .comment       0x00000000       0x43 ./Core/Src/main.o
                                 0x44 (size before relaxing)
 .comment       0x00000043       0x44 ./Core/Src/stm32l4xx_hal_msp.o
 .comment       0x00000043       0x44 ./Core/Src/stm32l4xx_it.o
 .comment       0x00000043       0x44 ./Core/Src/system_stm32l4xx.o
 .comment       0x00000043       0x44 ./Drivers/STM32L4xx_HAL_Driver/Src/stm32l4xx_hal.o
 .comment       0x00000043       0x44 ./Drivers/STM32L4xx_HAL_Driver/Src/stm32l4xx_hal_cortex.o
 .comment       0x00000043       0x44 ./Drivers/STM32L4xx_HAL_Driver/Src/stm32l4xx_hal_gpio.o
 .comment       0x00000043       0x44 ./Drivers/STM32L4xx_HAL_Driver/Src/stm32l4xx_hal_pwr_ex.o
 .comment       0x00000043       0x44 ./Drivers/STM32L4xx_HAL_Driver/Src/stm32l4xx_hal_rcc.o
 .comment       0x00000043       0x44 ./Drivers/STM32L4xx_HAL_Driver/Src/stm32l4xx_hal_tim.o
 .comment       0x00000043       0x44 ./Drivers/STM32L4xx_HAL_Driver/Src/stm32l4xx_hal_tim_ex.o
 .comment       0x00000043       0x44 ./Middlewares/Third_Party/FreeRTOS/Source/CMSIS_RTOS_V2/cmsis_os2.o
 .comment       0x00000043       0x44 ./Middlewares/Third_Party/FreeRTOS/Source/list.o
 .comment       0x00000043       0x44 ./Middlewares/Third_Party/FreeRTOS/Source/queue.o
 .comment       0x00000043       0x44 ./Middlewares/Third_Party/FreeRTOS/Source/tasks.o
 .comment       0x00000043       0x44 ./Middlewares/Third_Party/FreeRTOS/Source/timers.o
 .comment       0x00000043       0x44 ./Middlewares/Third_Party/FreeRTOS/Source/portable/GCC/ARM_CM4F/port.o
 .comment       0x00000043       0x44 ./Middlewares/Third_Party/FreeRTOS/Source/portable/MemMang/heap_4.o

.debug_frame    0x00000000     0x50e4
 .debug_frame   0x00000000      0x13c ./Core/Src/main.o
 .debug_frame   0x0000013c       0x7c ./Core/Src/stm32l4xx_hal_msp.o
 .debug_frame   0x000001b8      0x118 ./Core/Src/stm32l4xx_it.o
 .debug_frame   0x000002d0       0x58 ./Core/Src/system_stm32l4xx.o
 .debug_frame   0x00000328      0x498 ./Drivers/STM32L4xx_HAL_Driver/Src/stm32l4xx_hal.o
 .debug_frame   0x000007c0      0x4e8 ./Drivers/STM32L4xx_HAL_Driver/Src/stm32l4xx_hal_cortex.o
 .debug_frame   0x00000ca8      0x14c ./Drivers/STM32L4xx_HAL_Driver/Src/stm32l4xx_hal_gpio.o
 .debug_frame   0x00000df4      0x544 ./Drivers/STM32L4xx_HAL_Driver/Src/stm32l4xx_hal_pwr_ex.o
 .debug_frame   0x00001338      0x21c ./Drivers/STM32L4xx_HAL_Driver/Src/stm32l4xx_hal_rcc.o
 .debug_frame   0x00001554     0x121c ./Drivers/STM32L4xx_HAL_Driver/Src/stm32l4xx_hal_tim.o
 .debug_frame   0x00002770      0x6b0 ./Drivers/STM32L4xx_HAL_Driver/Src/stm32l4xx_hal_tim_ex.o
 .debug_frame   0x00002e20      0xbc8 ./Middlewares/Third_Party/FreeRTOS/Source/CMSIS_RTOS_V2/cmsis_os2.o
 .debug_frame   0x000039e8       0xd8 ./Middlewares/Third_Party/FreeRTOS/Source/list.o
 .debug_frame   0x00003ac0      0x5ec ./Middlewares/Third_Party/FreeRTOS/Source/queue.o
 .debug_frame   0x000040ac      0x8f0 ./Middlewares/Third_Party/FreeRTOS/Source/tasks.o
 .debug_frame   0x0000499c      0x400 ./Middlewares/Third_Party/FreeRTOS/Source/timers.o
 .debug_frame   0x00004d9c      0x1a8 ./Middlewares/Third_Party/FreeRTOS/Source/portable/GCC/ARM_CM4F/port.o
 .debug_frame   0x00004f44      0x12c ./Middlewares/Third_Party/FreeRTOS/Source/portable/MemMang/heap_4.o
 .debug_frame   0x00005070       0x20 C:/ST/STM32CubeIDE_1.16.0/STM32CubeIDE/plugins/com.st.stm32cube.ide.mcu.externaltools.gnu-tools-for-stm32.12.3.rel1.win32_1.0.200.202406191623/tools/bin/../lib/gcc/arm-none-eabi/12.3.1/../../../../arm-none-eabi/lib/thumb/v7e-m+fp/hard\libc_nano.a(libc_a-memset.o)
 .debug_frame   0x00005090       0x2c C:/ST/STM32CubeIDE_1.16.0/STM32CubeIDE/plugins/com.st.stm32cube.ide.mcu.externaltools.gnu-tools-for-stm32.12.3.rel1.win32_1.0.200.202406191623/tools/bin/../lib/gcc/arm-none-eabi/12.3.1/../../../../arm-none-eabi/lib/thumb/v7e-m+fp/hard\libc_nano.a(libc_a-init.o)
 .debug_frame   0x000050bc       0x28 C:/ST/STM32CubeIDE_1.16.0/STM32CubeIDE/plugins/com.st.stm32cube.ide.mcu.externaltools.gnu-tools-for-stm32.12.3.rel1.win32_1.0.200.202406191623/tools/bin/../lib/gcc/arm-none-eabi/12.3.1/../../../../arm-none-eabi/lib/thumb/v7e-m+fp/hard\libc_nano.a(libc_a-memcpy-stub.o)

.debug_line_str
                0x00000000       0x5f
 .debug_line_str
                0x00000000       0x5f ./Core/Startup/startup_stm32l475vgtx.o
