../Drivers/CMSIS/Include/core_cm4.h:1906:22:__NVIC_SetVector	24	static
../Core/Src/main.c:78:6:StartDefaultTask	24	static
../Core/Src/main.c:109:5:__io_putchar	16	static
../Core/Src/main.c:115:6:Error_Handler	4	static,ignoring_inline_asm
../Core/Src/main.c:125:13:MX_USART1_UART_Init	8	static
../Core/Src/main.c:160:13:MX_GPIO_Init	16	static
../Core/Src/main.c:172:6:HAL_ADC_MspInit	24	static
../Core/Src/main.c:183:6:HAL_ADC_MspDeInit	16	static
../Core/Src/main.c:193:6:ADC1_Init	48	static
../Core/Src/main.c:250:6:HAL_ADC_ConvCpltCallback	16	static
../Core/Src/main.c:258:6:HAL_ADC_ConvHalfCpltCallback	16	static
../Core/Src/main.c:267:6:DMA1_Channel1_IRQHandler	8	static
../Core/Src/main.c:273:6:ADC1_DMA1CH1_init	16	static
../Core/Src/main.c:302:6:HAL_TIM_Base_MspInit	24	static
../Core/Src/main.c:310:6:HAL_TIM_Base_MspDeInit	16	static
../Core/Src/main.c:319:13:TIM1_Init	40	static
../Core/Src/main.c:352:5:main	8	static
../Core/Src/main.c:411:6:SystemClock_Config	96	static
