16:00:54 **** Clean-only build of configuration Debug for project Final ****
make -j12 clean 
rm -rf ./Drivers/STM32L4xx_HAL_Driver/Src/stm32l4xx_hal.cyclo ./Drivers/STM32L4xx_HAL_Driver/Src/stm32l4xx_hal.d ./Drivers/STM32L4xx_HAL_Driver/Src/stm32l4xx_hal.o ./Drivers/STM32L4xx_HAL_Driver/Src/stm32l4xx_hal.su ./Drivers/STM32L4xx_HAL_Driver/Src/stm32l4xx_hal_adc.cyclo ./Drivers/STM32L4xx_HAL_Driver/Src/stm32l4xx_hal_adc.d ./Drivers/STM32L4xx_HAL_Driver/Src/stm32l4xx_hal_adc.o ./Drivers/STM32L4xx_HAL_Driver/Src/stm32l4xx_hal_adc.su ./Drivers/STM32L4xx_HAL_Driver/Src/stm32l4xx_hal_adc_ex.cyclo ./Drivers/STM32L4xx_HAL_Driver/Src/stm32l4xx_hal_adc_ex.d ./Drivers/STM32L4xx_HAL_Driver/Src/stm32l4xx_hal_adc_ex.o ./Drivers/STM32L4xx_HAL_Driver/Src/stm32l4xx_hal_adc_ex.su ./Drivers/STM32L4xx_HAL_Driver/Src/stm32l4xx_hal_cortex.cyclo ./Drivers/STM32L4xx_HAL_Driver/Src/stm32l4xx_hal_cortex.d ./Drivers/STM32L4xx_HAL_Driver/Src/stm32l4xx_hal_cortex.o ./Drivers/STM32L4xx_HAL_Driver/Src/stm32l4xx_hal_cortex.su ./Drivers/STM32L4xx_HAL_Driver/Src/stm32l4xx_hal_dfsdm.cyclo ./Drivers/STM32L4xx_HAL_Driver/Src/stm32l4xx_hal_dfsdm.d ./Drivers/STM32L4xx_HAL_Driver/Src/stm32l4xx_hal_dfsdm.o ./Drivers/STM32L4xx_HAL_Driver/Src/stm32l4xx_hal_dfsdm.su ./Drivers/STM32L4xx_HAL_Driver/Src/stm32l4xx_hal_dma.cyclo ./Drivers/STM32L4xx_HAL_Driver/Src/stm32l4xx_hal_dma.d ./Drivers/STM32L4xx_HAL_Driver/Src/stm32l4xx_hal_dma.o ./Drivers/STM32L4xx_HAL_Driver/Src/stm32l4xx_hal_dma.su ./Drivers/STM32L4xx_HAL_Driver/Src/stm32l4xx_hal_dma_ex.cyclo ./Drivers/STM32L4xx_HAL_Driver/Src/stm32l4xx_hal_dma_ex.d ./Drivers/STM32L4xx_HAL_Driver/Src/stm32l4xx_hal_dma_ex.o ./Drivers/STM32L4xx_HAL_Driver/Src/stm32l4xx_hal_dma_ex.su ./Drivers/STM32L4xx_HAL_Driver/Src/stm32l4xx_hal_exti.cyclo ./Drivers/STM32L4xx_HAL_Driver/Src/stm32l4xx_hal_exti.d ./Drivers/STM32L4xx_HAL_Driver/Src/stm32l4xx_hal_exti.o ./Drivers/STM32L4xx_HAL_Driver/Src/stm32l4xx_hal_exti.su ./Drivers/STM32L4xx_HAL_Driver/Src/stm32l4xx_hal_flash.cyclo ./Drivers/STM32L4xx_HAL_Driver/Src/stm32l4xx_hal_flash.d ./Drivers/STM32L4xx_HAL_Driver/Src/stm32l4xx_hal_flash.o ./Drivers/STM32L4xx_HAL_Driver/Src/stm32l4xx_hal_flash.su ./Drivers/STM32L4xx_HAL_Driver/Src/stm32l4xx_hal_flash_ex.cyclo ./Drivers/STM32L4xx_HAL_Driver/Src/stm32l4xx_hal_flash_ex.d ./Drivers/STM32L4xx_HAL_Driver/Src/stm32l4xx_hal_flash_ex.o ./Drivers/STM32L4xx_HAL_Driver/Src/stm32l4xx_hal_flash_ex.su ./Drivers/STM32L4xx_HAL_Driver/Src/stm32l4xx_hal_flash_ramfunc.cyclo ./Drivers/STM32L4xx_HAL_Driver/Src/stm32l4xx_hal_flash_ramfunc.d ./Drivers/STM32L4xx_HAL_Driver/Src/stm32l4xx_hal_flash_ramfunc.o ./Drivers/STM32L4xx_HAL_Driver/Src/stm32l4xx_hal_flash_ramfunc.su ./Drivers/STM32L4xx_HAL_Driver/Src/stm32l4xx_hal_gpio.cyclo ./Drivers/STM32L4xx_HAL_Driver/Src/stm32l4xx_hal_gpio.d ./Drivers/STM32L4xx_HAL_Driver/Src/stm32l4xx_hal_gpio.o ./Drivers/STM32L4xx_HAL_Driver/Src/stm32l4xx_hal_gpio.su ./Drivers/STM32L4xx_HAL_Driver/Src/stm32l4xx_hal_i2c.cyclo ./Drivers/STM32L4xx_HAL_Driver/Src/stm32l4xx_hal_i2c.d ./Drivers/STM32L4xx_HAL_Driver/Src/stm32l4xx_hal_i2c.o ./Drivers/STM32L4xx_HAL_Driver/Src/stm32l4xx_hal_i2c.su ./Drivers/STM32L4xx_HAL_Driver/Src/stm32l4xx_hal_i2c_ex.cyclo ./Drivers/STM32L4xx_HAL_Driver/Src/stm32l4xx_hal_i2c_ex.d ./Drivers/STM32L4xx_HAL_Driver/Src/stm32l4xx_hal_i2c_ex.o ./Drivers/STM32L4xx_HAL_Driver/Src/stm32l4xx_hal_i2c_ex.su ./Drivers/STM32L4xx_HAL_Driver/Src/stm32l4xx_hal_pcd.cyclo ./Drivers/STM32L4xx_HAL_Driver/Src/stm32l4xx_hal_pcd.d ./Drivers/STM32L4xx_HAL_Driver/Src/stm32l4xx_hal_pcd.o ./Drivers/STM32L4xx_HAL_Driver/Src/stm32l4xx_hal_pcd.su ./Drivers/STM32L4xx_HAL_Driver/Src/stm32l4xx_hal_pcd_ex.cyclo ./Drivers/STM32L4xx_HAL_Driver/Src/stm32l4xx_hal_pcd_ex.d ./Drivers/STM32L4xx_HAL_Driver/Src/stm32l4xx_hal_pcd_ex.o ./Drivers/STM32L4xx_HAL_Driver/Src/stm32l4xx_hal_pcd_ex.su ./Drivers/STM32L4xx_HAL_Driver/Src/stm32l4xx_hal_pwr.cyclo ./Drivers/STM32L4xx_HAL_Driver/Src/stm32l4xx_hal_pwr.d ./Drivers/STM32L4xx_HAL_Driver/Src/stm32l4xx_hal_pwr.o ./Drivers/STM32L4xx_HAL_Driver/Src/stm32l4xx_hal_pwr.su ./Drivers/STM32L4xx_HAL_Driver/Src/stm32l4xx_hal_pwr_ex.cyclo ./Drivers/STM32L4xx_HAL_Driver/Src/stm32l4xx_hal_pwr_ex.d ./Drivers/STM32L4xx_HAL_Driver/Src/stm32l4xx_hal_pwr_ex.o ./Drivers/STM32L4xx_HAL_Driver/Src/stm32l4xx_hal_pwr_ex.su ./Drivers/STM32L4xx_HAL_Driver/Src/stm32l4xx_hal_qspi.cyclo ./Drivers/STM32L4xx_HAL_Driver/Src/stm32l4xx_hal_qspi.d ./Drivers/STM32L4xx_HAL_Driver/Src/stm32l4xx_hal_qspi.o ./Drivers/STM32L4xx_HAL_Driver/Src/stm32l4xx_hal_qspi.su ./Drivers/STM32L4xx_HAL_Driver/Src/stm32l4xx_hal_rcc.cyclo ./Drivers/STM32L4xx_HAL_Driver/Src/stm32l4xx_hal_rcc.d ./Drivers/STM32L4xx_HAL_Driver/Src/stm32l4xx_hal_rcc.o ./Drivers/STM32L4xx_HAL_Driver/Src/stm32l4xx_hal_rcc.su ./Drivers/STM32L4xx_HAL_Driver/Src/stm32l4xx_hal_rcc_ex.cyclo ./Drivers/STM32L4xx_HAL_Driver/Src/stm32l4xx_hal_rcc_ex.d ./Drivers/STM32L4xx_HAL_Driver/Src/stm32l4xx_hal_rcc_ex.o ./Drivers/STM32L4xx_HAL_Driver/Src/stm32l4xx_hal_rcc_ex.su ./Drivers/STM32L4xx_HAL_Driver/Src/stm32l4xx_hal_spi.cyclo ./Drivers/STM32L4xx_HAL_Driver/Src/stm32l4xx_hal_spi.d ./Drivers/STM32L4xx_HAL_Driver/Src/stm32l4xx_hal_spi.o ./Drivers/STM32L4xx_HAL_Driver/Src/stm32l4xx_hal_spi.su ./Drivers/STM32L4xx_HAL_Driver/Src/stm32l4xx_hal_spi_ex.cyclo ./Drivers/STM32L4xx_HAL_Driver/Src/stm32l4xx_hal_spi_ex.d ./Drivers/STM32L4xx_HAL_Driver/Src/stm32l4xx_hal_spi_ex.o ./Drivers/STM32L4xx_HAL_Driver/Src/stm32l4xx_hal_spi_ex.su ./Drivers/STM32L4xx_HAL_Driver/Src/stm32l4xx_hal_tim.cyclo ./Drivers/STM32L4xx_HAL_Driver/Src/stm32l4xx_hal_tim.d ./Drivers/STM32L4xx_HAL_Driver/Src/stm32l4xx_hal_tim.o ./Drivers/STM32L4xx_HAL_Driver/Src/stm32l4xx_hal_tim.su ./Drivers/STM32L4xx_HAL_Driver/Src/stm32l4xx_hal_tim_ex.cyclo ./Drivers/STM32L4xx_HAL_Driver/Src/stm32l4xx_hal_tim_ex.d ./Drivers/STM32L4xx_HAL_Driver/Src/stm32l4xx_hal_tim_ex.o ./Drivers/STM32L4xx_HAL_Driver/Src/stm32l4xx_hal_tim_ex.su ./Drivers/STM32L4xx_HAL_Driver/Src/stm32l4xx_hal_uart.cyclo ./Drivers/STM32L4xx_HAL_Driver/Src/stm32l4xx_hal_uart.d ./Drivers/STM32L4xx_HAL_Driver/Src/stm32l4xx_hal_uart.o
rm -rf ./Drivers/BSP/Components/wm8994/wm8994.cyclo ./Drivers/BSP/Components/wm8994/wm8994.d ./Drivers/BSP/Components/wm8994/wm8994.o ./Drivers/BSP/Components/wm8994/wm8994.su
rm -rf ./Drivers/BSP/Components/stmpe811/stmpe811.cyclo ./Drivers/BSP/Components/stmpe811/stmpe811.d ./Drivers/BSP/Components/stmpe811/stmpe811.o ./Drivers/BSP/Components/stmpe811/stmpe811.su
rm -rf ./Drivers/BSP/Components/stmpe1600/stmpe1600.cyclo ./Drivers/BSP/Components/stmpe1600/stmpe1600.d ./Drivers/BSP/Components/stmpe1600/stmpe1600.o ./Drivers/BSP/Components/stmpe1600/stmpe1600.su
rm -rf ./Drivers/BSP/Components/st7789h2/st7789h2.cyclo ./Drivers/BSP/Components/st7789h2/st7789h2.d ./Drivers/BSP/Components/st7789h2/st7789h2.o ./Drivers/BSP/Components/st7789h2/st7789h2.su
rm -rf ./Drivers/BSP/Components/st7735/st7735.cyclo ./Drivers/BSP/Components/st7735/st7735.d ./Drivers/BSP/Components/st7735/st7735.o ./Drivers/BSP/Components/st7735/st7735.su
rm -rf ./Drivers/BSP/Components/st25dv/st25dv.cyclo ./Drivers/BSP/Components/st25dv/st25dv.d ./Drivers/BSP/Components/st25dv/st25dv.o ./Drivers/BSP/Components/st25dv/st25dv.su ./Drivers/BSP/Components/st25dv/st25dv_reg.cyclo ./Drivers/BSP/Components/st25dv/st25dv_reg.d ./Drivers/BSP/Components/st25dv/st25dv_reg.o ./Drivers/BSP/Components/st25dv/st25dv_reg.su
rm -rf ./Drivers/BSP/Components/ov9655/ov9655.cyclo ./Drivers/BSP/Components/ov9655/ov9655.d ./Drivers/BSP/Components/ov9655/ov9655.o ./Drivers/BSP/Components/ov9655/ov9655.su
rm -rf ./Drivers/BSP/Components/mfxstm32l152/mfxstm32l152.cyclo ./Drivers/BSP/Components/mfxstm32l152/mfxstm32l152.d ./Drivers/BSP/Components/mfxstm32l152/mfxstm32l152.o ./Drivers/BSP/Components/mfxstm32l152/mfxstm32l152.su
rm -rf ./Drivers/BSP/Components/m24sr/m24sr.cyclo ./Drivers/BSP/Components/m24sr/m24sr.d ./Drivers/BSP/Components/m24sr/m24sr.o ./Drivers/BSP/Components/m24sr/m24sr.su
rm -rf ./Drivers/BSP/Components/lsm6dsl/lsm6dsl.cyclo ./Drivers/BSP/Components/lsm6dsl/lsm6dsl.d ./Drivers/BSP/Components/lsm6dsl/lsm6dsl.o ./Drivers/BSP/Components/lsm6dsl/lsm6dsl.su
rm -rf ./Drivers/BSP/Components/lsm303dlhc/lsm303dlhc.cyclo ./Drivers/BSP/Components/lsm303dlhc/lsm303dlhc.d ./Drivers/BSP/Components/lsm303dlhc/lsm303dlhc.o ./Drivers/BSP/Components/lsm303dlhc/lsm303dlhc.su
rm -rf ./Drivers/BSP/Components/lsm303c/lsm303c.cyclo ./Drivers/BSP/Components/lsm303c/lsm303c.d ./Drivers/BSP/Components/lsm303c/lsm303c.o ./Drivers/BSP/Components/lsm303c/lsm303c.su
rm -rf ./Drivers/BSP/Components/ls016b8uy/ls016b8uy.cyclo ./Drivers/BSP/Components/ls016b8uy/ls016b8uy.d ./Drivers/BSP/Components/ls016b8uy/ls016b8uy.o ./Drivers/BSP/Components/ls016b8uy/ls016b8uy.su
rm -rf ./Drivers/BSP/Components/lps22hb/lps22hb.cyclo ./Drivers/BSP/Components/lps22hb/lps22hb.d ./Drivers/BSP/Components/lps22hb/lps22hb.o ./Drivers/BSP/Components/lps22hb/lps22hb.su
rm -rf ./Drivers/BSP/Components/lis3mdl/lis3mdl.cyclo ./Drivers/BSP/Components/lis3mdl/lis3mdl.d ./Drivers/BSP/Components/lis3mdl/lis3mdl.o ./Drivers/BSP/Components/lis3mdl/lis3mdl.su
rm -rf ./Drivers/BSP/Components/l3gd20/l3gd20.cyclo ./Drivers/BSP/Components/l3gd20/l3gd20.d ./Drivers/BSP/Components/l3gd20/l3gd20.o ./Drivers/BSP/Components/l3gd20/l3gd20.su
rm -rf ./Drivers/BSP/Components/hx8347i/hx8347i.cyclo ./Drivers/BSP/Components/hx8347i/hx8347i.d ./Drivers/BSP/Components/hx8347i/hx8347i.o ./Drivers/BSP/Components/hx8347i/hx8347i.su
rm -rf ./Drivers/BSP/Components/hx8347g/hx8347g.cyclo ./Drivers/BSP/Components/hx8347g/hx8347g.d ./Drivers/BSP/Components/hx8347g/hx8347g.o ./Drivers/BSP/Components/hx8347g/hx8347g.su
rm -rf ./Drivers/BSP/Components/hts221/hts221.cyclo ./Drivers/BSP/Components/hts221/hts221.d ./Drivers/BSP/Components/hts221/hts221.o ./Drivers/BSP/Components/hts221/hts221.su
rm -rf ./Drivers/BSP/Components/ft6x06/ft6x06.cyclo ./Drivers/BSP/Components/ft6x06/ft6x06.d ./Drivers/BSP/Components/ft6x06/ft6x06.o ./Drivers/BSP/Components/ft6x06/ft6x06.su
rm -rf ./Drivers/BSP/Components/ft5336/ft5336.cyclo ./Drivers/BSP/Components/ft5336/ft5336.d ./Drivers/BSP/Components/ft5336/ft5336.o ./Drivers/BSP/Components/ft5336/ft5336.su
rm -rf ./Drivers/BSP/Components/ft3x67/ft3x67.cyclo ./Drivers/BSP/Components/ft3x67/ft3x67.d ./Drivers/BSP/Components/ft3x67/ft3x67.o ./Drivers/BSP/Components/ft3x67/ft3x67.su
rm -rf ./Drivers/BSP/Components/cy8c4014lqi/cy8c4014lqi.cyclo ./Drivers/BSP/Components/cy8c4014lqi/cy8c4014lqi.d ./Drivers/BSP/Components/cy8c4014lqi/cy8c4014lqi.o ./Drivers/BSP/Components/cy8c4014lqi/cy8c4014lqi.su
rm -rf ./Drivers/BSP/Components/cs43l22/cs43l22.cyclo ./Drivers/BSP/Components/cs43l22/cs43l22.d ./Drivers/BSP/Components/cs43l22/cs43l22.o ./Drivers/BSP/Components/cs43l22/cs43l22.su
rm -rf ./Drivers/BSP/Components/cs42l51/cs42l51.cyclo ./Drivers/BSP/Components/cs42l51/cs42l51.d ./Drivers/BSP/Components/cs42l51/cs42l51.o ./Drivers/BSP/Components/cs42l51/cs42l51.su
rm -rf ./Drivers/BSP/B-L475E-IOT01/stm32l475e_iot01.cyclo ./Drivers/BSP/B-L475E-IOT01/stm32l475e_iot01.d ./Drivers/BSP/B-L475E-IOT01/stm32l475e_iot01.o ./Drivers/BSP/B-L475E-IOT01/stm32l475e_iot01.su ./Drivers/BSP/B-L475E-IOT01/stm32l475e_iot01_accelero.cyclo ./Drivers/BSP/B-L475E-IOT01/stm32l475e_iot01_accelero.d ./Drivers/BSP/B-L475E-IOT01/stm32l475e_iot01_accelero.o ./Drivers/BSP/B-L475E-IOT01/stm32l475e_iot01_accelero.su ./Drivers/BSP/B-L475E-IOT01/stm32l475e_iot01_gyro.cyclo ./Drivers/BSP/B-L475E-IOT01/stm32l475e_iot01_gyro.d ./Drivers/BSP/B-L475E-IOT01/stm32l475e_iot01_gyro.o ./Drivers/BSP/B-L475E-IOT01/stm32l475e_iot01_gyro.su ./Drivers/BSP/B-L475E-IOT01/stm32l475e_iot01_hsensor.cyclo ./Drivers/BSP/B-L475E-IOT01/stm32l475e_iot01_hsensor.d ./Drivers/BSP/B-L475E-IOT01/stm32l475e_iot01_hsensor.o ./Drivers/BSP/B-L475E-IOT01/stm32l475e_iot01_hsensor.su ./Drivers/BSP/B-L475E-IOT01/stm32l475e_iot01_magneto.cyclo ./Drivers/BSP/B-L475E-IOT01/stm32l475e_iot01_magneto.d ./Drivers/BSP/B-L475E-IOT01/stm32l475e_iot01_magneto.o ./Drivers/BSP/B-L475E-IOT01/stm32l475e_iot01_magneto.su ./Drivers/BSP/B-L475E-IOT01/stm32l475e_iot01_psensor.cyclo ./Drivers/BSP/B-L475E-IOT01/stm32l475e_iot01_psensor.d ./Drivers/BSP/B-L475E-IOT01/stm32l475e_iot01_psensor.o ./Drivers/BSP/B-L475E-IOT01/stm32l475e_iot01_psensor.su ./Drivers/BSP/B-L475E-IOT01/stm32l475e_iot01_qspi.cyclo ./Drivers/BSP/B-L475E-IOT01/stm32l475e_iot01_qspi.d ./Drivers/BSP/B-L475E-IOT01/stm32l475e_iot01_qspi.o ./Drivers/BSP/B-L475E-IOT01/stm32l475e_iot01_qspi.su ./Drivers/BSP/B-L475E-IOT01/stm32l475e_iot01_tsensor.cyclo ./Drivers/BSP/B-L475E-IOT01/stm32l475e_iot01_tsensor.d ./Drivers/BSP/B-L475E-IOT01/stm32l475e_iot01_tsensor.o ./Drivers/BSP/B-L475E-IOT01/stm32l475e_iot01_tsensor.su
rm -rf ./Core/Startup/startup_stm32l475vgtx.d ./Core/Startup/startup_stm32l475vgtx.o
rm -rf ./Core/Src/main.cyclo ./Core/Src/main.d ./Core/Src/main.o ./Core/Src/main.su ./Core/Src/stm32l4xx_hal_msp.cyclo ./Core/Src/stm32l4xx_hal_msp.d ./Core/Src/stm32l4xx_hal_msp.o ./Core/Src/stm32l4xx_hal_msp.su ./Core/Src/stm32l4xx_it.cyclo ./Core/Src/stm32l4xx_it.d ./Core/Src/stm32l4xx_it.o ./Core/Src/stm32l4xx_it.su ./Core/Src/syscalls.cyclo ./Core/Src/syscalls.d ./Core/Src/syscalls.o ./Core/Src/syscalls.su ./Core/Src/sysmem.cyclo ./Core/Src/sysmem.d ./Core/Src/sysmem.o ./Core/Src/sysmem.su ./Core/Src/system_stm32l4xx.cyclo ./Core/Src/system_stm32l4xx.d ./Core/Src/system_stm32l4xx.o ./Core/Src/system_stm32l4xx.su
rm -rf ./Drivers/STM32L4xx_HAL_Driver/Src/stm32l4xx_hal_uart.su ./Drivers/STM32L4xx_HAL_Driver/Src/stm32l4xx_hal_uart_ex.cyclo ./Drivers/STM32L4xx_HAL_Driver/Src/stm32l4xx_hal_uart_ex.d ./Drivers/STM32L4xx_HAL_Driver/Src/stm32l4xx_hal_uart_ex.o ./Drivers/STM32L4xx_HAL_Driver/Src/stm32l4xx_hal_uart_ex.su ./Drivers/STM32L4xx_HAL_Driver/Src/stm32l4xx_ll_usb.cyclo ./Drivers/STM32L4xx_HAL_Driver/Src/stm32l4xx_ll_usb.d ./Drivers/STM32L4xx_HAL_Driver/Src/stm32l4xx_ll_usb.o ./Drivers/STM32L4xx_HAL_Driver/Src/stm32l4xx_ll_usb.su
rm -rf Final.elf Final.list Final.map default.size.stdout
 
16:00:56 **** Build of configuration Debug for project Final ****
make -j12 all 
arm-none-eabi-gcc "../Drivers/STM32L4xx_HAL_Driver/Src/stm32l4xx_hal.c" -mcpu=cortex-m4 -std=gnu11 -g3 -DDEBUG -DUSE_HAL_DRIVER -DSTM32L475xx -c -I../Core/Inc -I../Drivers/STM32L4xx_HAL_Driver/Inc -I../Drivers/STM32L4xx_HAL_Driver/Inc/Legacy -I../Drivers/CMSIS/Device/ST/STM32L4xx/Include -I../Drivers/CMSIS/Include -I"../Drivers/BSP/Components/Common" -I../Drivers/BSP/B-L475E-IOT01 -I"../Drivers/BSP/Components/lsm6dsl" -O0 -ffunction-sections -fdata-sections -Wall -fstack-usage -fcyclomatic-complexity -MMD -MP -MF"Drivers/STM32L4xx_HAL_Driver/Src/stm32l4xx_hal.d" -MT"Drivers/STM32L4xx_HAL_Driver/Src/stm32l4xx_hal.o" --specs=nano.specs -mfpu=fpv4-sp-d16 -mfloat-abi=hard -mthumb -o "Drivers/STM32L4xx_HAL_Driver/Src/stm32l4xx_hal.o"
arm-none-eabi-gcc "../Drivers/STM32L4xx_HAL_Driver/Src/stm32l4xx_hal_adc.c" -mcpu=cortex-m4 -std=gnu11 -g3 -DDEBUG -DUSE_HAL_DRIVER -DSTM32L475xx -c -I../Core/Inc -I../Drivers/STM32L4xx_HAL_Driver/Inc -I../Drivers/STM32L4xx_HAL_Driver/Inc/Legacy -I../Drivers/CMSIS/Device/ST/STM32L4xx/Include -I../Drivers/CMSIS/Include -I"../Drivers/BSP/Components/Common" -I../Drivers/BSP/B-L475E-IOT01 -I"../Drivers/BSP/Components/lsm6dsl" -O0 -ffunction-sections -fdata-sections -Wall -fstack-usage -fcyclomatic-complexity -MMD -MP -MF"Drivers/STM32L4xx_HAL_Driver/Src/stm32l4xx_hal_adc.d" -MT"Drivers/STM32L4xx_HAL_Driver/Src/stm32l4xx_hal_adc.o" --specs=nano.specs -mfpu=fpv4-sp-d16 -mfloat-abi=hard -mthumb -o "Drivers/STM32L4xx_HAL_Driver/Src/stm32l4xx_hal_adc.o"
arm-none-eabi-gcc "../Drivers/STM32L4xx_HAL_Driver/Src/stm32l4xx_hal_adc_ex.c" -mcpu=cortex-m4 -std=gnu11 -g3 -DDEBUG -DUSE_HAL_DRIVER -DSTM32L475xx -c -I../Core/Inc -I../Drivers/STM32L4xx_HAL_Driver/Inc -I../Drivers/STM32L4xx_HAL_Driver/Inc/Legacy -I../Drivers/CMSIS/Device/ST/STM32L4xx/Include -I../Drivers/CMSIS/Include -I"../Drivers/BSP/Components/Common" -I../Drivers/BSP/B-L475E-IOT01 -I"../Drivers/BSP/Components/lsm6dsl" -O0 -ffunction-sections -fdata-sections -Wall -fstack-usage -fcyclomatic-complexity -MMD -MP -MF"Drivers/STM32L4xx_HAL_Driver/Src/stm32l4xx_hal_adc_ex.d" -MT"Drivers/STM32L4xx_HAL_Driver/Src/stm32l4xx_hal_adc_ex.o" --specs=nano.specs -mfpu=fpv4-sp-d16 -mfloat-abi=hard -mthumb -o "Drivers/STM32L4xx_HAL_Driver/Src/stm32l4xx_hal_adc_ex.o"
arm-none-eabi-gcc "../Drivers/STM32L4xx_HAL_Driver/Src/stm32l4xx_hal_cortex.c" -mcpu=cortex-m4 -std=gnu11 -g3 -DDEBUG -DUSE_HAL_DRIVER -DSTM32L475xx -c -I../Core/Inc -I../Drivers/STM32L4xx_HAL_Driver/Inc -I../Drivers/STM32L4xx_HAL_Driver/Inc/Legacy -I../Drivers/CMSIS/Device/ST/STM32L4xx/Include -I../Drivers/CMSIS/Include -I"../Drivers/BSP/Components/Common" -I../Drivers/BSP/B-L475E-IOT01 -I"../Drivers/BSP/Components/lsm6dsl" -O0 -ffunction-sections -fdata-sections -Wall -fstack-usage -fcyclomatic-complexity -MMD -MP -MF"Drivers/STM32L4xx_HAL_Driver/Src/stm32l4xx_hal_cortex.d" -MT"Drivers/STM32L4xx_HAL_Driver/Src/stm32l4xx_hal_cortex.o" --specs=nano.specs -mfpu=fpv4-sp-d16 -mfloat-abi=hard -mthumb -o "Drivers/STM32L4xx_HAL_Driver/Src/stm32l4xx_hal_cortex.o"
arm-none-eabi-gcc "../Drivers/STM32L4xx_HAL_Driver/Src/stm32l4xx_hal_dfsdm.c" -mcpu=cortex-m4 -std=gnu11 -g3 -DDEBUG -DUSE_HAL_DRIVER -DSTM32L475xx -c -I../Core/Inc -I../Drivers/STM32L4xx_HAL_Driver/Inc -I../Drivers/STM32L4xx_HAL_Driver/Inc/Legacy -I../Drivers/CMSIS/Device/ST/STM32L4xx/Include -I../Drivers/CMSIS/Include -I"../Drivers/BSP/Components/Common" -I../Drivers/BSP/B-L475E-IOT01 -I"../Drivers/BSP/Components/lsm6dsl" -O0 -ffunction-sections -fdata-sections -Wall -fstack-usage -fcyclomatic-complexity -MMD -MP -MF"Drivers/STM32L4xx_HAL_Driver/Src/stm32l4xx_hal_dfsdm.d" -MT"Drivers/STM32L4xx_HAL_Driver/Src/stm32l4xx_hal_dfsdm.o" --specs=nano.specs -mfpu=fpv4-sp-d16 -mfloat-abi=hard -mthumb -o "Drivers/STM32L4xx_HAL_Driver/Src/stm32l4xx_hal_dfsdm.o"
arm-none-eabi-gcc "../Drivers/STM32L4xx_HAL_Driver/Src/stm32l4xx_hal_dma.c" -mcpu=cortex-m4 -std=gnu11 -g3 -DDEBUG -DUSE_HAL_DRIVER -DSTM32L475xx -c -I../Core/Inc -I../Drivers/STM32L4xx_HAL_Driver/Inc -I../Drivers/STM32L4xx_HAL_Driver/Inc/Legacy -I../Drivers/CMSIS/Device/ST/STM32L4xx/Include -I../Drivers/CMSIS/Include -I"../Drivers/BSP/Components/Common" -I../Drivers/BSP/B-L475E-IOT01 -I"../Drivers/BSP/Components/lsm6dsl" -O0 -ffunction-sections -fdata-sections -Wall -fstack-usage -fcyclomatic-complexity -MMD -MP -MF"Drivers/STM32L4xx_HAL_Driver/Src/stm32l4xx_hal_dma.d" -MT"Drivers/STM32L4xx_HAL_Driver/Src/stm32l4xx_hal_dma.o" --specs=nano.specs -mfpu=fpv4-sp-d16 -mfloat-abi=hard -mthumb -o "Drivers/STM32L4xx_HAL_Driver/Src/stm32l4xx_hal_dma.o"
arm-none-eabi-gcc "../Drivers/STM32L4xx_HAL_Driver/Src/stm32l4xx_hal_dma_ex.c" -mcpu=cortex-m4 -std=gnu11 -g3 -DDEBUG -DUSE_HAL_DRIVER -DSTM32L475xx -c -I../Core/Inc -I../Drivers/STM32L4xx_HAL_Driver/Inc -I../Drivers/STM32L4xx_HAL_Driver/Inc/Legacy -I../Drivers/CMSIS/Device/ST/STM32L4xx/Include -I../Drivers/CMSIS/Include -I"../Drivers/BSP/Components/Common" -I../Drivers/BSP/B-L475E-IOT01 -I"../Drivers/BSP/Components/lsm6dsl" -O0 -ffunction-sections -fdata-sections -Wall -fstack-usage -fcyclomatic-complexity -MMD -MP -MF"Drivers/STM32L4xx_HAL_Driver/Src/stm32l4xx_hal_dma_ex.d" -MT"Drivers/STM32L4xx_HAL_Driver/Src/stm32l4xx_hal_dma_ex.o" --specs=nano.specs -mfpu=fpv4-sp-d16 -mfloat-abi=hard -mthumb -o "Drivers/STM32L4xx_HAL_Driver/Src/stm32l4xx_hal_dma_ex.o"
arm-none-eabi-gcc "../Drivers/STM32L4xx_HAL_Driver/Src/stm32l4xx_hal_exti.c" -mcpu=cortex-m4 -std=gnu11 -g3 -DDEBUG -DUSE_HAL_DRIVER -DSTM32L475xx -c -I../Core/Inc -I../Drivers/STM32L4xx_HAL_Driver/Inc -I../Drivers/STM32L4xx_HAL_Driver/Inc/Legacy -I../Drivers/CMSIS/Device/ST/STM32L4xx/Include -I../Drivers/CMSIS/Include -I"../Drivers/BSP/Components/Common" -I../Drivers/BSP/B-L475E-IOT01 -I"../Drivers/BSP/Components/lsm6dsl" -O0 -ffunction-sections -fdata-sections -Wall -fstack-usage -fcyclomatic-complexity -MMD -MP -MF"Drivers/STM32L4xx_HAL_Driver/Src/stm32l4xx_hal_exti.d" -MT"Drivers/STM32L4xx_HAL_Driver/Src/stm32l4xx_hal_exti.o" --specs=nano.specs -mfpu=fpv4-sp-d16 -mfloat-abi=hard -mthumb -o "Drivers/STM32L4xx_HAL_Driver/Src/stm32l4xx_hal_exti.o"
arm-none-eabi-gcc "../Drivers/STM32L4xx_HAL_Driver/Src/stm32l4xx_hal_flash.c" -mcpu=cortex-m4 -std=gnu11 -g3 -DDEBUG -DUSE_HAL_DRIVER -DSTM32L475xx -c -I../Core/Inc -I../Drivers/STM32L4xx_HAL_Driver/Inc -I../Drivers/STM32L4xx_HAL_Driver/Inc/Legacy -I../Drivers/CMSIS/Device/ST/STM32L4xx/Include -I../Drivers/CMSIS/Include -I"../Drivers/BSP/Components/Common" -I../Drivers/BSP/B-L475E-IOT01 -I"../Drivers/BSP/Components/lsm6dsl" -O0 -ffunction-sections -fdata-sections -Wall -fstack-usage -fcyclomatic-complexity -MMD -MP -MF"Drivers/STM32L4xx_HAL_Driver/Src/stm32l4xx_hal_flash.d" -MT"Drivers/STM32L4xx_HAL_Driver/Src/stm32l4xx_hal_flash.o" --specs=nano.specs -mfpu=fpv4-sp-d16 -mfloat-abi=hard -mthumb -o "Drivers/STM32L4xx_HAL_Driver/Src/stm32l4xx_hal_flash.o"
arm-none-eabi-gcc "../Drivers/STM32L4xx_HAL_Driver/Src/stm32l4xx_hal_flash_ex.c" -mcpu=cortex-m4 -std=gnu11 -g3 -DDEBUG -DUSE_HAL_DRIVER -DSTM32L475xx -c -I../Core/Inc -I../Drivers/STM32L4xx_HAL_Driver/Inc -I../Drivers/STM32L4xx_HAL_Driver/Inc/Legacy -I../Drivers/CMSIS/Device/ST/STM32L4xx/Include -I../Drivers/CMSIS/Include -I"../Drivers/BSP/Components/Common" -I../Drivers/BSP/B-L475E-IOT01 -I"../Drivers/BSP/Components/lsm6dsl" -O0 -ffunction-sections -fdata-sections -Wall -fstack-usage -fcyclomatic-complexity -MMD -MP -MF"Drivers/STM32L4xx_HAL_Driver/Src/stm32l4xx_hal_flash_ex.d" -MT"Drivers/STM32L4xx_HAL_Driver/Src/stm32l4xx_hal_flash_ex.o" --specs=nano.specs -mfpu=fpv4-sp-d16 -mfloat-abi=hard -mthumb -o "Drivers/STM32L4xx_HAL_Driver/Src/stm32l4xx_hal_flash_ex.o"
arm-none-eabi-gcc "../Drivers/STM32L4xx_HAL_Driver/Src/stm32l4xx_hal_flash_ramfunc.c" -mcpu=cortex-m4 -std=gnu11 -g3 -DDEBUG -DUSE_HAL_DRIVER -DSTM32L475xx -c -I../Core/Inc -I../Drivers/STM32L4xx_HAL_Driver/Inc -I../Drivers/STM32L4xx_HAL_Driver/Inc/Legacy -I../Drivers/CMSIS/Device/ST/STM32L4xx/Include -I../Drivers/CMSIS/Include -I"../Drivers/BSP/Components/Common" -I../Drivers/BSP/B-L475E-IOT01 -I"../Drivers/BSP/Components/lsm6dsl" -O0 -ffunction-sections -fdata-sections -Wall -fstack-usage -fcyclomatic-complexity -MMD -MP -MF"Drivers/STM32L4xx_HAL_Driver/Src/stm32l4xx_hal_flash_ramfunc.d" -MT"Drivers/STM32L4xx_HAL_Driver/Src/stm32l4xx_hal_flash_ramfunc.o" --specs=nano.specs -mfpu=fpv4-sp-d16 -mfloat-abi=hard -mthumb -o "Drivers/STM32L4xx_HAL_Driver/Src/stm32l4xx_hal_flash_ramfunc.o"
arm-none-eabi-gcc "../Drivers/STM32L4xx_HAL_Driver/Src/stm32l4xx_hal_gpio.c" -mcpu=cortex-m4 -std=gnu11 -g3 -DDEBUG -DUSE_HAL_DRIVER -DSTM32L475xx -c -I../Core/Inc -I../Drivers/STM32L4xx_HAL_Driver/Inc -I../Drivers/STM32L4xx_HAL_Driver/Inc/Legacy -I../Drivers/CMSIS/Device/ST/STM32L4xx/Include -I../Drivers/CMSIS/Include -I"../Drivers/BSP/Components/Common" -I../Drivers/BSP/B-L475E-IOT01 -I"../Drivers/BSP/Components/lsm6dsl" -O0 -ffunction-sections -fdata-sections -Wall -fstack-usage -fcyclomatic-complexity -MMD -MP -MF"Drivers/STM32L4xx_HAL_Driver/Src/stm32l4xx_hal_gpio.d" -MT"Drivers/STM32L4xx_HAL_Driver/Src/stm32l4xx_hal_gpio.o" --specs=nano.specs -mfpu=fpv4-sp-d16 -mfloat-abi=hard -mthumb -o "Drivers/STM32L4xx_HAL_Driver/Src/stm32l4xx_hal_gpio.o"
arm-none-eabi-gcc "../Drivers/STM32L4xx_HAL_Driver/Src/stm32l4xx_hal_i2c.c" -mcpu=cortex-m4 -std=gnu11 -g3 -DDEBUG -DUSE_HAL_DRIVER -DSTM32L475xx -c -I../Core/Inc -I../Drivers/STM32L4xx_HAL_Driver/Inc -I../Drivers/STM32L4xx_HAL_Driver/Inc/Legacy -I../Drivers/CMSIS/Device/ST/STM32L4xx/Include -I../Drivers/CMSIS/Include -I"../Drivers/BSP/Components/Common" -I../Drivers/BSP/B-L475E-IOT01 -I"../Drivers/BSP/Components/lsm6dsl" -O0 -ffunction-sections -fdata-sections -Wall -fstack-usage -fcyclomatic-complexity -MMD -MP -MF"Drivers/STM32L4xx_HAL_Driver/Src/stm32l4xx_hal_i2c.d" -MT"Drivers/STM32L4xx_HAL_Driver/Src/stm32l4xx_hal_i2c.o" --specs=nano.specs -mfpu=fpv4-sp-d16 -mfloat-abi=hard -mthumb -o "Drivers/STM32L4xx_HAL_Driver/Src/stm32l4xx_hal_i2c.o"
arm-none-eabi-gcc "../Drivers/STM32L4xx_HAL_Driver/Src/stm32l4xx_hal_i2c_ex.c" -mcpu=cortex-m4 -std=gnu11 -g3 -DDEBUG -DUSE_HAL_DRIVER -DSTM32L475xx -c -I../Core/Inc -I../Drivers/STM32L4xx_HAL_Driver/Inc -I../Drivers/STM32L4xx_HAL_Driver/Inc/Legacy -I../Drivers/CMSIS/Device/ST/STM32L4xx/Include -I../Drivers/CMSIS/Include -I"../Drivers/BSP/Components/Common" -I../Drivers/BSP/B-L475E-IOT01 -I"../Drivers/BSP/Components/lsm6dsl" -O0 -ffunction-sections -fdata-sections -Wall -fstack-usage -fcyclomatic-complexity -MMD -MP -MF"Drivers/STM32L4xx_HAL_Driver/Src/stm32l4xx_hal_i2c_ex.d" -MT"Drivers/STM32L4xx_HAL_Driver/Src/stm32l4xx_hal_i2c_ex.o" --specs=nano.specs -mfpu=fpv4-sp-d16 -mfloat-abi=hard -mthumb -o "Drivers/STM32L4xx_HAL_Driver/Src/stm32l4xx_hal_i2c_ex.o"
arm-none-eabi-gcc "../Drivers/STM32L4xx_HAL_Driver/Src/stm32l4xx_hal_pcd.c" -mcpu=cortex-m4 -std=gnu11 -g3 -DDEBUG -DUSE_HAL_DRIVER -DSTM32L475xx -c -I../Core/Inc -I../Drivers/STM32L4xx_HAL_Driver/Inc -I../Drivers/STM32L4xx_HAL_Driver/Inc/Legacy -I../Drivers/CMSIS/Device/ST/STM32L4xx/Include -I../Drivers/CMSIS/Include -I"../Drivers/BSP/Components/Common" -I../Drivers/BSP/B-L475E-IOT01 -I"../Drivers/BSP/Components/lsm6dsl" -O0 -ffunction-sections -fdata-sections -Wall -fstack-usage -fcyclomatic-complexity -MMD -MP -MF"Drivers/STM32L4xx_HAL_Driver/Src/stm32l4xx_hal_pcd.d" -MT"Drivers/STM32L4xx_HAL_Driver/Src/stm32l4xx_hal_pcd.o" --specs=nano.specs -mfpu=fpv4-sp-d16 -mfloat-abi=hard -mthumb -o "Drivers/STM32L4xx_HAL_Driver/Src/stm32l4xx_hal_pcd.o"
arm-none-eabi-gcc "../Drivers/STM32L4xx_HAL_Driver/Src/stm32l4xx_hal_pcd_ex.c" -mcpu=cortex-m4 -std=gnu11 -g3 -DDEBUG -DUSE_HAL_DRIVER -DSTM32L475xx -c -I../Core/Inc -I../Drivers/STM32L4xx_HAL_Driver/Inc -I../Drivers/STM32L4xx_HAL_Driver/Inc/Legacy -I../Drivers/CMSIS/Device/ST/STM32L4xx/Include -I../Drivers/CMSIS/Include -I"../Drivers/BSP/Components/Common" -I../Drivers/BSP/B-L475E-IOT01 -I"../Drivers/BSP/Components/lsm6dsl" -O0 -ffunction-sections -fdata-sections -Wall -fstack-usage -fcyclomatic-complexity -MMD -MP -MF"Drivers/STM32L4xx_HAL_Driver/Src/stm32l4xx_hal_pcd_ex.d" -MT"Drivers/STM32L4xx_HAL_Driver/Src/stm32l4xx_hal_pcd_ex.o" --specs=nano.specs -mfpu=fpv4-sp-d16 -mfloat-abi=hard -mthumb -o "Drivers/STM32L4xx_HAL_Driver/Src/stm32l4xx_hal_pcd_ex.o"
arm-none-eabi-gcc "../Drivers/STM32L4xx_HAL_Driver/Src/stm32l4xx_hal_pwr.c" -mcpu=cortex-m4 -std=gnu11 -g3 -DDEBUG -DUSE_HAL_DRIVER -DSTM32L475xx -c -I../Core/Inc -I../Drivers/STM32L4xx_HAL_Driver/Inc -I../Drivers/STM32L4xx_HAL_Driver/Inc/Legacy -I../Drivers/CMSIS/Device/ST/STM32L4xx/Include -I../Drivers/CMSIS/Include -I"../Drivers/BSP/Components/Common" -I../Drivers/BSP/B-L475E-IOT01 -I"../Drivers/BSP/Components/lsm6dsl" -O0 -ffunction-sections -fdata-sections -Wall -fstack-usage -fcyclomatic-complexity -MMD -MP -MF"Drivers/STM32L4xx_HAL_Driver/Src/stm32l4xx_hal_pwr.d" -MT"Drivers/STM32L4xx_HAL_Driver/Src/stm32l4xx_hal_pwr.o" --specs=nano.specs -mfpu=fpv4-sp-d16 -mfloat-abi=hard -mthumb -o "Drivers/STM32L4xx_HAL_Driver/Src/stm32l4xx_hal_pwr.o"
arm-none-eabi-gcc "../Drivers/STM32L4xx_HAL_Driver/Src/stm32l4xx_hal_pwr_ex.c" -mcpu=cortex-m4 -std=gnu11 -g3 -DDEBUG -DUSE_HAL_DRIVER -DSTM32L475xx -c -I../Core/Inc -I../Drivers/STM32L4xx_HAL_Driver/Inc -I../Drivers/STM32L4xx_HAL_Driver/Inc/Legacy -I../Drivers/CMSIS/Device/ST/STM32L4xx/Include -I../Drivers/CMSIS/Include -I"../Drivers/BSP/Components/Common" -I../Drivers/BSP/B-L475E-IOT01 -I"../Drivers/BSP/Components/lsm6dsl" -O0 -ffunction-sections -fdata-sections -Wall -fstack-usage -fcyclomatic-complexity -MMD -MP -MF"Drivers/STM32L4xx_HAL_Driver/Src/stm32l4xx_hal_pwr_ex.d" -MT"Drivers/STM32L4xx_HAL_Driver/Src/stm32l4xx_hal_pwr_ex.o" --specs=nano.specs -mfpu=fpv4-sp-d16 -mfloat-abi=hard -mthumb -o "Drivers/STM32L4xx_HAL_Driver/Src/stm32l4xx_hal_pwr_ex.o"
arm-none-eabi-gcc "../Drivers/STM32L4xx_HAL_Driver/Src/stm32l4xx_hal_qspi.c" -mcpu=cortex-m4 -std=gnu11 -g3 -DDEBUG -DUSE_HAL_DRIVER -DSTM32L475xx -c -I../Core/Inc -I../Drivers/STM32L4xx_HAL_Driver/Inc -I../Drivers/STM32L4xx_HAL_Driver/Inc/Legacy -I../Drivers/CMSIS/Device/ST/STM32L4xx/Include -I../Drivers/CMSIS/Include -I"../Drivers/BSP/Components/Common" -I../Drivers/BSP/B-L475E-IOT01 -I"../Drivers/BSP/Components/lsm6dsl" -O0 -ffunction-sections -fdata-sections -Wall -fstack-usage -fcyclomatic-complexity -MMD -MP -MF"Drivers/STM32L4xx_HAL_Driver/Src/stm32l4xx_hal_qspi.d" -MT"Drivers/STM32L4xx_HAL_Driver/Src/stm32l4xx_hal_qspi.o" --specs=nano.specs -mfpu=fpv4-sp-d16 -mfloat-abi=hard -mthumb -o "Drivers/STM32L4xx_HAL_Driver/Src/stm32l4xx_hal_qspi.o"
arm-none-eabi-gcc "../Drivers/STM32L4xx_HAL_Driver/Src/stm32l4xx_hal_rcc.c" -mcpu=cortex-m4 -std=gnu11 -g3 -DDEBUG -DUSE_HAL_DRIVER -DSTM32L475xx -c -I../Core/Inc -I../Drivers/STM32L4xx_HAL_Driver/Inc -I../Drivers/STM32L4xx_HAL_Driver/Inc/Legacy -I../Drivers/CMSIS/Device/ST/STM32L4xx/Include -I../Drivers/CMSIS/Include -I"../Drivers/BSP/Components/Common" -I../Drivers/BSP/B-L475E-IOT01 -I"../Drivers/BSP/Components/lsm6dsl" -O0 -ffunction-sections -fdata-sections -Wall -fstack-usage -fcyclomatic-complexity -MMD -MP -MF"Drivers/STM32L4xx_HAL_Driver/Src/stm32l4xx_hal_rcc.d" -MT"Drivers/STM32L4xx_HAL_Driver/Src/stm32l4xx_hal_rcc.o" --specs=nano.specs -mfpu=fpv4-sp-d16 -mfloat-abi=hard -mthumb -o "Drivers/STM32L4xx_HAL_Driver/Src/stm32l4xx_hal_rcc.o"
arm-none-eabi-gcc "../Drivers/STM32L4xx_HAL_Driver/Src/stm32l4xx_hal_rcc_ex.c" -mcpu=cortex-m4 -std=gnu11 -g3 -DDEBUG -DUSE_HAL_DRIVER -DSTM32L475xx -c -I../Core/Inc -I../Drivers/STM32L4xx_HAL_Driver/Inc -I../Drivers/STM32L4xx_HAL_Driver/Inc/Legacy -I../Drivers/CMSIS/Device/ST/STM32L4xx/Include -I../Drivers/CMSIS/Include -I"../Drivers/BSP/Components/Common" -I../Drivers/BSP/B-L475E-IOT01 -I"../Drivers/BSP/Components/lsm6dsl" -O0 -ffunction-sections -fdata-sections -Wall -fstack-usage -fcyclomatic-complexity -MMD -MP -MF"Drivers/STM32L4xx_HAL_Driver/Src/stm32l4xx_hal_rcc_ex.d" -MT"Drivers/STM32L4xx_HAL_Driver/Src/stm32l4xx_hal_rcc_ex.o" --specs=nano.specs -mfpu=fpv4-sp-d16 -mfloat-abi=hard -mthumb -o "Drivers/STM32L4xx_HAL_Driver/Src/stm32l4xx_hal_rcc_ex.o"
arm-none-eabi-gcc "../Drivers/STM32L4xx_HAL_Driver/Src/stm32l4xx_hal_spi.c" -mcpu=cortex-m4 -std=gnu11 -g3 -DDEBUG -DUSE_HAL_DRIVER -DSTM32L475xx -c -I../Core/Inc -I../Drivers/STM32L4xx_HAL_Driver/Inc -I../Drivers/STM32L4xx_HAL_Driver/Inc/Legacy -I../Drivers/CMSIS/Device/ST/STM32L4xx/Include -I../Drivers/CMSIS/Include -I"../Drivers/BSP/Components/Common" -I../Drivers/BSP/B-L475E-IOT01 -I"../Drivers/BSP/Components/lsm6dsl" -O0 -ffunction-sections -fdata-sections -Wall -fstack-usage -fcyclomatic-complexity -MMD -MP -MF"Drivers/STM32L4xx_HAL_Driver/Src/stm32l4xx_hal_spi.d" -MT"Drivers/STM32L4xx_HAL_Driver/Src/stm32l4xx_hal_spi.o" --specs=nano.specs -mfpu=fpv4-sp-d16 -mfloat-abi=hard -mthumb -o "Drivers/STM32L4xx_HAL_Driver/Src/stm32l4xx_hal_spi.o"
arm-none-eabi-gcc "../Drivers/STM32L4xx_HAL_Driver/Src/stm32l4xx_hal_spi_ex.c" -mcpu=cortex-m4 -std=gnu11 -g3 -DDEBUG -DUSE_HAL_DRIVER -DSTM32L475xx -c -I../Core/Inc -I../Drivers/STM32L4xx_HAL_Driver/Inc -I../Drivers/STM32L4xx_HAL_Driver/Inc/Legacy -I../Drivers/CMSIS/Device/ST/STM32L4xx/Include -I../Drivers/CMSIS/Include -I"../Drivers/BSP/Components/Common" -I../Drivers/BSP/B-L475E-IOT01 -I"../Drivers/BSP/Components/lsm6dsl" -O0 -ffunction-sections -fdata-sections -Wall -fstack-usage -fcyclomatic-complexity -MMD -MP -MF"Drivers/STM32L4xx_HAL_Driver/Src/stm32l4xx_hal_spi_ex.d" -MT"Drivers/STM32L4xx_HAL_Driver/Src/stm32l4xx_hal_spi_ex.o" --specs=nano.specs -mfpu=fpv4-sp-d16 -mfloat-abi=hard -mthumb -o "Drivers/STM32L4xx_HAL_Driver/Src/stm32l4xx_hal_spi_ex.o"
arm-none-eabi-gcc "../Drivers/STM32L4xx_HAL_Driver/Src/stm32l4xx_hal_tim.c" -mcpu=cortex-m4 -std=gnu11 -g3 -DDEBUG -DUSE_HAL_DRIVER -DSTM32L475xx -c -I../Core/Inc -I../Drivers/STM32L4xx_HAL_Driver/Inc -I../Drivers/STM32L4xx_HAL_Driver/Inc/Legacy -I../Drivers/CMSIS/Device/ST/STM32L4xx/Include -I../Drivers/CMSIS/Include -I"../Drivers/BSP/Components/Common" -I../Drivers/BSP/B-L475E-IOT01 -I"../Drivers/BSP/Components/lsm6dsl" -O0 -ffunction-sections -fdata-sections -Wall -fstack-usage -fcyclomatic-complexity -MMD -MP -MF"Drivers/STM32L4xx_HAL_Driver/Src/stm32l4xx_hal_tim.d" -MT"Drivers/STM32L4xx_HAL_Driver/Src/stm32l4xx_hal_tim.o" --specs=nano.specs -mfpu=fpv4-sp-d16 -mfloat-abi=hard -mthumb -o "Drivers/STM32L4xx_HAL_Driver/Src/stm32l4xx_hal_tim.o"
arm-none-eabi-gcc "../Drivers/STM32L4xx_HAL_Driver/Src/stm32l4xx_hal_tim_ex.c" -mcpu=cortex-m4 -std=gnu11 -g3 -DDEBUG -DUSE_HAL_DRIVER -DSTM32L475xx -c -I../Core/Inc -I../Drivers/STM32L4xx_HAL_Driver/Inc -I../Drivers/STM32L4xx_HAL_Driver/Inc/Legacy -I../Drivers/CMSIS/Device/ST/STM32L4xx/Include -I../Drivers/CMSIS/Include -I"../Drivers/BSP/Components/Common" -I../Drivers/BSP/B-L475E-IOT01 -I"../Drivers/BSP/Components/lsm6dsl" -O0 -ffunction-sections -fdata-sections -Wall -fstack-usage -fcyclomatic-complexity -MMD -MP -MF"Drivers/STM32L4xx_HAL_Driver/Src/stm32l4xx_hal_tim_ex.d" -MT"Drivers/STM32L4xx_HAL_Driver/Src/stm32l4xx_hal_tim_ex.o" --specs=nano.specs -mfpu=fpv4-sp-d16 -mfloat-abi=hard -mthumb -o "Drivers/STM32L4xx_HAL_Driver/Src/stm32l4xx_hal_tim_ex.o"
arm-none-eabi-gcc "../Drivers/STM32L4xx_HAL_Driver/Src/stm32l4xx_hal_uart.c" -mcpu=cortex-m4 -std=gnu11 -g3 -DDEBUG -DUSE_HAL_DRIVER -DSTM32L475xx -c -I../Core/Inc -I../Drivers/STM32L4xx_HAL_Driver/Inc -I../Drivers/STM32L4xx_HAL_Driver/Inc/Legacy -I../Drivers/CMSIS/Device/ST/STM32L4xx/Include -I../Drivers/CMSIS/Include -I"../Drivers/BSP/Components/Common" -I../Drivers/BSP/B-L475E-IOT01 -I"../Drivers/BSP/Components/lsm6dsl" -O0 -ffunction-sections -fdata-sections -Wall -fstack-usage -fcyclomatic-complexity -MMD -MP -MF"Drivers/STM32L4xx_HAL_Driver/Src/stm32l4xx_hal_uart.d" -MT"Drivers/STM32L4xx_HAL_Driver/Src/stm32l4xx_hal_uart.o" --specs=nano.specs -mfpu=fpv4-sp-d16 -mfloat-abi=hard -mthumb -o "Drivers/STM32L4xx_HAL_Driver/Src/stm32l4xx_hal_uart.o"
arm-none-eabi-gcc "../Drivers/STM32L4xx_HAL_Driver/Src/stm32l4xx_hal_uart_ex.c" -mcpu=cortex-m4 -std=gnu11 -g3 -DDEBUG -DUSE_HAL_DRIVER -DSTM32L475xx -c -I../Core/Inc -I../Drivers/STM32L4xx_HAL_Driver/Inc -I../Drivers/STM32L4xx_HAL_Driver/Inc/Legacy -I../Drivers/CMSIS/Device/ST/STM32L4xx/Include -I../Drivers/CMSIS/Include -I"../Drivers/BSP/Components/Common" -I../Drivers/BSP/B-L475E-IOT01 -I"../Drivers/BSP/Components/lsm6dsl" -O0 -ffunction-sections -fdata-sections -Wall -fstack-usage -fcyclomatic-complexity -MMD -MP -MF"Drivers/STM32L4xx_HAL_Driver/Src/stm32l4xx_hal_uart_ex.d" -MT"Drivers/STM32L4xx_HAL_Driver/Src/stm32l4xx_hal_uart_ex.o" --specs=nano.specs -mfpu=fpv4-sp-d16 -mfloat-abi=hard -mthumb -o "Drivers/STM32L4xx_HAL_Driver/Src/stm32l4xx_hal_uart_ex.o"
arm-none-eabi-gcc "../Drivers/STM32L4xx_HAL_Driver/Src/stm32l4xx_ll_usb.c" -mcpu=cortex-m4 -std=gnu11 -g3 -DDEBUG -DUSE_HAL_DRIVER -DSTM32L475xx -c -I../Core/Inc -I../Drivers/STM32L4xx_HAL_Driver/Inc -I../Drivers/STM32L4xx_HAL_Driver/Inc/Legacy -I../Drivers/CMSIS/Device/ST/STM32L4xx/Include -I../Drivers/CMSIS/Include -I"../Drivers/BSP/Components/Common" -I../Drivers/BSP/B-L475E-IOT01 -I"../Drivers/BSP/Components/lsm6dsl" -O0 -ffunction-sections -fdata-sections -Wall -fstack-usage -fcyclomatic-complexity -MMD -MP -MF"Drivers/STM32L4xx_HAL_Driver/Src/stm32l4xx_ll_usb.d" -MT"Drivers/STM32L4xx_HAL_Driver/Src/stm32l4xx_ll_usb.o" --specs=nano.specs -mfpu=fpv4-sp-d16 -mfloat-abi=hard -mthumb -o "Drivers/STM32L4xx_HAL_Driver/Src/stm32l4xx_ll_usb.o"
arm-none-eabi-gcc "../Drivers/BSP/Components/wm8994/wm8994.c" -mcpu=cortex-m4 -std=gnu11 -g3 -DDEBUG -DUSE_HAL_DRIVER -DSTM32L475xx -c -I../Core/Inc -I../Drivers/STM32L4xx_HAL_Driver/Inc -I../Drivers/STM32L4xx_HAL_Driver/Inc/Legacy -I../Drivers/CMSIS/Device/ST/STM32L4xx/Include -I../Drivers/CMSIS/Include -I"../Drivers/BSP/Components/Common" -I../Drivers/BSP/B-L475E-IOT01 -I"../Drivers/BSP/Components/lsm6dsl" -O0 -ffunction-sections -fdata-sections -Wall -fstack-usage -fcyclomatic-complexity -MMD -MP -MF"Drivers/BSP/Components/wm8994/wm8994.d" -MT"Drivers/BSP/Components/wm8994/wm8994.o" --specs=nano.specs -mfpu=fpv4-sp-d16 -mfloat-abi=hard -mthumb -o "Drivers/BSP/Components/wm8994/wm8994.o"
arm-none-eabi-gcc "../Drivers/BSP/Components/stmpe811/stmpe811.c" -mcpu=cortex-m4 -std=gnu11 -g3 -DDEBUG -DUSE_HAL_DRIVER -DSTM32L475xx -c -I../Core/Inc -I../Drivers/STM32L4xx_HAL_Driver/Inc -I../Drivers/STM32L4xx_HAL_Driver/Inc/Legacy -I../Drivers/CMSIS/Device/ST/STM32L4xx/Include -I../Drivers/CMSIS/Include -I"../Drivers/BSP/Components/Common" -I../Drivers/BSP/B-L475E-IOT01 -I"../Drivers/BSP/Components/lsm6dsl" -O0 -ffunction-sections -fdata-sections -Wall -fstack-usage -fcyclomatic-complexity -MMD -MP -MF"Drivers/BSP/Components/stmpe811/stmpe811.d" -MT"Drivers/BSP/Components/stmpe811/stmpe811.o" --specs=nano.specs -mfpu=fpv4-sp-d16 -mfloat-abi=hard -mthumb -o "Drivers/BSP/Components/stmpe811/stmpe811.o"
arm-none-eabi-gcc "../Drivers/BSP/Components/stmpe1600/stmpe1600.c" -mcpu=cortex-m4 -std=gnu11 -g3 -DDEBUG -DUSE_HAL_DRIVER -DSTM32L475xx -c -I../Core/Inc -I../Drivers/STM32L4xx_HAL_Driver/Inc -I../Drivers/STM32L4xx_HAL_Driver/Inc/Legacy -I../Drivers/CMSIS/Device/ST/STM32L4xx/Include -I../Drivers/CMSIS/Include -I"../Drivers/BSP/Components/Common" -I../Drivers/BSP/B-L475E-IOT01 -I"../Drivers/BSP/Components/lsm6dsl" -O0 -ffunction-sections -fdata-sections -Wall -fstack-usage -fcyclomatic-complexity -MMD -MP -MF"Drivers/BSP/Components/stmpe1600/stmpe1600.d" -MT"Drivers/BSP/Components/stmpe1600/stmpe1600.o" --specs=nano.specs -mfpu=fpv4-sp-d16 -mfloat-abi=hard -mthumb -o "Drivers/BSP/Components/stmpe1600/stmpe1600.o"
arm-none-eabi-gcc "../Drivers/BSP/Components/st7789h2/st7789h2.c" -mcpu=cortex-m4 -std=gnu11 -g3 -DDEBUG -DUSE_HAL_DRIVER -DSTM32L475xx -c -I../Core/Inc -I../Drivers/STM32L4xx_HAL_Driver/Inc -I../Drivers/STM32L4xx_HAL_Driver/Inc/Legacy -I../Drivers/CMSIS/Device/ST/STM32L4xx/Include -I../Drivers/CMSIS/Include -I"../Drivers/BSP/Components/Common" -I../Drivers/BSP/B-L475E-IOT01 -I"../Drivers/BSP/Components/lsm6dsl" -O0 -ffunction-sections -fdata-sections -Wall -fstack-usage -fcyclomatic-complexity -MMD -MP -MF"Drivers/BSP/Components/st7789h2/st7789h2.d" -MT"Drivers/BSP/Components/st7789h2/st7789h2.o" --specs=nano.specs -mfpu=fpv4-sp-d16 -mfloat-abi=hard -mthumb -o "Drivers/BSP/Components/st7789h2/st7789h2.o"
arm-none-eabi-gcc "../Drivers/BSP/Components/st7735/st7735.c" -mcpu=cortex-m4 -std=gnu11 -g3 -DDEBUG -DUSE_HAL_DRIVER -DSTM32L475xx -c -I../Core/Inc -I../Drivers/STM32L4xx_HAL_Driver/Inc -I../Drivers/STM32L4xx_HAL_Driver/Inc/Legacy -I../Drivers/CMSIS/Device/ST/STM32L4xx/Include -I../Drivers/CMSIS/Include -I"../Drivers/BSP/Components/Common" -I../Drivers/BSP/B-L475E-IOT01 -I"../Drivers/BSP/Components/lsm6dsl" -O0 -ffunction-sections -fdata-sections -Wall -fstack-usage -fcyclomatic-complexity -MMD -MP -MF"Drivers/BSP/Components/st7735/st7735.d" -MT"Drivers/BSP/Components/st7735/st7735.o" --specs=nano.specs -mfpu=fpv4-sp-d16 -mfloat-abi=hard -mthumb -o "Drivers/BSP/Components/st7735/st7735.o"
arm-none-eabi-gcc "../Drivers/BSP/Components/st25dv/st25dv.c" -mcpu=cortex-m4 -std=gnu11 -g3 -DDEBUG -DUSE_HAL_DRIVER -DSTM32L475xx -c -I../Core/Inc -I../Drivers/STM32L4xx_HAL_Driver/Inc -I../Drivers/STM32L4xx_HAL_Driver/Inc/Legacy -I../Drivers/CMSIS/Device/ST/STM32L4xx/Include -I../Drivers/CMSIS/Include -I"../Drivers/BSP/Components/Common" -I../Drivers/BSP/B-L475E-IOT01 -I"../Drivers/BSP/Components/lsm6dsl" -O0 -ffunction-sections -fdata-sections -Wall -fstack-usage -fcyclomatic-complexity -MMD -MP -MF"Drivers/BSP/Components/st25dv/st25dv.d" -MT"Drivers/BSP/Components/st25dv/st25dv.o" --specs=nano.specs -mfpu=fpv4-sp-d16 -mfloat-abi=hard -mthumb -o "Drivers/BSP/Components/st25dv/st25dv.o"
arm-none-eabi-gcc "../Drivers/BSP/Components/st25dv/st25dv_reg.c" -mcpu=cortex-m4 -std=gnu11 -g3 -DDEBUG -DUSE_HAL_DRIVER -DSTM32L475xx -c -I../Core/Inc -I../Drivers/STM32L4xx_HAL_Driver/Inc -I../Drivers/STM32L4xx_HAL_Driver/Inc/Legacy -I../Drivers/CMSIS/Device/ST/STM32L4xx/Include -I../Drivers/CMSIS/Include -I"../Drivers/BSP/Components/Common" -I../Drivers/BSP/B-L475E-IOT01 -I"../Drivers/BSP/Components/lsm6dsl" -O0 -ffunction-sections -fdata-sections -Wall -fstack-usage -fcyclomatic-complexity -MMD -MP -MF"Drivers/BSP/Components/st25dv/st25dv_reg.d" -MT"Drivers/BSP/Components/st25dv/st25dv_reg.o" --specs=nano.specs -mfpu=fpv4-sp-d16 -mfloat-abi=hard -mthumb -o "Drivers/BSP/Components/st25dv/st25dv_reg.o"
arm-none-eabi-gcc "../Drivers/BSP/Components/ov9655/ov9655.c" -mcpu=cortex-m4 -std=gnu11 -g3 -DDEBUG -DUSE_HAL_DRIVER -DSTM32L475xx -c -I../Core/Inc -I../Drivers/STM32L4xx_HAL_Driver/Inc -I../Drivers/STM32L4xx_HAL_Driver/Inc/Legacy -I../Drivers/CMSIS/Device/ST/STM32L4xx/Include -I../Drivers/CMSIS/Include -I"../Drivers/BSP/Components/Common" -I../Drivers/BSP/B-L475E-IOT01 -I"../Drivers/BSP/Components/lsm6dsl" -O0 -ffunction-sections -fdata-sections -Wall -fstack-usage -fcyclomatic-complexity -MMD -MP -MF"Drivers/BSP/Components/ov9655/ov9655.d" -MT"Drivers/BSP/Components/ov9655/ov9655.o" --specs=nano.specs -mfpu=fpv4-sp-d16 -mfloat-abi=hard -mthumb -o "Drivers/BSP/Components/ov9655/ov9655.o"
arm-none-eabi-gcc "../Drivers/BSP/Components/mfxstm32l152/mfxstm32l152.c" -mcpu=cortex-m4 -std=gnu11 -g3 -DDEBUG -DUSE_HAL_DRIVER -DSTM32L475xx -c -I../Core/Inc -I../Drivers/STM32L4xx_HAL_Driver/Inc -I../Drivers/STM32L4xx_HAL_Driver/Inc/Legacy -I../Drivers/CMSIS/Device/ST/STM32L4xx/Include -I../Drivers/CMSIS/Include -I"../Drivers/BSP/Components/Common" -I../Drivers/BSP/B-L475E-IOT01 -I"../Drivers/BSP/Components/lsm6dsl" -O0 -ffunction-sections -fdata-sections -Wall -fstack-usage -fcyclomatic-complexity -MMD -MP -MF"Drivers/BSP/Components/mfxstm32l152/mfxstm32l152.d" -MT"Drivers/BSP/Components/mfxstm32l152/mfxstm32l152.o" --specs=nano.specs -mfpu=fpv4-sp-d16 -mfloat-abi=hard -mthumb -o "Drivers/BSP/Components/mfxstm32l152/mfxstm32l152.o"
arm-none-eabi-gcc "../Drivers/BSP/Components/m24sr/m24sr.c" -mcpu=cortex-m4 -std=gnu11 -g3 -DDEBUG -DUSE_HAL_DRIVER -DSTM32L475xx -c -I../Core/Inc -I../Drivers/STM32L4xx_HAL_Driver/Inc -I../Drivers/STM32L4xx_HAL_Driver/Inc/Legacy -I../Drivers/CMSIS/Device/ST/STM32L4xx/Include -I../Drivers/CMSIS/Include -I"../Drivers/BSP/Components/Common" -I../Drivers/BSP/B-L475E-IOT01 -I"../Drivers/BSP/Components/lsm6dsl" -O0 -ffunction-sections -fdata-sections -Wall -fstack-usage -fcyclomatic-complexity -MMD -MP -MF"Drivers/BSP/Components/m24sr/m24sr.d" -MT"Drivers/BSP/Components/m24sr/m24sr.o" --specs=nano.specs -mfpu=fpv4-sp-d16 -mfloat-abi=hard -mthumb -o "Drivers/BSP/Components/m24sr/m24sr.o"
arm-none-eabi-gcc "../Drivers/BSP/Components/lsm6dsl/lsm6dsl.c" -mcpu=cortex-m4 -std=gnu11 -g3 -DDEBUG -DUSE_HAL_DRIVER -DSTM32L475xx -c -I../Core/Inc -I../Drivers/STM32L4xx_HAL_Driver/Inc -I../Drivers/STM32L4xx_HAL_Driver/Inc/Legacy -I../Drivers/CMSIS/Device/ST/STM32L4xx/Include -I../Drivers/CMSIS/Include -I"../Drivers/BSP/Components/Common" -I../Drivers/BSP/B-L475E-IOT01 -I"../Drivers/BSP/Components/lsm6dsl" -O0 -ffunction-sections -fdata-sections -Wall -fstack-usage -fcyclomatic-complexity -MMD -MP -MF"Drivers/BSP/Components/lsm6dsl/lsm6dsl.d" -MT"Drivers/BSP/Components/lsm6dsl/lsm6dsl.o" --specs=nano.specs -mfpu=fpv4-sp-d16 -mfloat-abi=hard -mthumb -o "Drivers/BSP/Components/lsm6dsl/lsm6dsl.o"
arm-none-eabi-gcc "../Drivers/BSP/Components/lsm303dlhc/lsm303dlhc.c" -mcpu=cortex-m4 -std=gnu11 -g3 -DDEBUG -DUSE_HAL_DRIVER -DSTM32L475xx -c -I../Core/Inc -I../Drivers/STM32L4xx_HAL_Driver/Inc -I../Drivers/STM32L4xx_HAL_Driver/Inc/Legacy -I../Drivers/CMSIS/Device/ST/STM32L4xx/Include -I../Drivers/CMSIS/Include -I"../Drivers/BSP/Components/Common" -I../Drivers/BSP/B-L475E-IOT01 -I"../Drivers/BSP/Components/lsm6dsl" -O0 -ffunction-sections -fdata-sections -Wall -fstack-usage -fcyclomatic-complexity -MMD -MP -MF"Drivers/BSP/Components/lsm303dlhc/lsm303dlhc.d" -MT"Drivers/BSP/Components/lsm303dlhc/lsm303dlhc.o" --specs=nano.specs -mfpu=fpv4-sp-d16 -mfloat-abi=hard -mthumb -o "Drivers/BSP/Components/lsm303dlhc/lsm303dlhc.o"
arm-none-eabi-gcc "../Drivers/BSP/Components/lsm303c/lsm303c.c" -mcpu=cortex-m4 -std=gnu11 -g3 -DDEBUG -DUSE_HAL_DRIVER -DSTM32L475xx -c -I../Core/Inc -I../Drivers/STM32L4xx_HAL_Driver/Inc -I../Drivers/STM32L4xx_HAL_Driver/Inc/Legacy -I../Drivers/CMSIS/Device/ST/STM32L4xx/Include -I../Drivers/CMSIS/Include -I"../Drivers/BSP/Components/Common" -I../Drivers/BSP/B-L475E-IOT01 -I"../Drivers/BSP/Components/lsm6dsl" -O0 -ffunction-sections -fdata-sections -Wall -fstack-usage -fcyclomatic-complexity -MMD -MP -MF"Drivers/BSP/Components/lsm303c/lsm303c.d" -MT"Drivers/BSP/Components/lsm303c/lsm303c.o" --specs=nano.specs -mfpu=fpv4-sp-d16 -mfloat-abi=hard -mthumb -o "Drivers/BSP/Components/lsm303c/lsm303c.o"
../Drivers/BSP/Components/lsm6dsl/lsm6dsl.c: In function 'Lsm6dslAccDrv_SetReadType':
../Drivers/BSP/Components/lsm6dsl/lsm6dsl.c:428:38: warning: assignment to 'void (*)(int16_t *)' {aka 'void (*)(short int *)'} from incompatible pointer type 'void (*)(float *)' [-Wincompatible-pointer-types]
  428 |                 Lsm6dslAccDrv.GetXYZ = LSM6DSL_AccReadXYZ_Float;
      |                                      ^
arm-none-eabi-gcc "../Drivers/BSP/Components/ls016b8uy/ls016b8uy.c" -mcpu=cortex-m4 -std=gnu11 -g3 -DDEBUG -DUSE_HAL_DRIVER -DSTM32L475xx -c -I../Core/Inc -I../Drivers/STM32L4xx_HAL_Driver/Inc -I../Drivers/STM32L4xx_HAL_Driver/Inc/Legacy -I../Drivers/CMSIS/Device/ST/STM32L4xx/Include -I../Drivers/CMSIS/Include -I"../Drivers/BSP/Components/Common" -I../Drivers/BSP/B-L475E-IOT01 -I"../Drivers/BSP/Components/lsm6dsl" -O0 -ffunction-sections -fdata-sections -Wall -fstack-usage -fcyclomatic-complexity -MMD -MP -MF"Drivers/BSP/Components/ls016b8uy/ls016b8uy.d" -MT"Drivers/BSP/Components/ls016b8uy/ls016b8uy.o" --specs=nano.specs -mfpu=fpv4-sp-d16 -mfloat-abi=hard -mthumb -o "Drivers/BSP/Components/ls016b8uy/ls016b8uy.o"
arm-none-eabi-gcc "../Drivers/BSP/Components/lps22hb/lps22hb.c" -mcpu=cortex-m4 -std=gnu11 -g3 -DDEBUG -DUSE_HAL_DRIVER -DSTM32L475xx -c -I../Core/Inc -I../Drivers/STM32L4xx_HAL_Driver/Inc -I../Drivers/STM32L4xx_HAL_Driver/Inc/Legacy -I../Drivers/CMSIS/Device/ST/STM32L4xx/Include -I../Drivers/CMSIS/Include -I"../Drivers/BSP/Components/Common" -I../Drivers/BSP/B-L475E-IOT01 -I"../Drivers/BSP/Components/lsm6dsl" -O0 -ffunction-sections -fdata-sections -Wall -fstack-usage -fcyclomatic-complexity -MMD -MP -MF"Drivers/BSP/Components/lps22hb/lps22hb.d" -MT"Drivers/BSP/Components/lps22hb/lps22hb.o" --specs=nano.specs -mfpu=fpv4-sp-d16 -mfloat-abi=hard -mthumb -o "Drivers/BSP/Components/lps22hb/lps22hb.o"
arm-none-eabi-gcc "../Drivers/BSP/Components/lis3mdl/lis3mdl.c" -mcpu=cortex-m4 -std=gnu11 -g3 -DDEBUG -DUSE_HAL_DRIVER -DSTM32L475xx -c -I../Core/Inc -I../Drivers/STM32L4xx_HAL_Driver/Inc -I../Drivers/STM32L4xx_HAL_Driver/Inc/Legacy -I../Drivers/CMSIS/Device/ST/STM32L4xx/Include -I../Drivers/CMSIS/Include -I"../Drivers/BSP/Components/Common" -I../Drivers/BSP/B-L475E-IOT01 -I"../Drivers/BSP/Components/lsm6dsl" -O0 -ffunction-sections -fdata-sections -Wall -fstack-usage -fcyclomatic-complexity -MMD -MP -MF"Drivers/BSP/Components/lis3mdl/lis3mdl.d" -MT"Drivers/BSP/Components/lis3mdl/lis3mdl.o" --specs=nano.specs -mfpu=fpv4-sp-d16 -mfloat-abi=hard -mthumb -o "Drivers/BSP/Components/lis3mdl/lis3mdl.o"
arm-none-eabi-gcc "../Drivers/BSP/Components/l3gd20/l3gd20.c" -mcpu=cortex-m4 -std=gnu11 -g3 -DDEBUG -DUSE_HAL_DRIVER -DSTM32L475xx -c -I../Core/Inc -I../Drivers/STM32L4xx_HAL_Driver/Inc -I../Drivers/STM32L4xx_HAL_Driver/Inc/Legacy -I../Drivers/CMSIS/Device/ST/STM32L4xx/Include -I../Drivers/CMSIS/Include -I"../Drivers/BSP/Components/Common" -I../Drivers/BSP/B-L475E-IOT01 -I"../Drivers/BSP/Components/lsm6dsl" -O0 -ffunction-sections -fdata-sections -Wall -fstack-usage -fcyclomatic-complexity -MMD -MP -MF"Drivers/BSP/Components/l3gd20/l3gd20.d" -MT"Drivers/BSP/Components/l3gd20/l3gd20.o" --specs=nano.specs -mfpu=fpv4-sp-d16 -mfloat-abi=hard -mthumb -o "Drivers/BSP/Components/l3gd20/l3gd20.o"
arm-none-eabi-gcc "../Drivers/BSP/Components/hx8347i/hx8347i.c" -mcpu=cortex-m4 -std=gnu11 -g3 -DDEBUG -DUSE_HAL_DRIVER -DSTM32L475xx -c -I../Core/Inc -I../Drivers/STM32L4xx_HAL_Driver/Inc -I../Drivers/STM32L4xx_HAL_Driver/Inc/Legacy -I../Drivers/CMSIS/Device/ST/STM32L4xx/Include -I../Drivers/CMSIS/Include -I"../Drivers/BSP/Components/Common" -I../Drivers/BSP/B-L475E-IOT01 -I"../Drivers/BSP/Components/lsm6dsl" -O0 -ffunction-sections -fdata-sections -Wall -fstack-usage -fcyclomatic-complexity -MMD -MP -MF"Drivers/BSP/Components/hx8347i/hx8347i.d" -MT"Drivers/BSP/Components/hx8347i/hx8347i.o" --specs=nano.specs -mfpu=fpv4-sp-d16 -mfloat-abi=hard -mthumb -o "Drivers/BSP/Components/hx8347i/hx8347i.o"
arm-none-eabi-gcc "../Drivers/BSP/Components/hx8347g/hx8347g.c" -mcpu=cortex-m4 -std=gnu11 -g3 -DDEBUG -DUSE_HAL_DRIVER -DSTM32L475xx -c -I../Core/Inc -I../Drivers/STM32L4xx_HAL_Driver/Inc -I../Drivers/STM32L4xx_HAL_Driver/Inc/Legacy -I../Drivers/CMSIS/Device/ST/STM32L4xx/Include -I../Drivers/CMSIS/Include -I"../Drivers/BSP/Components/Common" -I../Drivers/BSP/B-L475E-IOT01 -I"../Drivers/BSP/Components/lsm6dsl" -O0 -ffunction-sections -fdata-sections -Wall -fstack-usage -fcyclomatic-complexity -MMD -MP -MF"Drivers/BSP/Components/hx8347g/hx8347g.d" -MT"Drivers/BSP/Components/hx8347g/hx8347g.o" --specs=nano.specs -mfpu=fpv4-sp-d16 -mfloat-abi=hard -mthumb -o "Drivers/BSP/Components/hx8347g/hx8347g.o"
arm-none-eabi-gcc "../Drivers/BSP/Components/hts221/hts221.c" -mcpu=cortex-m4 -std=gnu11 -g3 -DDEBUG -DUSE_HAL_DRIVER -DSTM32L475xx -c -I../Core/Inc -I../Drivers/STM32L4xx_HAL_Driver/Inc -I../Drivers/STM32L4xx_HAL_Driver/Inc/Legacy -I../Drivers/CMSIS/Device/ST/STM32L4xx/Include -I../Drivers/CMSIS/Include -I"../Drivers/BSP/Components/Common" -I../Drivers/BSP/B-L475E-IOT01 -I"../Drivers/BSP/Components/lsm6dsl" -O0 -ffunction-sections -fdata-sections -Wall -fstack-usage -fcyclomatic-complexity -MMD -MP -MF"Drivers/BSP/Components/hts221/hts221.d" -MT"Drivers/BSP/Components/hts221/hts221.o" --specs=nano.specs -mfpu=fpv4-sp-d16 -mfloat-abi=hard -mthumb -o "Drivers/BSP/Components/hts221/hts221.o"
arm-none-eabi-gcc "../Drivers/BSP/Components/ft6x06/ft6x06.c" -mcpu=cortex-m4 -std=gnu11 -g3 -DDEBUG -DUSE_HAL_DRIVER -DSTM32L475xx -c -I../Core/Inc -I../Drivers/STM32L4xx_HAL_Driver/Inc -I../Drivers/STM32L4xx_HAL_Driver/Inc/Legacy -I../Drivers/CMSIS/Device/ST/STM32L4xx/Include -I../Drivers/CMSIS/Include -I"../Drivers/BSP/Components/Common" -I../Drivers/BSP/B-L475E-IOT01 -I"../Drivers/BSP/Components/lsm6dsl" -O0 -ffunction-sections -fdata-sections -Wall -fstack-usage -fcyclomatic-complexity -MMD -MP -MF"Drivers/BSP/Components/ft6x06/ft6x06.d" -MT"Drivers/BSP/Components/ft6x06/ft6x06.o" --specs=nano.specs -mfpu=fpv4-sp-d16 -mfloat-abi=hard -mthumb -o "Drivers/BSP/Components/ft6x06/ft6x06.o"
arm-none-eabi-gcc "../Drivers/BSP/Components/ft5336/ft5336.c" -mcpu=cortex-m4 -std=gnu11 -g3 -DDEBUG -DUSE_HAL_DRIVER -DSTM32L475xx -c -I../Core/Inc -I../Drivers/STM32L4xx_HAL_Driver/Inc -I../Drivers/STM32L4xx_HAL_Driver/Inc/Legacy -I../Drivers/CMSIS/Device/ST/STM32L4xx/Include -I../Drivers/CMSIS/Include -I"../Drivers/BSP/Components/Common" -I../Drivers/BSP/B-L475E-IOT01 -I"../Drivers/BSP/Components/lsm6dsl" -O0 -ffunction-sections -fdata-sections -Wall -fstack-usage -fcyclomatic-complexity -MMD -MP -MF"Drivers/BSP/Components/ft5336/ft5336.d" -MT"Drivers/BSP/Components/ft5336/ft5336.o" --specs=nano.specs -mfpu=fpv4-sp-d16 -mfloat-abi=hard -mthumb -o "Drivers/BSP/Components/ft5336/ft5336.o"
arm-none-eabi-gcc "../Drivers/BSP/Components/ft3x67/ft3x67.c" -mcpu=cortex-m4 -std=gnu11 -g3 -DDEBUG -DUSE_HAL_DRIVER -DSTM32L475xx -c -I../Core/Inc -I../Drivers/STM32L4xx_HAL_Driver/Inc -I../Drivers/STM32L4xx_HAL_Driver/Inc/Legacy -I../Drivers/CMSIS/Device/ST/STM32L4xx/Include -I../Drivers/CMSIS/Include -I"../Drivers/BSP/Components/Common" -I../Drivers/BSP/B-L475E-IOT01 -I"../Drivers/BSP/Components/lsm6dsl" -O0 -ffunction-sections -fdata-sections -Wall -fstack-usage -fcyclomatic-complexity -MMD -MP -MF"Drivers/BSP/Components/ft3x67/ft3x67.d" -MT"Drivers/BSP/Components/ft3x67/ft3x67.o" --specs=nano.specs -mfpu=fpv4-sp-d16 -mfloat-abi=hard -mthumb -o "Drivers/BSP/Components/ft3x67/ft3x67.o"
arm-none-eabi-gcc "../Drivers/BSP/Components/cy8c4014lqi/cy8c4014lqi.c" -mcpu=cortex-m4 -std=gnu11 -g3 -DDEBUG -DUSE_HAL_DRIVER -DSTM32L475xx -c -I../Core/Inc -I../Drivers/STM32L4xx_HAL_Driver/Inc -I../Drivers/STM32L4xx_HAL_Driver/Inc/Legacy -I../Drivers/CMSIS/Device/ST/STM32L4xx/Include -I../Drivers/CMSIS/Include -I"../Drivers/BSP/Components/Common" -I../Drivers/BSP/B-L475E-IOT01 -I"../Drivers/BSP/Components/lsm6dsl" -O0 -ffunction-sections -fdata-sections -Wall -fstack-usage -fcyclomatic-complexity -MMD -MP -MF"Drivers/BSP/Components/cy8c4014lqi/cy8c4014lqi.d" -MT"Drivers/BSP/Components/cy8c4014lqi/cy8c4014lqi.o" --specs=nano.specs -mfpu=fpv4-sp-d16 -mfloat-abi=hard -mthumb -o "Drivers/BSP/Components/cy8c4014lqi/cy8c4014lqi.o"
arm-none-eabi-gcc "../Drivers/BSP/Components/cs43l22/cs43l22.c" -mcpu=cortex-m4 -std=gnu11 -g3 -DDEBUG -DUSE_HAL_DRIVER -DSTM32L475xx -c -I../Core/Inc -I../Drivers/STM32L4xx_HAL_Driver/Inc -I../Drivers/STM32L4xx_HAL_Driver/Inc/Legacy -I../Drivers/CMSIS/Device/ST/STM32L4xx/Include -I../Drivers/CMSIS/Include -I"../Drivers/BSP/Components/Common" -I../Drivers/BSP/B-L475E-IOT01 -I"../Drivers/BSP/Components/lsm6dsl" -O0 -ffunction-sections -fdata-sections -Wall -fstack-usage -fcyclomatic-complexity -MMD -MP -MF"Drivers/BSP/Components/cs43l22/cs43l22.d" -MT"Drivers/BSP/Components/cs43l22/cs43l22.o" --specs=nano.specs -mfpu=fpv4-sp-d16 -mfloat-abi=hard -mthumb -o "Drivers/BSP/Components/cs43l22/cs43l22.o"
arm-none-eabi-gcc "../Drivers/BSP/Components/cs42l51/cs42l51.c" -mcpu=cortex-m4 -std=gnu11 -g3 -DDEBUG -DUSE_HAL_DRIVER -DSTM32L475xx -c -I../Core/Inc -I../Drivers/STM32L4xx_HAL_Driver/Inc -I../Drivers/STM32L4xx_HAL_Driver/Inc/Legacy -I../Drivers/CMSIS/Device/ST/STM32L4xx/Include -I../Drivers/CMSIS/Include -I"../Drivers/BSP/Components/Common" -I../Drivers/BSP/B-L475E-IOT01 -I"../Drivers/BSP/Components/lsm6dsl" -O0 -ffunction-sections -fdata-sections -Wall -fstack-usage -fcyclomatic-complexity -MMD -MP -MF"Drivers/BSP/Components/cs42l51/cs42l51.d" -MT"Drivers/BSP/Components/cs42l51/cs42l51.o" --specs=nano.specs -mfpu=fpv4-sp-d16 -mfloat-abi=hard -mthumb -o "Drivers/BSP/Components/cs42l51/cs42l51.o"
arm-none-eabi-gcc "../Drivers/BSP/B-L475E-IOT01/stm32l475e_iot01.c" -mcpu=cortex-m4 -std=gnu11 -g3 -DDEBUG -DUSE_HAL_DRIVER -DSTM32L475xx -c -I../Core/Inc -I../Drivers/STM32L4xx_HAL_Driver/Inc -I../Drivers/STM32L4xx_HAL_Driver/Inc/Legacy -I../Drivers/CMSIS/Device/ST/STM32L4xx/Include -I../Drivers/CMSIS/Include -I"../Drivers/BSP/Components/Common" -I../Drivers/BSP/B-L475E-IOT01 -I"../Drivers/BSP/Components/lsm6dsl" -O0 -ffunction-sections -fdata-sections -Wall -fstack-usage -fcyclomatic-complexity -MMD -MP -MF"Drivers/BSP/B-L475E-IOT01/stm32l475e_iot01.d" -MT"Drivers/BSP/B-L475E-IOT01/stm32l475e_iot01.o" --specs=nano.specs -mfpu=fpv4-sp-d16 -mfloat-abi=hard -mthumb -o "Drivers/BSP/B-L475E-IOT01/stm32l475e_iot01.o"
arm-none-eabi-gcc "../Drivers/BSP/B-L475E-IOT01/stm32l475e_iot01_accelero.c" -mcpu=cortex-m4 -std=gnu11 -g3 -DDEBUG -DUSE_HAL_DRIVER -DSTM32L475xx -c -I../Core/Inc -I../Drivers/STM32L4xx_HAL_Driver/Inc -I../Drivers/STM32L4xx_HAL_Driver/Inc/Legacy -I../Drivers/CMSIS/Device/ST/STM32L4xx/Include -I../Drivers/CMSIS/Include -I"../Drivers/BSP/Components/Common" -I../Drivers/BSP/B-L475E-IOT01 -I"../Drivers/BSP/Components/lsm6dsl" -O0 -ffunction-sections -fdata-sections -Wall -fstack-usage -fcyclomatic-complexity -MMD -MP -MF"Drivers/BSP/B-L475E-IOT01/stm32l475e_iot01_accelero.d" -MT"Drivers/BSP/B-L475E-IOT01/stm32l475e_iot01_accelero.o" --specs=nano.specs -mfpu=fpv4-sp-d16 -mfloat-abi=hard -mthumb -o "Drivers/BSP/B-L475E-IOT01/stm32l475e_iot01_accelero.o"
arm-none-eabi-gcc "../Drivers/BSP/B-L475E-IOT01/stm32l475e_iot01_gyro.c" -mcpu=cortex-m4 -std=gnu11 -g3 -DDEBUG -DUSE_HAL_DRIVER -DSTM32L475xx -c -I../Core/Inc -I../Drivers/STM32L4xx_HAL_Driver/Inc -I../Drivers/STM32L4xx_HAL_Driver/Inc/Legacy -I../Drivers/CMSIS/Device/ST/STM32L4xx/Include -I../Drivers/CMSIS/Include -I"../Drivers/BSP/Components/Common" -I../Drivers/BSP/B-L475E-IOT01 -I"../Drivers/BSP/Components/lsm6dsl" -O0 -ffunction-sections -fdata-sections -Wall -fstack-usage -fcyclomatic-complexity -MMD -MP -MF"Drivers/BSP/B-L475E-IOT01/stm32l475e_iot01_gyro.d" -MT"Drivers/BSP/B-L475E-IOT01/stm32l475e_iot01_gyro.o" --specs=nano.specs -mfpu=fpv4-sp-d16 -mfloat-abi=hard -mthumb -o "Drivers/BSP/B-L475E-IOT01/stm32l475e_iot01_gyro.o"
arm-none-eabi-gcc "../Drivers/BSP/B-L475E-IOT01/stm32l475e_iot01_hsensor.c" -mcpu=cortex-m4 -std=gnu11 -g3 -DDEBUG -DUSE_HAL_DRIVER -DSTM32L475xx -c -I../Core/Inc -I../Drivers/STM32L4xx_HAL_Driver/Inc -I../Drivers/STM32L4xx_HAL_Driver/Inc/Legacy -I../Drivers/CMSIS/Device/ST/STM32L4xx/Include -I../Drivers/CMSIS/Include -I"../Drivers/BSP/Components/Common" -I../Drivers/BSP/B-L475E-IOT01 -I"../Drivers/BSP/Components/lsm6dsl" -O0 -ffunction-sections -fdata-sections -Wall -fstack-usage -fcyclomatic-complexity -MMD -MP -MF"Drivers/BSP/B-L475E-IOT01/stm32l475e_iot01_hsensor.d" -MT"Drivers/BSP/B-L475E-IOT01/stm32l475e_iot01_hsensor.o" --specs=nano.specs -mfpu=fpv4-sp-d16 -mfloat-abi=hard -mthumb -o "Drivers/BSP/B-L475E-IOT01/stm32l475e_iot01_hsensor.o"
arm-none-eabi-gcc "../Drivers/BSP/B-L475E-IOT01/stm32l475e_iot01_magneto.c" -mcpu=cortex-m4 -std=gnu11 -g3 -DDEBUG -DUSE_HAL_DRIVER -DSTM32L475xx -c -I../Core/Inc -I../Drivers/STM32L4xx_HAL_Driver/Inc -I../Drivers/STM32L4xx_HAL_Driver/Inc/Legacy -I../Drivers/CMSIS/Device/ST/STM32L4xx/Include -I../Drivers/CMSIS/Include -I"../Drivers/BSP/Components/Common" -I../Drivers/BSP/B-L475E-IOT01 -I"../Drivers/BSP/Components/lsm6dsl" -O0 -ffunction-sections -fdata-sections -Wall -fstack-usage -fcyclomatic-complexity -MMD -MP -MF"Drivers/BSP/B-L475E-IOT01/stm32l475e_iot01_magneto.d" -MT"Drivers/BSP/B-L475E-IOT01/stm32l475e_iot01_magneto.o" --specs=nano.specs -mfpu=fpv4-sp-d16 -mfloat-abi=hard -mthumb -o "Drivers/BSP/B-L475E-IOT01/stm32l475e_iot01_magneto.o"
arm-none-eabi-gcc "../Drivers/BSP/B-L475E-IOT01/stm32l475e_iot01_psensor.c" -mcpu=cortex-m4 -std=gnu11 -g3 -DDEBUG -DUSE_HAL_DRIVER -DSTM32L475xx -c -I../Core/Inc -I../Drivers/STM32L4xx_HAL_Driver/Inc -I../Drivers/STM32L4xx_HAL_Driver/Inc/Legacy -I../Drivers/CMSIS/Device/ST/STM32L4xx/Include -I../Drivers/CMSIS/Include -I"../Drivers/BSP/Components/Common" -I../Drivers/BSP/B-L475E-IOT01 -I"../Drivers/BSP/Components/lsm6dsl" -O0 -ffunction-sections -fdata-sections -Wall -fstack-usage -fcyclomatic-complexity -MMD -MP -MF"Drivers/BSP/B-L475E-IOT01/stm32l475e_iot01_psensor.d" -MT"Drivers/BSP/B-L475E-IOT01/stm32l475e_iot01_psensor.o" --specs=nano.specs -mfpu=fpv4-sp-d16 -mfloat-abi=hard -mthumb -o "Drivers/BSP/B-L475E-IOT01/stm32l475e_iot01_psensor.o"
arm-none-eabi-gcc "../Drivers/BSP/B-L475E-IOT01/stm32l475e_iot01_qspi.c" -mcpu=cortex-m4 -std=gnu11 -g3 -DDEBUG -DUSE_HAL_DRIVER -DSTM32L475xx -c -I../Core/Inc -I../Drivers/STM32L4xx_HAL_Driver/Inc -I../Drivers/STM32L4xx_HAL_Driver/Inc/Legacy -I../Drivers/CMSIS/Device/ST/STM32L4xx/Include -I../Drivers/CMSIS/Include -I"../Drivers/BSP/Components/Common" -I../Drivers/BSP/B-L475E-IOT01 -I"../Drivers/BSP/Components/lsm6dsl" -O0 -ffunction-sections -fdata-sections -Wall -fstack-usage -fcyclomatic-complexity -MMD -MP -MF"Drivers/BSP/B-L475E-IOT01/stm32l475e_iot01_qspi.d" -MT"Drivers/BSP/B-L475E-IOT01/stm32l475e_iot01_qspi.o" --specs=nano.specs -mfpu=fpv4-sp-d16 -mfloat-abi=hard -mthumb -o "Drivers/BSP/B-L475E-IOT01/stm32l475e_iot01_qspi.o"
arm-none-eabi-gcc "../Drivers/BSP/B-L475E-IOT01/stm32l475e_iot01_tsensor.c" -mcpu=cortex-m4 -std=gnu11 -g3 -DDEBUG -DUSE_HAL_DRIVER -DSTM32L475xx -c -I../Core/Inc -I../Drivers/STM32L4xx_HAL_Driver/Inc -I../Drivers/STM32L4xx_HAL_Driver/Inc/Legacy -I../Drivers/CMSIS/Device/ST/STM32L4xx/Include -I../Drivers/CMSIS/Include -I"../Drivers/BSP/Components/Common" -I../Drivers/BSP/B-L475E-IOT01 -I"../Drivers/BSP/Components/lsm6dsl" -O0 -ffunction-sections -fdata-sections -Wall -fstack-usage -fcyclomatic-complexity -MMD -MP -MF"Drivers/BSP/B-L475E-IOT01/stm32l475e_iot01_tsensor.d" -MT"Drivers/BSP/B-L475E-IOT01/stm32l475e_iot01_tsensor.o" --specs=nano.specs -mfpu=fpv4-sp-d16 -mfloat-abi=hard -mthumb -o "Drivers/BSP/B-L475E-IOT01/stm32l475e_iot01_tsensor.o"
arm-none-eabi-gcc -mcpu=cortex-m4 -g3 -DDEBUG -c -x assembler-with-cpp -MMD -MP -MF"Core/Startup/startup_stm32l475vgtx.d" -MT"Core/Startup/startup_stm32l475vgtx.o" --specs=nano.specs -mfpu=fpv4-sp-d16 -mfloat-abi=hard -mthumb -o "Core/Startup/startup_stm32l475vgtx.o" "../Core/Startup/startup_stm32l475vgtx.s"
arm-none-eabi-gcc "../Core/Src/main.c" -mcpu=cortex-m4 -std=gnu11 -g3 -DDEBUG -DUSE_HAL_DRIVER -DSTM32L475xx -c -I../Core/Inc -I../Drivers/STM32L4xx_HAL_Driver/Inc -I../Drivers/STM32L4xx_HAL_Driver/Inc/Legacy -I../Drivers/CMSIS/Device/ST/STM32L4xx/Include -I../Drivers/CMSIS/Include -I"../Drivers/BSP/Components/Common" -I../Drivers/BSP/B-L475E-IOT01 -I"../Drivers/BSP/Components/lsm6dsl" -O0 -ffunction-sections -fdata-sections -Wall -fstack-usage -fcyclomatic-complexity -MMD -MP -MF"Core/Src/main.d" -MT"Core/Src/main.o" --specs=nano.specs -mfpu=fpv4-sp-d16 -mfloat-abi=hard -mthumb -o "Core/Src/main.o"
arm-none-eabi-gcc "../Core/Src/stm32l4xx_hal_msp.c" -mcpu=cortex-m4 -std=gnu11 -g3 -DDEBUG -DUSE_HAL_DRIVER -DSTM32L475xx -c -I../Core/Inc -I../Drivers/STM32L4xx_HAL_Driver/Inc -I../Drivers/STM32L4xx_HAL_Driver/Inc/Legacy -I../Drivers/CMSIS/Device/ST/STM32L4xx/Include -I../Drivers/CMSIS/Include -I"../Drivers/BSP/Components/Common" -I../Drivers/BSP/B-L475E-IOT01 -I"../Drivers/BSP/Components/lsm6dsl" -O0 -ffunction-sections -fdata-sections -Wall -fstack-usage -fcyclomatic-complexity -MMD -MP -MF"Core/Src/stm32l4xx_hal_msp.d" -MT"Core/Src/stm32l4xx_hal_msp.o" --specs=nano.specs -mfpu=fpv4-sp-d16 -mfloat-abi=hard -mthumb -o "Core/Src/stm32l4xx_hal_msp.o"
arm-none-eabi-gcc "../Core/Src/stm32l4xx_it.c" -mcpu=cortex-m4 -std=gnu11 -g3 -DDEBUG -DUSE_HAL_DRIVER -DSTM32L475xx -c -I../Core/Inc -I../Drivers/STM32L4xx_HAL_Driver/Inc -I../Drivers/STM32L4xx_HAL_Driver/Inc/Legacy -I../Drivers/CMSIS/Device/ST/STM32L4xx/Include -I../Drivers/CMSIS/Include -I"../Drivers/BSP/Components/Common" -I../Drivers/BSP/B-L475E-IOT01 -I"../Drivers/BSP/Components/lsm6dsl" -O0 -ffunction-sections -fdata-sections -Wall -fstack-usage -fcyclomatic-complexity -MMD -MP -MF"Core/Src/stm32l4xx_it.d" -MT"Core/Src/stm32l4xx_it.o" --specs=nano.specs -mfpu=fpv4-sp-d16 -mfloat-abi=hard -mthumb -o "Core/Src/stm32l4xx_it.o"
../Drivers/BSP/B-L475E-IOT01/stm32l475e_iot01_accelero.c: In function 'BSP_ACCELERO_AccGetXYZ_Float':
../Drivers/BSP/B-L475E-IOT01/stm32l475e_iot01_accelero.c:143:34: warning: passing argument 1 of 'AccelerometerDrv->GetXYZ' from incompatible pointer type [-Wincompatible-pointer-types]
  143 |         AccelerometerDrv->GetXYZ(pDataXYZ);
      |                                  ^~~~~~~~
      |                                  |
      |                                  float *
../Drivers/BSP/B-L475E-IOT01/stm32l475e_iot01_accelero.c:143:34: note: expected 'int16_t *' {aka 'short int *'} but argument is of type 'float *'
arm-none-eabi-gcc "../Core/Src/syscalls.c" -mcpu=cortex-m4 -std=gnu11 -g3 -DDEBUG -DUSE_HAL_DRIVER -DSTM32L475xx -c -I../Core/Inc -I../Drivers/STM32L4xx_HAL_Driver/Inc -I../Drivers/STM32L4xx_HAL_Driver/Inc/Legacy -I../Drivers/CMSIS/Device/ST/STM32L4xx/Include -I../Drivers/CMSIS/Include -I"../Drivers/BSP/Components/Common" -I../Drivers/BSP/B-L475E-IOT01 -I"../Drivers/BSP/Components/lsm6dsl" -O0 -ffunction-sections -fdata-sections -Wall -fstack-usage -fcyclomatic-complexity -MMD -MP -MF"Core/Src/syscalls.d" -MT"Core/Src/syscalls.o" --specs=nano.specs -mfpu=fpv4-sp-d16 -mfloat-abi=hard -mthumb -o "Core/Src/syscalls.o"
../Core/Src/main.c: In function 'HAL_TIM_PeriodElapsedCallback':
../Core/Src/main.c:932:11: warning: implicit declaration of function 'AcceleroParser' [-Wimplicit-function-declaration]
  932 |           AcceleroParser();
      |           ^~~~~~~~~~~~~~
../Core/Src/main.c: At top level:
../Core/Src/main.c:1030:6: warning: conflicting types for 'AcceleroParser'; have 'void()'
 1030 | void AcceleroParser(){
      |      ^~~~~~~~~~~~~~
../Core/Src/main.c:932:11: note: previous implicit declaration of 'AcceleroParser' with type 'void()'
  932 |           AcceleroParser();
      |           ^~~~~~~~~~~~~~
arm-none-eabi-gcc "../Core/Src/sysmem.c" -mcpu=cortex-m4 -std=gnu11 -g3 -DDEBUG -DUSE_HAL_DRIVER -DSTM32L475xx -c -I../Core/Inc -I../Drivers/STM32L4xx_HAL_Driver/Inc -I../Drivers/STM32L4xx_HAL_Driver/Inc/Legacy -I../Drivers/CMSIS/Device/ST/STM32L4xx/Include -I../Drivers/CMSIS/Include -I"../Drivers/BSP/Components/Common" -I../Drivers/BSP/B-L475E-IOT01 -I"../Drivers/BSP/Components/lsm6dsl" -O0 -ffunction-sections -fdata-sections -Wall -fstack-usage -fcyclomatic-complexity -MMD -MP -MF"Core/Src/sysmem.d" -MT"Core/Src/sysmem.o" --specs=nano.specs -mfpu=fpv4-sp-d16 -mfloat-abi=hard -mthumb -o "Core/Src/sysmem.o"
arm-none-eabi-gcc "../Core/Src/system_stm32l4xx.c" -mcpu=cortex-m4 -std=gnu11 -g3 -DDEBUG -DUSE_HAL_DRIVER -DSTM32L475xx -c -I../Core/Inc -I../Drivers/STM32L4xx_HAL_Driver/Inc -I../Drivers/STM32L4xx_HAL_Driver/Inc/Legacy -I../Drivers/CMSIS/Device/ST/STM32L4xx/Include -I../Drivers/CMSIS/Include -I"../Drivers/BSP/Components/Common" -I../Drivers/BSP/B-L475E-IOT01 -I"../Drivers/BSP/Components/lsm6dsl" -O0 -ffunction-sections -fdata-sections -Wall -fstack-usage -fcyclomatic-complexity -MMD -MP -MF"Core/Src/system_stm32l4xx.d" -MT"Core/Src/system_stm32l4xx.o" --specs=nano.specs -mfpu=fpv4-sp-d16 -mfloat-abi=hard -mthumb -o "Core/Src/system_stm32l4xx.o"
arm-none-eabi-gcc -o "Final.elf" @"objects.list"   -mcpu=cortex-m4 -T"C:\Users\a\Desktop\es\NTUEE-ES-2024-fall\Final\STM32L475VGTX_FLASH.ld" --specs=nosys.specs -Wl,-Map="Final.map" -Wl,--gc-sections -static --specs=nano.specs -mfpu=fpv4-sp-d16 -mfloat-abi=hard -mthumb -u _printf_float -u _scanf_float -Wl,--start-group -lc -lm -Wl,--end-group
Finished building target: Final.elf
 
arm-none-eabi-size  Final.elf 
arm-none-eabi-objdump -h -S Final.elf  > "Final.list"
   text	   data	    bss	    dec	    hex	filename
  62364	    528	   4248	  67140	  10644	Final.elf
Finished building: default.size.stdout
 
Finished building: Final.list
 
