../Core/Src/main.c:115:5:main	8	static
../Core/Src/main.c:204:6:SystemClock_Config	96	static
../Core/Src/main.c:265:13:MX_DFSDM1_Init	8	static
../Core/Src/main.c:303:13:MX_I2C2_Init	8	static
../Core/Src/main.c:351:13:MX_QUADSPI_Init	8	static
../Core/Src/main.c:384:13:MX_USART3_UART_Init	8	static
../Core/Src/main.c:419:13:MX_USB_OTG_FS_PCD_Init	8	static
../Core/Src/main.c:454:13:MX_GPIO_Init	48	static
../Core/Src/main.c:645:6:StartTask_BLE	16	static
../Core/Src/main.c:664:6:StartTask_ACC	32	static
../Core/Src/main.c:697:6:Error_Handler	4	static,ignoring_inline_asm
